Component: ARM Compiler 5.06 update 2 (build 183) Tool: armlink [4d35b7]

==============================================================================

Section Cross References

    app.o(i.ble_device_on_disconnect) refers to bluenrg_sdk_api.o(i.ble_device_start_advertising) for ble_device_start_advertising
    app.o(i.ble_device_on_message) refers to bluenrg_sdk_api.o(i.ble_device_send) for ble_device_send
    app.o(i.on_ready) refers to bluenrg_sdk_api.o(i.ble_set_adv_param) for ble_set_adv_param
    app.o(i.on_ready) refers to bluenrg_sdk_api.o(i.ble_device_start_advertising) for ble_device_start_advertising
    app.o(i.on_ready) refers to app.o(.data) for adv_address
    app.o(.data) refers to app.o(.conststring) for .conststring
    main.o(i.main) refers to bsp_common.o(i.bsp_init) for bsp_init
    main.o(i.main) refers to dispatch.o(i.dispatch_init) for dispatch_init
    main.o(i.main) refers to app.o(i.on_ready) for on_ready
    main.o(i.main) refers to hci.o(i.HCI_Process) for HCI_Process
    main.o(i.main) refers to dispatch.o(i.dispatch) for dispatch
    main.o(i.main) refers to main.o(i.loop) for loop
    bluenrg_sdk_api.o(i.Add_Service) refers to bluenrg_gatt_aci.o(i.aci_gatt_add_serv) for aci_gatt_add_serv
    bluenrg_sdk_api.o(i.Add_Service) refers to bluenrg_gatt_aci.o(i.aci_gatt_add_char) for aci_gatt_add_char
    bluenrg_sdk_api.o(i.Add_Service) refers to bluenrg_sdk_api.o(.data) for BLueNrgServHandle
    bluenrg_sdk_api.o(i.HCI_Event_CB) refers to bluenrg_sdk_api.o(i.GAP_DisconnectionComplete_CB) for GAP_DisconnectionComplete_CB
    bluenrg_sdk_api.o(i.HCI_Event_CB) refers to app.o(i.ble_device_on_disconnect) for ble_device_on_disconnect
    bluenrg_sdk_api.o(i.HCI_Event_CB) refers to app.o(i.ble_device_on_connect) for ble_device_on_connect
    bluenrg_sdk_api.o(i.HCI_Event_CB) refers to bluenrg_sdk_api.o(i.connection_information) for connection_information
    bluenrg_sdk_api.o(i.HCI_Event_CB) refers to bluenrg_sdk_api.o(i.GAP_ConnectionComplete_CB) for GAP_ConnectionComplete_CB
    bluenrg_sdk_api.o(i.HCI_Event_CB) refers to app.o(i.ble_device_on_message) for ble_device_on_message
    bluenrg_sdk_api.o(i.HCI_Event_CB) refers to bluenrg_sdk_api.o(i.GATT_Notification_CB) for GATT_Notification_CB
    bluenrg_sdk_api.o(i.HCI_Event_CB) refers to bluenrg_sdk_api.o(i.Read_Request_CB) for Read_Request_CB
    bluenrg_sdk_api.o(i.HCI_Event_CB) refers to bluenrg_sdk_api.o(.data) for notification_enabled
    bluenrg_sdk_api.o(i.Read_Request_CB) refers to bluenrg_gatt_aci.o(i.aci_gatt_allow_read) for aci_gatt_allow_read
    bluenrg_sdk_api.o(i.Read_Request_CB) refers to bluenrg_sdk_api.o(.data) for connection_handle
    bluenrg_sdk_api.o(i.ble_address) refers to bluenrg_hal_aci.o(i.aci_hal_write_config_data) for aci_hal_write_config_data
    bluenrg_sdk_api.o(i.ble_device_send) refers to memcpy.o(.text) for __aeabi_memcpy
    bluenrg_sdk_api.o(i.ble_device_send) refers to bluenrg_gatt_aci.o(i.aci_gatt_update_char_value) for aci_gatt_update_char_value
    bluenrg_sdk_api.o(i.ble_device_send) refers to bluenrg_sdk_api.o(.data) for notification_enabled
    bluenrg_sdk_api.o(i.ble_device_set_advertising_interval) refers to bluenrg_sdk_api.o(.data) for m_adv_params
    bluenrg_sdk_api.o(i.ble_device_set_name) refers to strlen.o(.text) for strlen
    bluenrg_sdk_api.o(i.ble_device_set_name) refers to memcpy.o(.text) for __aeabi_memcpy
    bluenrg_sdk_api.o(i.ble_device_set_name) refers to bluenrg_sdk_api.o(.data) for adv_name_len
    bluenrg_sdk_api.o(i.ble_device_set_name) refers to bluenrg_sdk_api.o(.bss) for local_name
    bluenrg_sdk_api.o(i.ble_device_start_advertising) refers to hci.o(i.hci_le_set_scan_resp_data) for hci_le_set_scan_resp_data
    bluenrg_sdk_api.o(i.ble_device_start_advertising) refers to stm32f4xx_hal_msp.o(i.HAL_Delay) for HAL_Delay
    bluenrg_sdk_api.o(i.ble_device_start_advertising) refers to bluenrg_gatt_aci.o(i.aci_gatt_update_char_value) for aci_gatt_update_char_value
    bluenrg_sdk_api.o(i.ble_device_start_advertising) refers to bluenrg_gap_aci.o(i.aci_gap_set_discoverable) for aci_gap_set_discoverable
    bluenrg_sdk_api.o(i.ble_device_start_advertising) refers to bluenrg_sdk_api.o(.data) for adv_name
    bluenrg_sdk_api.o(i.ble_device_start_advertising) refers to bluenrg_sdk_api.o(.bss) for local_name
    bluenrg_sdk_api.o(i.ble_device_stop_advertising) refers to bluenrg_gap_aci.o(i.aci_gap_set_non_discoverable) for aci_gap_set_non_discoverable
    bluenrg_sdk_api.o(i.ble_disconnect_device) refers to bluenrg_gap_aci.o(i.aci_gap_terminate) for aci_gap_terminate
    bluenrg_sdk_api.o(i.ble_disconnect_device) refers to bluenrg_sdk_api.o(.data) for connection_handle
    bluenrg_sdk_api.o(i.ble_init_bluenrg) refers to bluenrg_gatt_aci.o(i.aci_gatt_init) for aci_gatt_init
    bluenrg_sdk_api.o(i.ble_init_bluenrg) refers to bluenrg_gap_aci.o(i.aci_gap_init) for aci_gap_init
[...]
    ../clib/microlib/init/entry.s            0x00000000   Number         0  entry8b.o ABSOLUTE
    ../clib/microlib/init/entry.s            0x00000000   Number         0  entry2.o ABSOLUTE
    ../clib/microlib/init/entry.s            0x00000000   Number         0  entry8a.o ABSOLUTE
    ../clib/microlib/init/entry.s            0x00000000   Number         0  entry7a.o ABSOLUTE
    ../clib/microlib/longlong.c              0x00000000   Number         0  llshl.o ABSOLUTE
    ../clib/microlib/longlong.c              0x00000000   Number         0  llushr.o ABSOLUTE
    ../clib/microlib/longlong.c              0x00000000   Number         0  llsshr.o ABSOLUTE
    ../clib/microlib/printf/printf.c         0x00000000   Number         0  printf6.o ABSOLUTE
    ../clib/microlib/printf/printf.c         0x00000000   Number         0  printf4.o ABSOLUTE
    ../clib/microlib/printf/printf.c         0x00000000   Number         0  printfa.o ABSOLUTE
    ../clib/microlib/printf/printf.c         0x00000000   Number         0  printf3.o ABSOLUTE
    ../clib/microlib/printf/printf.c         0x00000000   Number         0  printf5.o ABSOLUTE
    ../clib/microlib/printf/printf.c         0x00000000   Number         0  printf7.o ABSOLUTE
    ../clib/microlib/printf/printf.c         0x00000000   Number         0  printf8.o ABSOLUTE
    ../clib/microlib/printf/printf.c         0x00000000   Number         0  printf2.o ABSOLUTE
    ../clib/microlib/printf/printf.c         0x00000000   Number         0  printf1.o ABSOLUTE
    ../clib/microlib/printf/printf.c         0x00000000   Number         0  printf0.o ABSOLUTE
    ../clib/microlib/printf/printf.c         0x00000000   Number         0  printfb.o ABSOLUTE
    ../clib/microlib/stdio/streams.c         0x00000000   Number         0  stdout.o ABSOLUTE
    ../clib/microlib/string/memcpy.c         0x00000000   Number         0  memcpyc.o ABSOLUTE
    ../clib/microlib/string/memcpy.c         0x00000000   Number         0  memcpy.o ABSOLUTE
    ../clib/microlib/string/memcpy.c         0x00000000   Number         0  memcpyb.o ABSOLUTE
    ../clib/microlib/string/memcpy.c         0x00000000   Number         0  memcpya.o ABSOLUTE
    ../clib/microlib/string/memset.c         0x00000000   Number         0  memseta.o ABSOLUTE
    ../clib/microlib/string/memset.c         0x00000000   Number         0  memset.o ABSOLUTE
    ../clib/microlib/string/strlen.c         0x00000000   Number         0  strlen.o ABSOLUTE
    ../clib/microlib/stubs.s                 0x00000000   Number         0  iusefp.o ABSOLUTE
    ../fplib/microlib/d2f.c                  0x00000000   Number         0  d2f.o ABSOLUTE
    ../fplib/microlib/f2d.c                  0x00000000   Number         0  f2d.o ABSOLUTE
    ../fplib/microlib/fpadd.c                0x00000000   Number         0  dadd.o ABSOLUTE
    ../fplib/microlib/fpdiv.c                0x00000000   Number         0  ddiv.o ABSOLUTE
    ../fplib/microlib/fpepilogue.c           0x00000000   Number         0  depilogue.o ABSOLUTE
    ../fplib/microlib/fpepilogue.c           0x00000000   Number         0  fepilogue.o ABSOLUTE
    ../fplib/microlib/fpfix.c                0x00000000   Number         0  dfixi.o ABSOLUTE
    ../fplib/microlib/fpfix.c                0x00000000   Number         0  dfixui.o ABSOLUTE
    ../fplib/microlib/fpfix.c                0x00000000   Number         0  dfixul.o ABSOLUTE
    ../fplib/microlib/fpflt.c                0x00000000   Number         0  dflti.o ABSOLUTE
    ../fplib/microlib/fpmul.c                0x00000000   Number         0  dmul.o ABSOLUTE
    ../fplib/microlib/fpneg.c                0x00000000   Number         0  dneg.o ABSOLUTE
    ../fplib/microlib/fpscalb.c              0x00000000   Number         0  dscalb.o ABSOLUTE
    ../fplib/microlib/fpsqrt.c               0x00000000   Number         0  dsqrt.o ABSOLUTE
    ../mathlib/dunder.c                      0x00000000   Number         0  dunder.o ABSOLUTE
    ../mathlib/fabs.c                        0x00000000   Number         0  fabs.o ABSOLUTE
    ../mathlib/fpclassify.c                  0x00000000   Number         0  fpclassify.o ABSOLUTE
    ../mathlib/poly.c                        0x00000000   Number         0  poly.o ABSOLUTE
    ../mathlib/pow.c                         0x00000000   Number         0  pow.o ABSOLUTE
    ../mathlib/pow.c                         0x00000000   Number         0  pow_x.o ABSOLUTE
    ../mathlib/qnan.c                        0x00000000   Number         0  qnan.o ABSOLUTE
    ../mathlib/sqrt.c                        0x00000000   Number         0  sqrt_x.o ABSOLUTE
    ../mathlib/sqrt.c                        0x00000000   Number         0  sqrt.o ABSOLUTE
    ..\..\..\..\system\bsp\cannon_v2\bsp_common.c 0x00000000   Number         0  bsp_common.o ABSOLUTE
    ..\..\..\..\system\bsp\cannon_v2\bsp_isr.c 0x00000000   Number         0  bsp_isr.o ABSOLUTE
    ..\..\..\..\system\bsp\cannon_v2\stm32f4xx_hal_msp.c 0x00000000   Number         0  stm32f4xx_hal_msp.o ABSOLUTE
    ..\..\..\..\system\bsp\nucleo\x_nucleo_iks01a1.c 0x00000000   Number         0  x_nucleo_iks01a1.o ABSOLUTE
    ..\..\..\..\system\bsp\nucleo\x_nucleo_iks01a1_hum_temp.c 0x00000000   Number         0  x_nucleo_iks01a1_hum_temp.o ABSOLUTE
    ..\..\..\..\system\bsp\nucleo\x_nucleo_iks01a1_imu_6axes.c 0x00000000   Number         0  x_nucleo_iks01a1_imu_6axes.o ABSOLUTE
    ..\..\..\..\system\bsp\nucleo\x_nucleo_iks01a1_pressure.c 0x00000000   Number         0  x_nucleo_iks01a1_pressure.o ABSOLUTE
    ..\..\..\..\system\cmsis\device\st\src\startup_stm32f401xe.s 0x00000000   Number         0  startup_stm32f401xe.o ABSOLUTE
    ..\..\..\..\system\cmsis\device\st\src\system_stm32f4xx.c 0x00000000   Number         0  system_stm32f4xx.o ABSOLUTE
    ..\..\..\..\system\drivers\st\bluenrg\bluenrg_ms\stm32_bluenrg_ble.c 0x00000000   Number         0  stm32_bluenrg_ble.o ABSOLUTE
    ..\..\..\..\system\drivers\st\hts221\hts221.c 0x00000000   Number         0  hts221.o ABSOLUTE
    ..\..\..\..\system\drivers\st\lps25h\lps25h.c 0x00000000   Number         0  lps25h.o ABSOLUTE
    ..\..\..\..\system\drivers\st\lps25hb\lps25hb.c 0x00000000   Number         0  lps25hb.o ABSOLUTE
    ..\..\..\..\system\drivers\st\lsm303agr\LSM303AGR_ACC_driver.c 0x00000000   Number         0  lsm303agr_acc_driver.o ABSOLUTE
    ..\..\..\..\system\drivers\st\lsm303agr\LSM303AGR_MAG_driver.c 0x00000000   Number         0  lsm303agr_mag_driver.o ABSOLUTE
    ..\..\..\..\system\drivers\st\lsm303agr\lsm303agr.c 0x00000000   Number         0  lsm303agr.o ABSOLUTE
    ..\..\..\..\system\drivers\st\lsm6ds3\lsm6ds3.c 0x00000000   Number         0  lsm6ds3.o ABSOLUTE
    ..\..\..\..\system\hal\stm32f4xx_hal_driver\src\stm32f4xx_hal.c 0x00000000   Number         0  stm32f4xx_hal.o ABSOLUTE
    ..\..\..\..\system\hal\stm32f4xx_hal_driver\src\stm32f4xx_hal_adc.c 0x00000000   Number         0  stm32f4xx_hal_adc.o ABSOLUTE
    ..\..\..\..\system\hal\stm32f4xx_hal_driver\src\stm32f4xx_hal_adc_ex.c 0x00000000   Number         0  stm32f4xx_hal_adc_ex.o ABSOLUTE
    ..\..\..\..\system\hal\stm32f4xx_hal_driver\src\stm32f4xx_hal_cortex.c 0x00000000   Number         0  stm32f4xx_hal_cortex.o ABSOLUTE
    ..\..\..\..\system\hal\stm32f4xx_hal_driver\src\stm32f4xx_hal_dma.c 0x00000000   Number         0  stm32f4xx_hal_dma.o ABSOLUTE
    ..\..\..\..\system\hal\stm32f4xx_hal_driver\src\stm32f4xx_hal_dma_ex.c 0x00000000   Number         0  stm32f4xx_hal_dma_ex.o ABSOLUTE
    ..\..\..\..\system\hal\stm32f4xx_hal_driver\src\stm32f4xx_hal_flash.c 0x00000000   Number         0  stm32f4xx_hal_flash.o ABSOLUTE
    ..\..\..\..\system\hal\stm32f4xx_hal_driver\src\stm32f4xx_hal_flash_ex.c 0x00000000   Number         0  stm32f4xx_hal_flash_ex.o ABSOLUTE
    ..\..\..\..\system\hal\stm32f4xx_hal_driver\src\stm32f4xx_hal_gpio.c 0x00000000   Number         0  stm32f4xx_hal_gpio.o ABSOLUTE
    ..\..\..\..\system\hal\stm32f4xx_hal_driver\src\stm32f4xx_hal_i2c.c 0x00000000   Number         0  stm32f4xx_hal_i2c.o ABSOLUTE
    ..\..\..\..\system\hal\stm32f4xx_hal_driver\src\stm32f4xx_hal_i2c_ex.c 0x00000000   Number         0  stm32f4xx_hal_i2c_ex.o ABSOLUTE
    ..\..\..\..\system\hal\stm32f4xx_hal_driver\src\stm32f4xx_hal_i2s.c 0x00000000   Number         0  stm32f4xx_hal_i2s.o ABSOLUTE
    ..\..\..\..\system\hal\stm32f4xx_hal_driver\src\stm32f4xx_hal_i2s_ex.c 0x00000000   Number         0  stm32f4xx_hal_i2s_ex.o ABSOLUTE
    ..\..\..\..\system\hal\stm32f4xx_hal_driver\src\stm32f4xx_hal_pwr.c 0x00000000   Number         0  stm32f4xx_hal_pwr.o ABSOLUTE
    ..\..\..\..\system\hal\stm32f4xx_hal_driver\src\stm32f4xx_hal_pwr_ex.c 0x00000000   Number         0  stm32f4xx_hal_pwr_ex.o ABSOLUTE
    ..\..\..\..\system\hal\stm32f4xx_hal_driver\src\stm32f4xx_hal_rcc.c 0x00000000   Number         0  stm32f4xx_hal_rcc.o ABSOLUTE
    ..\..\..\..\system\hal\stm32f4xx_hal_driver\src\stm32f4xx_hal_rcc_ex.c 0x00000000   Number         0  stm32f4xx_hal_rcc_ex.o ABSOLUTE
    ..\..\..\..\system\hal\stm32f4xx_hal_driver\src\stm32f4xx_hal_rtc.c 0x00000000   Number         0  stm32f4xx_hal_rtc.o ABSOLUTE
    ..\..\..\..\system\hal\stm32f4xx_hal_driver\src\stm32f4xx_hal_rtc_ex.c 0x00000000   Number         0  stm32f4xx_hal_rtc_ex.o ABSOLUTE
    ..\..\..\..\system\hal\stm32f4xx_hal_driver\src\stm32f4xx_hal_sdram.c 0x00000000   Number         0  stm32f4xx_hal_sdram.o ABSOLUTE
    ..\..\..\..\system\hal\stm32f4xx_hal_driver\src\stm32f4xx_hal_smartcard.c 0x00000000   Number         0  stm32f4xx_hal_smartcard.o ABSOLUTE
    ..\..\..\..\system\hal\stm32f4xx_hal_driver\src\stm32f4xx_hal_spi.c 0x00000000   Number         0  stm32f4xx_hal_spi.o ABSOLUTE
    ..\..\..\..\system\hal\stm32f4xx_hal_driver\src\stm32f4xx_hal_tim.c 0x00000000   Number         0  stm32f4xx_hal_tim.o ABSOLUTE
    ..\..\..\..\system\hal\stm32f4xx_hal_driver\src\stm32f4xx_hal_tim_ex.c 0x00000000   Number         0  stm32f4xx_hal_tim_ex.o ABSOLUTE
    ..\..\..\..\system\hal\stm32f4xx_hal_driver\src\stm32f4xx_hal_uart.c 0x00000000   Number         0  stm32f4xx_hal_uart.o ABSOLUTE
    ..\..\..\..\system\hal\stm32f4xx_hal_driver\src\stm32f4xx_hal_usart.c 0x00000000   Number         0  stm32f4xx_hal_usart.o ABSOLUTE
    ..\..\..\..\system\hal\stm32f4xx_hal_driver\src\stm32f4xx_hal_wwdg.c 0x00000000   Number         0  stm32f4xx_hal_wwdg.o ABSOLUTE
    ..\..\..\..\system\hal\stm32f4xx_hal_driver\src\stm32f4xx_ll_usb.c 0x00000000   Number         0  stm32f4xx_ll_usb.o ABSOLUTE
    ..\..\..\..\system\main.c                0x00000000   Number         0  main.o ABSOLUTE
    ..\..\..\..\system\middlewares\juma\dispatcher\dispatch.c 0x00000000   Number         0  dispatch.o ABSOLUTE
    ..\..\..\..\system\middlewares\juma\low_power\stm32f401_lp_mode.c 0x00000000   Number         0  stm32f401_lp_mode.o ABSOLUTE
    ..\..\..\..\system\middlewares\juma\sdk\bluenrg_sdk_api.c 0x00000000   Number         0  bluenrg_sdk_api.o ABSOLUTE
    ..\..\..\..\system\middlewares\juma\sensor\juma_sensor.c 0x00000000   Number         0  juma_sensor.o ABSOLUTE
    ..\..\..\..\system\middlewares\st\bluenrg_ms\src\bluenrg_gap_aci.c 0x00000000   Number         0  bluenrg_gap_aci.o ABSOLUTE
    ..\..\..\..\system\middlewares\st\bluenrg_ms\src\bluenrg_gatt_aci.c 0x00000000   Number         0  bluenrg_gatt_aci.o ABSOLUTE
    ..\..\..\..\system\middlewares\st\bluenrg_ms\src\bluenrg_hal_aci.c 0x00000000   Number         0  bluenrg_hal_aci.o ABSOLUTE
    ..\..\..\..\system\middlewares\st\bluenrg_ms\src\bluenrg_l2cap_aci.c 0x00000000   Number         0  bluenrg_l2cap_aci.o ABSOLUTE
    ..\..\..\..\system\middlewares\st\bluenrg_ms\src\clock.c 0x00000000   Number         0  clock.o ABSOLUTE
    ..\..\..\..\system\middlewares\st\bluenrg_ms\src\gp_timer.c 0x00000000   Number         0  gp_timer.o ABSOLUTE
    ..\..\..\..\system\middlewares\st\bluenrg_ms\src\hci.c 0x00000000   Number         0  hci.o ABSOLUTE
    ..\..\..\..\system\middlewares\st\bluenrg_ms\src\list.c 0x00000000   Number         0  list.o ABSOLUTE
    ..\..\..\..\system\middlewares\st\bluenrg_ms\src\osal.c 0x00000000   Number         0  osal.o ABSOLUTE
    ..\\..\\..\\..\\system\\bsp\\cannon_v2\\bsp_common.c 0x00000000   Number         0  bsp_common.o ABSOLUTE
    ..\\..\\..\\..\\system\\bsp\\cannon_v2\\bsp_isr.c 0x00000000   Number         0  bsp_isr.o ABSOLUTE
    ..\\..\\..\\..\\system\\bsp\\cannon_v2\\stm32f4xx_hal_msp.c 0x00000000   Number         0  stm32f4xx_hal_msp.o ABSOLUTE
    ..\\..\\..\\..\\system\\bsp\\nucleo\\x_nucleo_iks01a1.c 0x00000000   Number         0  x_nucleo_iks01a1.o ABSOLUTE
    ..\\..\\..\\..\\system\\cmsis\\device\\st\\src\\system_stm32f4xx.c 0x00000000   Number         0  system_stm32f4xx.o ABSOLUTE
    ..\\..\\..\\..\\system\\drivers\\st\\bluenrg\\bluenrg_ms\\stm32_bluenrg_ble.c 0x00000000   Number         0  stm32_bluenrg_ble.o ABSOLUTE
    ..\\..\\..\\..\\system\\drivers\\st\\lps25hb\\lps25hb.c 0x00000000   Number         0  lps25hb.o ABSOLUTE
    ..\\..\\..\\..\\system\\drivers\\st\\lsm303agr\\LSM303AGR_ACC_driver.c 0x00000000   Number         0  lsm303agr_acc_driver.o ABSOLUTE
    ..\\..\\..\\..\\system\\drivers\\st\\lsm303agr\\LSM303AGR_MAG_driver.c 0x00000000   Number         0  lsm303agr_mag_driver.o ABSOLUTE
    ..\\..\\..\\..\\system\\hal\\stm32f4xx_hal_driver\\src\\stm32f4xx_hal.c 0x00000000   Number         0  stm32f4xx_hal.o ABSOLUTE
    ..\\..\\..\\..\\system\\hal\\stm32f4xx_hal_driver\\src\\stm32f4xx_hal_adc.c 0x00000000   Number         0  stm32f4xx_hal_adc.o ABSOLUTE
    ..\\..\\..\\..\\system\\hal\\stm32f4xx_hal_driver\\src\\stm32f4xx_hal_adc_ex.c 0x00000000   Number         0  stm32f4xx_hal_adc_ex.o ABSOLUTE
    ..\\..\\..\\..\\system\\hal\\stm32f4xx_hal_driver\\src\\stm32f4xx_hal_cortex.c 0x00000000   Number         0  stm32f4xx_hal_cortex.o ABSOLUTE
    ..\\..\\..\\..\\system\\hal\\stm32f4xx_hal_driver\\src\\stm32f4xx_hal_dma.c 0x00000000   Number         0  stm32f4xx_hal_dma.o ABSOLUTE
    ..\\..\\..\\..\\system\\hal\\stm32f4xx_hal_driver\\src\\stm32f4xx_hal_dma_ex.c 0x00000000   Number         0  stm32f4xx_hal_dma_ex.o ABSOLUTE
    ..\\..\\..\\..\\system\\hal\\stm32f4xx_hal_driver\\src\\stm32f4xx_hal_flash.c 0x00000000   Number         0  stm32f4xx_hal_flash.o ABSOLUTE
    ..\\..\\..\\..\\system\\hal\\stm32f4xx_hal_driver\\src\\stm32f4xx_hal_flash_ex.c 0x00000000   Number         0  stm32f4xx_hal_flash_ex.o ABSOLUTE
    ..\\..\\..\\..\\system\\hal\\stm32f4xx_hal_driver\\src\\stm32f4xx_hal_gpio.c 0x00000000   Number         0  stm32f4xx_hal_gpio.o ABSOLUTE
    ..\\..\\..\\..\\system\\hal\\stm32f4xx_hal_driver\\src\\stm32f4xx_hal_i2c.c 0x00000000   Number         0  stm32f4xx_hal_i2c.o ABSOLUTE
    ..\\..\\..\\..\\system\\hal\\stm32f4xx_hal_driver\\src\\stm32f4xx_hal_i2c_ex.c 0x00000000   Number         0  stm32f4xx_hal_i2c_ex.o ABSOLUTE
    ..\\..\\..\\..\\system\\hal\\stm32f4xx_hal_driver\\src\\stm32f4xx_hal_i2s.c 0x00000000   Number         0  stm32f4xx_hal_i2s.o ABSOLUTE
    ..\\..\\..\\..\\system\\hal\\stm32f4xx_hal_driver\\src\\stm32f4xx_hal_i2s_ex.c 0x00000000   Number         0  stm32f4xx_hal_i2s_ex.o ABSOLUTE
    ..\\..\\..\\..\\system\\hal\\stm32f4xx_hal_driver\\src\\stm32f4xx_hal_pwr.c 0x00000000   Number         0  stm32f4xx_hal_pwr.o ABSOLUTE
    ..\\..\\..\\..\\system\\hal\\stm32f4xx_hal_driver\\src\\stm32f4xx_hal_pwr_ex.c 0x00000000   Number         0  stm32f4xx_hal_pwr_ex.o ABSOLUTE
    ..\\..\\..\\..\\system\\hal\\stm32f4xx_hal_driver\\src\\stm32f4xx_hal_rcc.c 0x00000000   Number         0  stm32f4xx_hal_rcc.o ABSOLUTE
    ..\\..\\..\\..\\system\\hal\\stm32f4xx_hal_driver\\src\\stm32f4xx_hal_rcc_ex.c 0x00000000   Number         0  stm32f4xx_hal_rcc_ex.o ABSOLUTE
    ..\\..\\..\\..\\system\\hal\\stm32f4xx_hal_driver\\src\\stm32f4xx_hal_rtc.c 0x00000000   Number         0  stm32f4xx_hal_rtc.o ABSOLUTE
    ..\\..\\..\\..\\system\\hal\\stm32f4xx_hal_driver\\src\\stm32f4xx_hal_rtc_ex.c 0x00000000   Number         0  stm32f4xx_hal_rtc_ex.o ABSOLUTE
    ..\\..\\..\\..\\system\\hal\\stm32f4xx_hal_driver\\src\\stm32f4xx_hal_sdram.c 0x00000000   Number         0  stm32f4xx_hal_sdram.o ABSOLUTE
    ..\\..\\..\\..\\system\\hal\\stm32f4xx_hal_driver\\src\\stm32f4xx_hal_smartcard.c 0x00000000   Number         0  stm32f4xx_hal_smartcard.o ABSOLUTE
    ..\\..\\..\\..\\system\\hal\\stm32f4xx_hal_driver\\src\\stm32f4xx_hal_spi.c 0x00000000   Number         0  stm32f4xx_hal_spi.o ABSOLUTE
    ..\\..\\..\\..\\system\\hal\\stm32f4xx_hal_driver\\src\\stm32f4xx_hal_tim.c 0x00000000   Number         0  stm32f4xx_hal_tim.o ABSOLUTE
    ..\\..\\..\\..\\system\\hal\\stm32f4xx_hal_driver\\src\\stm32f4xx_hal_tim_ex.c 0x00000000   Number         0  stm32f4xx_hal_tim_ex.o ABSOLUTE
    ..\\..\\..\\..\\system\\hal\\stm32f4xx_hal_driver\\src\\stm32f4xx_hal_uart.c 0x00000000   Number         0  stm32f4xx_hal_uart.o ABSOLUTE
    ..\\..\\..\\..\\system\\hal\\stm32f4xx_hal_driver\\src\\stm32f4xx_hal_usart.c 0x00000000   Number         0  stm32f4xx_hal_usart.o ABSOLUTE
    ..\\..\\..\\..\\system\\hal\\stm32f4xx_hal_driver\\src\\stm32f4xx_hal_wwdg.c 0x00000000   Number         0  stm32f4xx_hal_wwdg.o ABSOLUTE
    ..\\..\\..\\..\\system\\hal\\stm32f4xx_hal_driver\\src\\stm32f4xx_ll_usb.c 0x00000000   Number         0  stm32f4xx_ll_usb.o ABSOLUTE
    ..\\..\\..\\..\\system\\main.c           0x00000000   Number         0  main.o ABSOLUTE
    ..\\..\\..\\..\\system\\middlewares\\juma\\dispatcher\\dispatch.c 0x00000000   Number         0  dispatch.o ABSOLUTE
    ..\\..\\..\\..\\system\\middlewares\\juma\\low_power\\stm32f401_lp_mode.c 0x00000000   Number         0  stm32f401_lp_mode.o ABSOLUTE
    ..\\..\\..\\..\\system\\middlewares\\juma\\sdk\\bluenrg_sdk_api.c 0x00000000   Number         0  bluenrg_sdk_api.o ABSOLUTE
    ..\\..\\..\\..\\system\\middlewares\\juma\\sensor\\juma_sensor.c 0x00000000   Number         0  juma_sensor.o ABSOLUTE
    ..\\..\\..\\..\\system\\middlewares\\st\\bluenrg_ms\\src\\bluenrg_gap_aci.c 0x00000000   Number         0  bluenrg_gap_aci.o ABSOLUTE
    ..\\..\\..\\..\\system\\middlewares\\st\\bluenrg_ms\\src\\bluenrg_gatt_aci.c 0x00000000   Number         0  bluenrg_gatt_aci.o ABSOLUTE
    ..\\..\\..\\..\\system\\middlewares\\st\\bluenrg_ms\\src\\bluenrg_hal_aci.c 0x00000000   Number         0  bluenrg_hal_aci.o ABSOLUTE
    ..\\..\\..\\..\\system\\middlewares\\st\\bluenrg_ms\\src\\bluenrg_l2cap_aci.c 0x00000000   Number         0  bluenrg_l2cap_aci.o ABSOLUTE
    ..\\..\\..\\..\\system\\middlewares\\st\\bluenrg_ms\\src\\clock.c 0x00000000   Number         0  clock.o ABSOLUTE
    ..\\..\\..\\..\\system\\middlewares\\st\\bluenrg_ms\\src\\gp_timer.c 0x00000000   Number         0  gp_timer.o ABSOLUTE
    ..\\..\\..\\..\\system\\middlewares\\st\\bluenrg_ms\\src\\hci.c 0x00000000   Number         0  hci.o ABSOLUTE
    ..\\..\\..\\..\\system\\middlewares\\st\\bluenrg_ms\\src\\list.c 0x00000000   Number         0  list.o ABSOLUTE
    ..\\..\\..\\..\\system\\middlewares\\st\\bluenrg_ms\\src\\osal.c 0x00000000   Number         0  osal.o ABSOLUTE
    ..\\app.c                                0x00000000   Number         0  app.o ABSOLUTE
    ..\app.c                                 0x00000000   Number         0  app.o ABSOLUTE
    cdcmple.s                                0x00000000   Number         0  cdcmple.o ABSOLUTE
    cdrcmple.s                               0x00000000   Number         0  cdrcmple.o ABSOLUTE
    dc.s                                     0x00000000   Number         0  dc.o ABSOLUTE
    handlers.s                               0x00000000   Number         0  handlers.o ABSOLUTE
    init.s                                   0x00000000   Number         0  init.o ABSOLUTE
    RESET                                    0x08000000   Section      404  startup_stm32f401xe.o(RESET)
    .ARM.Collect$$$$00000000                 0x08000194   Section        0  entry.o(.ARM.Collect$$$$00000000)
    .ARM.Collect$$$$00000001                 0x08000194   Section        4  entry2.o(.ARM.Collect$$$$00000001)
    .ARM.Collect$$$$00000004                 0x08000198   Section        4  entry5.o(.ARM.Collect$$$$00000004)
    .ARM.Collect$$$$00000008                 0x0800019c   Section        0  entry7b.o(.ARM.Collect$$$$00000008)
    .ARM.Collect$$$$0000000A                 0x0800019c   Section        0  entry8b.o(.ARM.Collect$$$$0000000A)
    .ARM.Collect$$$$0000000B                 0x0800019c   Section        8  entry9a.o(.ARM.Collect$$$$0000000B)
    .ARM.Collect$$$$0000000D                 0x080001a4   Section        0  entry10a.o(.ARM.Collect$$$$0000000D)
    .ARM.Collect$$$$0000000F                 0x080001a4   Section        0  entry11a.o(.ARM.Collect$$$$0000000F)
    .ARM.Collect$$$$00002712                 0x080001a4   Section        4  entry2.o(.ARM.Collect$$$$00002712)
    __lit__00000000                          0x080001a4   Data           4  entry2.o(.ARM.Collect$$$$00002712)
    .text                                    0x080001a8   Section       36  startup_stm32f401xe.o(.text)
    $v0                                      0x080001a8   Number         0  startup_stm32f401xe.o(.text)
    .text                                    0x080001cc   Section        0  memcpy.o(.text)
    .text                                    0x080001f4   Section        0  memset.o(.text)
    .text                                    0x08000206   Section        0  strlen.o(.text)
    .text                                    0x08000214   Section       36  init.o(.text)
    i.Add_Service                            0x08000238   Section        0  bluenrg_sdk_api.o(i.Add_Service)
    Add_Service                              0x08000239   Thumb Code   266  bluenrg_sdk_api.o(i.Add_Service)
    i.BNRG_SPI_Init                          0x080003a8   Section        0  stm32_bluenrg_ble.o(i.BNRG_SPI_Init)
    i.BSP_LED_Init                           0x080003e8   Section        0  bsp_common.o(i.BSP_LED_Init)
    i.BSP_SystemClock_Config                 0x08000450   Section        0  bsp_common.o(i.BSP_SystemClock_Config)
    i.BlueNRG_DataPresent                    0x0800049c   Section        0  stm32_bluenrg_ble.o(i.BlueNRG_DataPresent)
    i.BlueNRG_RST                            0x080004b4   Section        0  stm32_bluenrg_ble.o(i.BlueNRG_RST)
    i.BlueNRG_SPI_Read_All                   0x080004dc   Section        0  stm32_bluenrg_ble.o(i.BlueNRG_SPI_Read_All)
    i.BlueNRG_SPI_Write                      0x08000584   Section        0  stm32_bluenrg_ble.o(i.BlueNRG_SPI_Write)
    i.Clear_SPI_EXTI_Flag                    0x0800064c   Section        0  stm32_bluenrg_ble.o(i.Clear_SPI_EXTI_Flag)
    i.Clock_Time                             0x08000658   Section        0  clock.o(i.Clock_Time)
    i.DebugMon_Handler                       0x08000660   Section        0  bsp_isr.o(i.DebugMon_Handler)
    i.Disable_SPI_IRQ                        0x08000662   Section        0  stm32_bluenrg_ble.o(i.Disable_SPI_IRQ)
    i.EXTI0_IRQHandler                       0x0800066c   Section        0  bsp_isr.o(i.EXTI0_IRQHandler)
    i.EXTI15_10_IRQHandler                   0x08000694   Section        0  bsp_isr.o(i.EXTI15_10_IRQHandler)
    i.EXTI4_IRQHandler                       0x080006a8   Section        0  bsp_isr.o(i.EXTI4_IRQHandler)
    i.Enable_SPI_IRQ                         0x080006b2   Section        0  stm32_bluenrg_ble.o(i.Enable_SPI_IRQ)
    i.GAP_ConnectionComplete_CB              0x080006bc   Section        0  bluenrg_sdk_api.o(i.GAP_ConnectionComplete_CB)
    i.GAP_DisconnectionComplete_CB           0x080006be   Section        0  bluenrg_sdk_api.o(i.GAP_DisconnectionComplete_CB)
    i.GATT_Notification_CB                   0x080006c0   Section        0  bluenrg_sdk_api.o(i.GATT_Notification_CB)
    i.HAL_Delay                              0x080006c2   Section        0  stm32f4xx_hal_msp.o(i.HAL_Delay)
    i.HAL_GPIO_EXTI_Callback                 0x080006da   Section        0  bsp_common.o(i.HAL_GPIO_EXTI_Callback)
    i.HAL_GPIO_EXTI_IRQHandler               0x080006e4   Section        0  stm32f4xx_hal_gpio.o(i.HAL_GPIO_EXTI_IRQHandler)
    i.HAL_GPIO_Init                          0x08000700   Section        0  stm32f4xx_hal_gpio.o(i.HAL_GPIO_Init)
    i.HAL_GPIO_ReadPin                       0x080008d0   Section        0  stm32f4xx_hal_gpio.o(i.HAL_GPIO_ReadPin)
    i.HAL_GPIO_WritePin                      0x080008e0   Section        0  stm32f4xx_hal_gpio.o(i.HAL_GPIO_WritePin)
    i.HAL_GetTick                            0x080008ec   Section        0  stm32f4xx_hal.o(i.HAL_GetTick)
    i.HAL_IncTick                            0x080008f8   Section        0  stm32f4xx_hal.o(i.HAL_IncTick)
    i.HAL_Init                               0x08000908   Section        0  stm32f4xx_hal.o(i.HAL_Init)
    i.HAL_InitTick                           0x08000944   Section        0  stm32f4xx_hal.o(i.HAL_InitTick)
    i.HAL_MspInit                            0x08000968   Section        0  stm32f4xx_hal.o(i.HAL_MspInit)
    i.HAL_NVIC_DisableIRQ                    0x0800096c   Section        0  stm32f4xx_hal_cortex.o(i.HAL_NVIC_DisableIRQ)
    i.HAL_NVIC_EnableIRQ                     0x08000988   Section        0  stm32f4xx_hal_cortex.o(i.HAL_NVIC_EnableIRQ)
    i.HAL_NVIC_SetPriority                   0x080009a2   Section        0  stm32f4xx_hal_cortex.o(i.HAL_NVIC_SetPriority)
    i.HAL_NVIC_SetPriorityGrouping           0x08000a20   Section        0  stm32f4xx_hal_cortex.o(i.HAL_NVIC_SetPriorityGrouping)
    i.HAL_RCCEx_PeriphCLKConfig              0x08000a48   Section        0  stm32f4xx_hal_rcc_ex.o(i.HAL_RCCEx_PeriphCLKConfig)
    i.HAL_RCC_ClockConfig                    0x08000bf0   Section        0  stm32f4xx_hal_rcc.o(i.HAL_RCC_ClockConfig)
    i.HAL_RCC_GetHCLKFreq                    0x08000ea0   Section        0  stm32f4xx_hal_rcc.o(i.HAL_RCC_GetHCLKFreq)
    i.HAL_RCC_GetPCLK1Freq                   0x08000ed8   Section        0  stm32f4xx_hal_rcc.o(i.HAL_RCC_GetPCLK1Freq)
    i.HAL_RCC_GetPCLK2Freq                   0x08000f04   Section        0  stm32f4xx_hal_rcc.o(i.HAL_RCC_GetPCLK2Freq)
    i.HAL_RCC_GetSysClockFreq                0x08000f30   Section        0  stm32f4xx_hal_rcc.o(i.HAL_RCC_GetSysClockFreq)
    i.HAL_RCC_OscConfig                      0x08000fe0   Section        0  stm32f4xx_hal_rcc.o(i.HAL_RCC_OscConfig)
    i.HAL_RTCEx_DeactivateWakeUpTimer        0x080013e4   Section        0  stm32f4xx_hal_rtc_ex.o(i.HAL_RTCEx_DeactivateWakeUpTimer)
    i.HAL_RTCEx_SetWakeUpTimer_IT            0x0800147c   Section        0  stm32f4xx_hal_rtc_ex.o(i.HAL_RTCEx_SetWakeUpTimer_IT)
    i.HAL_RTCEx_WakeUpTimerEventCallback     0x08001564   Section        0  stm32f4xx_hal_rtc_ex.o(i.HAL_RTCEx_WakeUpTimerEventCallback)
    i.HAL_RTCEx_WakeUpTimerIRQHandler        0x08001568   Section        0  stm32f4xx_hal_rtc_ex.o(i.HAL_RTCEx_WakeUpTimerIRQHandler)
    i.HAL_RTC_GetDate                        0x080015a8   Section        0  stm32f4xx_hal_rtc.o(i.HAL_RTC_GetDate)
    i.HAL_RTC_GetTime                        0x080015f4   Section        0  stm32f4xx_hal_rtc.o(i.HAL_RTC_GetTime)
    i.HAL_RTC_Init                           0x0800164c   Section        0  stm32f4xx_hal_rtc.o(i.HAL_RTC_Init)
    i.HAL_RTC_MspInit                        0x08001700   Section        0  stm32f4xx_hal_msp.o(i.HAL_RTC_MspInit)
    i.HAL_RTC_SetDate                        0x08001750   Section        0  stm32f4xx_hal_rtc.o(i.HAL_RTC_SetDate)
    i.HAL_RTC_SetTime                        0x08001864   Section        0  stm32f4xx_hal_rtc.o(i.HAL_RTC_SetTime)
    i.HAL_RTC_WaitForSynchro                 0x08001998   Section        0  stm32f4xx_hal_rtc.o(i.HAL_RTC_WaitForSynchro)
    i.HAL_SPI_Init                           0x080019d2   Section        0  stm32f4xx_hal_spi.o(i.HAL_SPI_Init)
    i.HAL_SPI_MspInit                        0x08001a5c   Section        0  stm32_bluenrg_ble.o(i.HAL_SPI_MspInit)
    i.HAL_SPI_TransmitReceive                0x08001c0c   Section        0  stm32f4xx_hal_spi.o(i.HAL_SPI_TransmitReceive)
    i.HAL_SYSTICK_Config                     0x08001f5e   Section        0  stm32f4xx_hal_cortex.o(i.HAL_SYSTICK_Config)
    i.HAL_UART_Init                          0x08001f92   Section        0  stm32f4xx_hal_uart.o(i.HAL_UART_Init)
    i.HAL_UART_MspInit                       0x08002000   Section        0  stm32f4xx_hal_msp.o(i.HAL_UART_MspInit)
    i.HAL_UART_Transmit                      0x08002134   Section        0  stm32f4xx_hal_uart.o(i.HAL_UART_Transmit)
    i.HCI_Event_CB                           0x08002224   Section        0  bluenrg_sdk_api.o(i.HCI_Event_CB)
    i.HCI_Init                               0x08002320   Section        0  hci.o(i.HCI_Init)
    i.HCI_Isr                                0x0800235c   Section        0  hci.o(i.HCI_Isr)
    i.HCI_Process                            0x080023e4   Section        0  hci.o(i.HCI_Process)
    i.HCI_Queue_Empty                        0x08002468   Section        0  hci.o(i.HCI_Queue_Empty)
    i.HCI_verify                             0x08002478   Section        0  hci.o(i.HCI_verify)
    i.Hal_Write_Serial                       0x0800249c   Section        0  stm32_bluenrg_ble.o(i.Hal_Write_Serial)
    i.HardFault_Handler                      0x080024ec   Section        0  bsp_isr.o(i.HardFault_Handler)
    i.NMI_Handler                            0x080024f0   Section        0  bsp_isr.o(i.NMI_Handler)
    i.NVIC_GetPriorityGrouping               0x080024f4   Section        0  stm32f4xx_hal_cortex.o(i.NVIC_GetPriorityGrouping)
    NVIC_GetPriorityGrouping                 0x080024f5   Thumb Code    10  stm32f4xx_hal_cortex.o(i.NVIC_GetPriorityGrouping)
    i.NVIC_SetPriority                       0x08002504   Section        0  stm32f4xx_hal_cortex.o(i.NVIC_SetPriority)
    NVIC_SetPriority                         0x08002505   Thumb Code    32  stm32f4xx_hal_cortex.o(i.NVIC_SetPriority)
    i.Osal_MemCpy                            0x0800252c   Section        0  osal.o(i.Osal_MemCpy)
    i.Osal_MemSet                            0x08002540   Section        0  osal.o(i.Osal_MemSet)
    i.PendSV_Handler                         0x08002554   Section        0  bsp_isr.o(i.PendSV_Handler)
    i.RTC_Bcd2ToByte                         0x08002556   Section        0  stm32f4xx_hal_rtc.o(i.RTC_Bcd2ToByte)
    i.RTC_ByteToBcd2                         0x0800256c   Section        0  stm32f4xx_hal_rtc.o(i.RTC_ByteToBcd2)
    i.RTC_CalendarConfig                     0x08002588   Section        0  stm32f401_lp_mode.o(i.RTC_CalendarConfig)
    RTC_CalendarConfig                       0x08002589   Thumb Code    84  stm32f401_lp_mode.o(i.RTC_CalendarConfig)
    i.RTC_CalendarShow                       0x080025e0   Section        0  stm32f401_lp_mode.o(i.RTC_CalendarShow)
    i.RTC_EnterInitMode                      0x08002640   Section        0  stm32f4xx_hal_rtc.o(i.RTC_EnterInitMode)
    i.RTC_WKUP_IRQHandler                    0x08002680   Section        0  bsp_isr.o(i.RTC_WKUP_IRQHandler)
    i.Read_Request_CB                        0x08002690   Section        0  bluenrg_sdk_api.o(i.Read_Request_CB)
    Read_Request_CB                          0x08002691   Thumb Code    20  bluenrg_sdk_api.o(i.Read_Request_CB)
    i.SPI_WaitOnFlagUntilTimeout             0x080026a8   Section        0  stm32f4xx_hal_spi.o(i.SPI_WaitOnFlagUntilTimeout)
    SPI_WaitOnFlagUntilTimeout               0x080026a9   Thumb Code   276  stm32f4xx_hal_spi.o(i.SPI_WaitOnFlagUntilTimeout)
    i.SVC_Handler                            0x080027bc   Section        0  bsp_isr.o(i.SVC_Handler)
    i.SysTick_Handler                        0x080027c0   Section        0  bsp_isr.o(i.SysTick_Handler)
    i.SystemInit                             0x080027d8   Section        0  system_stm32f4xx.o(i.SystemInit)
    i.Timer_Expired                          0x0800283c   Section        0  gp_timer.o(i.Timer_Expired)
    i.Timer_Set                              0x08002858   Section        0  gp_timer.o(i.Timer_Set)
    i.UART_Init                              0x08002868   Section        0  stm32f4xx_hal_msp.o(i.UART_Init)
    i.UART_SetConfig                         0x08002910   Section        0  stm32f4xx_hal_uart.o(i.UART_SetConfig)
    UART_SetConfig                           0x08002911   Thumb Code   538  stm32f4xx_hal_uart.o(i.UART_SetConfig)
    i.UART_WaitOnFlagUntilTimeout            0x08002b34   Section        0  stm32f4xx_hal_uart.o(i.UART_WaitOnFlagUntilTimeout)
    UART_WaitOnFlagUntilTimeout              0x08002b35   Thumb Code   250  stm32f4xx_hal_uart.o(i.UART_WaitOnFlagUntilTimeout)
    i.__0printf$bare                         0x08002c30   Section        0  printfb.o(i.__0printf$bare)
    i.__jsensor_init_sensor                  0x08002c40   Section        0  juma_sensor.o(i.__jsensor_init_sensor)
    i.__scatterload_copy                     0x08002c42   Section       14  handlers.o(i.__scatterload_copy)
    i.__scatterload_null                     0x08002c50   Section        2  handlers.o(i.__scatterload_null)
    i.__scatterload_zeroinit                 0x08002c52   Section       14  handlers.o(i.__scatterload_zeroinit)
    i._printf_core                           0x08002c60   Section        0  printfb.o(i._printf_core)
    _printf_core                             0x08002c61   Thumb Code    34  printfb.o(i._printf_core)
    i.aci_gap_init                           0x08002c82   Section        0  bluenrg_gap_aci.o(i.aci_gap_init)
    i.aci_gap_set_auth_requirement           0x08002d0a   Section        0  bluenrg_gap_aci.o(i.aci_gap_set_auth_requirement)
    i.aci_gap_set_discoverable               0x08002d92   Section        0  bluenrg_gap_aci.o(i.aci_gap_set_discoverable)
    i.aci_gatt_add_char                      0x08002e9e   Section        0  bluenrg_gatt_aci.o(i.aci_gatt_add_char)
    i.aci_gatt_add_serv                      0x08002f7e   Section        0  bluenrg_gatt_aci.o(i.aci_gatt_add_serv)
    i.aci_gatt_allow_read                    0x0800301e   Section        0  bluenrg_gatt_aci.o(i.aci_gatt_allow_read)
    i.aci_gatt_init                          0x08003066   Section        0  bluenrg_gatt_aci.o(i.aci_gatt_init)
    i.aci_gatt_update_char_value             0x080030a2   Section        0  bluenrg_gatt_aci.o(i.aci_gatt_update_char_value)
    i.aci_hal_set_tx_power_level             0x0800314c   Section        0  bluenrg_hal_aci.o(i.aci_hal_set_tx_power_level)
    i.aci_hal_write_config_data              0x080031a4   Section        0  bluenrg_hal_aci.o(i.aci_hal_write_config_data)
    i.ble_address                            0x08003220   Section        0  bluenrg_sdk_api.o(i.ble_address)
    i.ble_device_on_connect                  0x0800323a   Section        0  app.o(i.ble_device_on_connect)
    i.ble_device_on_disconnect               0x0800323c   Section        0  app.o(i.ble_device_on_disconnect)
    i.ble_device_on_message                  0x08003246   Section        0  app.o(i.ble_device_on_message)
    i.ble_device_send                        0x0800325c   Section        0  bluenrg_sdk_api.o(i.ble_device_send)
    i.ble_device_set_advertising_interval    0x080032c0   Section        0  bluenrg_sdk_api.o(i.ble_device_set_advertising_interval)
    i.ble_device_set_name                    0x080032cc   Section        0  bluenrg_sdk_api.o(i.ble_device_set_name)
    i.ble_device_start_advertising           0x08003318   Section        0  bluenrg_sdk_api.o(i.ble_device_start_advertising)
    i.ble_init_bluenrg                       0x0800339c   Section        0  bluenrg_sdk_api.o(i.ble_init_bluenrg)
    i.ble_set_adv_param                      0x08003474   Section        0  bluenrg_sdk_api.o(i.ble_set_adv_param)
    i.ble_set_tx_power                       0x080034a2   Section        0  bluenrg_sdk_api.o(i.ble_set_tx_power)
    i.bsp_init                               0x080034b4   Section        0  bsp_common.o(i.bsp_init)
    i.connection_information                 0x08003508   Section        0  bluenrg_sdk_api.o(i.connection_information)
    connection_information                   0x08003509   Thumb Code     6  bluenrg_sdk_api.o(i.connection_information)
    i.current_time                           0x08003514   Section        0  dispatch.o(i.current_time)
    i.dispatch                               0x08003520   Section        0  dispatch.o(i.dispatch)
    i.dispatch_head_op                       0x08003580   Section        0  dispatch.o(i.dispatch_head_op)
    dispatch_head_op                         0x08003581   Thumb Code    54  dispatch.o(i.dispatch_head_op)
    i.dispatch_init                          0x080035bc   Section        0  dispatch.o(i.dispatch_init)
    i.fputc                                  0x080035f4   Section        0  stm32f4xx_hal_msp.o(i.fputc)
    i.hci_le_set_scan_resp_data              0x08003618   Section        0  hci.o(i.hci_le_set_scan_resp_data)
    i.hci_send_cmd                           0x08003682   Section        0  hci.o(i.hci_send_cmd)
    i.hci_send_req                           0x080036c0   Section        0  hci.o(i.hci_send_req)
    i.hci_write                              0x08003878   Section        0  hci.o(i.hci_write)
    i.jsensor_app_set_sensors                0x08003894   Section        0  juma_sensor.o(i.jsensor_app_set_sensors)
    i.jsensor_sys_init                       0x08003896   Section        0  juma_sensor.o(i.jsensor_sys_init)
    i.list_init_head                         0x080038a2   Section        0  list.o(i.list_init_head)
    i.list_insert_head                       0x080038a8   Section        0  list.o(i.list_insert_head)
    i.list_insert_tail                       0x080038b6   Section        0  list.o(i.list_insert_tail)
    i.list_is_empty                          0x080038c4   Section        0  list.o(i.list_is_empty)
    i.list_remove_head                       0x080038d4   Section        0  list.o(i.list_remove_head)
    i.list_remove_node                       0x080038f0   Section        0  list.o(i.list_remove_node)
    i.loop                                   0x080038fe   Section        0  main.o(i.loop)
    i.main                                   0x08003900   Section        0  main.o(i.main)
    i.move_list                              0x0800391c   Section        0  hci.o(i.move_list)
    move_list                                0x0800391d   Thumb Code    36  hci.o(i.move_list)
    i.on_ready                               0x08003940   Section        0  app.o(i.on_ready)
    i.reset_rtc                              0x08003964   Section        0  dispatch.o(i.reset_rtc)
    reset_rtc                                0x08003965   Thumb Code    58  dispatch.o(i.reset_rtc)
    i.rtc_init                               0x080039a8   Section        0  stm32f401_lp_mode.o(i.rtc_init)
    i.rtc_wake_up_timer_config               0x080039e0   Section        0  stm32f401_lp_mode.o(i.rtc_wake_up_timer_config)
    i.set_irq_as_input                       0x08003a2c   Section        0  stm32_bluenrg_ble.o(i.set_irq_as_input)
    i.set_irq_as_output                      0x08003a64   Section        0  stm32_bluenrg_ble.o(i.set_irq_as_output)
    i.set_timer                              0x08003a94   Section        0  dispatch.o(i.set_timer)
    set_timer                                0x08003a95   Thumb Code    12  dispatch.o(i.set_timer)
    i.us150Delay                             0x08003aa0   Section        0  stm32_bluenrg_ble.o(i.us150Delay)
    us150Delay                               0x08003aa1   Thumb Code    28  stm32_bluenrg_ble.o(i.us150Delay)
    .constdata                               0x08003abc   Section        4  clock.o(.constdata)
    .constdata                               0x08003ac0   Section        5  bsp_common.o(.constdata)
    .constdata                               0x08003ac5   Section       16  stm32f4xx_hal_rcc.o(.constdata)
    .conststring                             0x08003ad8   Section       14  app.o(.conststring)
    .data                                    0x20000000   Section       10  app.o(.data)
    .data                                    0x2000000a   Section       49  bluenrg_sdk_api.o(.data)
    adv_name                                 0x20000010   Data          20  bluenrg_sdk_api.o(.data)
    adv_name_len                             0x20000024   Data           1  bluenrg_sdk_api.o(.data)
    local_name_len                           0x20000025   Data           1  bluenrg_sdk_api.o(.data)
    .data                                    0x2000003c   Section       24  dispatch.o(.data)
    freeq                                    0x2000003c   Data           8  dispatch.o(.data)
    timerq                                   0x20000044   Data           8  dispatch.o(.data)
    mainq                                    0x2000004c   Data           8  dispatch.o(.data)
    .data                                    0x20000054   Section       19  hci.o(.data)
    readPacketListFull                       0x20000064   Data           1  hci.o(.data)
    hci_timer_id                             0x20000065   Data           1  hci.o(.data)
    hci_timeout                              0x20000066   Data           1  hci.o(.data)
    .data                                    0x20000068   Section       12  bsp_common.o(.data)
    .data                                    0x20000074   Section       12  bsp_isr.o(.data)
    .data                                    0x20000080   Section        4  stm32f4xx_hal.o(.data)
    uwTick                                   0x20000080   Data           4  stm32f4xx_hal.o(.data)
    .data                                    0x20000084   Section       20  system_stm32f4xx.o(.data)
    .data                                    0x20000098   Section        4  stdout.o(.data)
    .bss                                     0x2000009c   Section       20  bluenrg_sdk_api.o(.bss)
    local_name                               0x2000009c   Data          20  bluenrg_sdk_api.o(.bss)
    .bss                                     0x200000b0   Section      512  dispatch.o(.bss)
    op_pool                                  0x200000b0   Data         512  dispatch.o(.bss)
    .bss                                     0x200002b0   Section       32  stm32f401_lp_mode.o(.bss)
    .bss                                     0x200002d0   Section      700  hci.o(.bss)
    hciReadPacketBuffer                      0x200002d0   Data         700  hci.o(.bss)
    .bss                                     0x2000058c   Section       88  stm32_bluenrg_ble.o(.bss)
    .bss                                     0x200005e4   Section      128  stm32f4xx_hal_msp.o(.bss)
    STACK                                    0x20000668   Section     2048  startup_stm32f401xe.o(STACK)

    Global Symbols

    Symbol Name                              Value     Ov Type        Size  Object(Section)

    BuildAttributes$$THM_ISAv4$E$P$D$K$B$S$7EM$VFPi3$EXTD16$VFPS$VFMA$PE$A:L22UL41UL21$X:L11$S22US41US21$IEEE1$IW$USESV6$~STKCKD$USESV7$~SHL$OTIME$ROPI$IEEEX$EBA8$MICROLIB$REQ8$PRES8$EABIv2 0x00000000   Number         0  anon$$obj.o ABSOLUTE
    __ARM_use_no_argv                        0x00000000   Number         0  main.o ABSOLUTE
    __cpp_initialize__aeabi_                  - Undefined Weak Reference
    __cxa_finalize                            - Undefined Weak Reference
    __decompress                              - Undefined Weak Reference
    _clock_init                               - Undefined Weak Reference
    _microlib_exit                            - Undefined Weak Reference
    __Vectors_Size                           0x00000194   Number         0  startup_stm32f401xe.o ABSOLUTE
    __Vectors                                0x08000000   Data           4  startup_stm32f401xe.o(RESET)
    __Vectors_End                            0x08000194   Data           0  startup_stm32f401xe.o(RESET)
    __main                                   0x08000195   Thumb Code     0  entry.o(.ARM.Collect$$$$00000000)
    _main_stk                                0x08000195   Thumb Code     0  entry2.o(.ARM.Collect$$$$00000001)
    _main_scatterload                        0x08000199   Thumb Code     0  entry5.o(.ARM.Collect$$$$00000004)
    __main_after_scatterload                 0x0800019d   Thumb Code     0  entry5.o(.ARM.Collect$$$$00000004)
    _main_clock                              0x0800019d   Thumb Code     0  entry7b.o(.ARM.Collect$$$$00000008)
    _main_cpp_init                           0x0800019d   Thumb Code     0  entry8b.o(.ARM.Collect$$$$0000000A)
    _main_init                               0x0800019d   Thumb Code     0  entry9a.o(.ARM.Collect$$$$0000000B)
    __rt_final_cpp                           0x080001a5   Thumb Code     0  entry10a.o(.ARM.Collect$$$$0000000D)
    __rt_final_exit                          0x080001a5   Thumb Code     0  entry11a.o(.ARM.Collect$$$$0000000F)
    Reset_Handler                            0x080001a9   Thumb Code     8  startup_stm32f401xe.o(.text)
    MemManage_Handler                        0x080001b5   Thumb Code     2  startup_stm32f401xe.o(.text)
    BusFault_Handler                         0x080001b7   Thumb Code     2  startup_stm32f401xe.o(.text)
    UsageFault_Handler                       0x080001b9   Thumb Code     2  startup_stm32f401xe.o(.text)
    ADC_IRQHandler                           0x080001c3   Thumb Code     0  startup_stm32f401xe.o(.text)
    DMA1_Stream0_IRQHandler                  0x080001c3   Thumb Code     0  startup_stm32f401xe.o(.text)
    DMA1_Stream1_IRQHandler                  0x080001c3   Thumb Code     0  startup_stm32f401xe.o(.text)
    DMA1_Stream2_IRQHandler                  0x080001c3   Thumb Code     0  startup_stm32f401xe.o(.text)
    DMA1_Stream3_IRQHandler                  0x080001c3   Thumb Code     0  startup_stm32f401xe.o(.text)
    DMA1_Stream4_IRQHandler                  0x080001c3   Thumb Code     0  startup_stm32f401xe.o(.text)
    DMA1_Stream5_IRQHandler                  0x080001c3   Thumb Code     0  startup_stm32f401xe.o(.text)
    DMA1_Stream6_IRQHandler                  0x080001c3   Thumb Code     0  startup_stm32f401xe.o(.text)
    DMA1_Stream7_IRQHandler                  0x080001c3   Thumb Code     0  startup_stm32f401xe.o(.text)
    DMA2_Stream0_IRQHandler                  0x080001c3   Thumb Code     0  startup_stm32f401xe.o(.text)
    DMA2_Stream1_IRQHandler                  0x080001c3   Thumb Code     0  startup_stm32f401xe.o(.text)
    DMA2_Stream2_IRQHandler                  0x080001c3   Thumb Code     0  startup_stm32f401xe.o(.text)
    DMA2_Stream3_IRQHandler                  0x080001c3   Thumb Code     0  startup_stm32f401xe.o(.text)
    DMA2_Stream4_IRQHandler                  0x080001c3   Thumb Code     0  startup_stm32f401xe.o(.text)
    DMA2_Stream5_IRQHandler                  0x080001c3   Thumb Code     0  startup_stm32f401xe.o(.text)
    DMA2_Stream6_IRQHandler                  0x080001c3   Thumb Code     0  startup_stm32f401xe.o(.text)
    DMA2_Stream7_IRQHandler                  0x080001c3   Thumb Code     0  startup_stm32f401xe.o(.text)
    EXTI1_IRQHandler                         0x080001c3   Thumb Code     0  startup_stm32f401xe.o(.text)
    EXTI2_IRQHandler                         0x080001c3   Thumb Code     0  startup_stm32f401xe.o(.text)
    EXTI3_IRQHandler                         0x080001c3   Thumb Code     0  startup_stm32f401xe.o(.text)
    EXTI9_5_IRQHandler                       0x080001c3   Thumb Code     0  startup_stm32f401xe.o(.text)
    FLASH_IRQHandler                         0x080001c3   Thumb Code     0  startup_stm32f401xe.o(.text)
    FPU_IRQHandler                           0x080001c3   Thumb Code     0  startup_stm32f401xe.o(.text)
    I2C1_ER_IRQHandler                       0x080001c3   Thumb Code     0  startup_stm32f401xe.o(.text)
    I2C1_EV_IRQHandler                       0x080001c3   Thumb Code     0  startup_stm32f401xe.o(.text)
    I2C2_ER_IRQHandler                       0x080001c3   Thumb Code     0  startup_stm32f401xe.o(.text)
    I2C2_EV_IRQHandler                       0x080001c3   Thumb Code     0  startup_stm32f401xe.o(.text)
    I2C3_ER_IRQHandler                       0x080001c3   Thumb Code     0  startup_stm32f401xe.o(.text)
    I2C3_EV_IRQHandler                       0x080001c3   Thumb Code     0  startup_stm32f401xe.o(.text)
    OTG_FS_IRQHandler                        0x080001c3   Thumb Code     0  startup_stm32f401xe.o(.text)
    OTG_FS_WKUP_IRQHandler                   0x080001c3   Thumb Code     0  startup_stm32f401xe.o(.text)
    PVD_IRQHandler                           0x080001c3   Thumb Code     0  startup_stm32f401xe.o(.text)
    RCC_IRQHandler                           0x080001c3   Thumb Code     0  startup_stm32f401xe.o(.text)
    RTC_Alarm_IRQHandler                     0x080001c3   Thumb Code     0  startup_stm32f401xe.o(.text)
    SDIO_IRQHandler                          0x080001c3   Thumb Code     0  startup_stm32f401xe.o(.text)
    SPI1_IRQHandler                          0x080001c3   Thumb Code     0  startup_stm32f401xe.o(.text)
    SPI2_IRQHandler                          0x080001c3   Thumb Code     0  startup_stm32f401xe.o(.text)
    SPI3_IRQHandler                          0x080001c3   Thumb Code     0  startup_stm32f401xe.o(.text)
    SPI4_IRQHandler                          0x080001c3   Thumb Code     0  startup_stm32f401xe.o(.text)
    TAMP_STAMP_IRQHandler                    0x080001c3   Thumb Code     0  startup_stm32f401xe.o(.text)
    TIM1_BRK_TIM9_IRQHandler                 0x080001c3   Thumb Code     0  startup_stm32f401xe.o(.text)
    TIM1_CC_IRQHandler                       0x080001c3   Thumb Code     0  startup_stm32f401xe.o(.text)
    TIM1_TRG_COM_TIM11_IRQHandler            0x080001c3   Thumb Code     0  startup_stm32f401xe.o(.text)
    TIM1_UP_TIM10_IRQHandler                 0x080001c3   Thumb Code     0  startup_stm32f401xe.o(.text)
    TIM2_IRQHandler                          0x080001c3   Thumb Code     0  startup_stm32f401xe.o(.text)
    TIM3_IRQHandler                          0x080001c3   Thumb Code     0  startup_stm32f401xe.o(.text)
    TIM4_IRQHandler                          0x080001c3   Thumb Code     0  startup_stm32f401xe.o(.text)
    TIM5_IRQHandler                          0x080001c3   Thumb Code     0  startup_stm32f401xe.o(.text)
    USART1_IRQHandler                        0x080001c3   Thumb Code     0  startup_stm32f401xe.o(.text)
    USART2_IRQHandler                        0x080001c3   Thumb Code     0  startup_stm32f401xe.o(.text)
    USART6_IRQHandler                        0x080001c3   Thumb Code     0  startup_stm32f401xe.o(.text)
    WWDG_IRQHandler                          0x080001c3   Thumb Code     0  startup_stm32f401xe.o(.text)
    ___aeabi_memcpy4$ret                     0x080001cd   Thumb Code     0  memcpy.o(.text)
    ___aeabi_memcpy8$ret                     0x080001cd   Thumb Code     0  memcpy.o(.text)
    __aeabi_memcpy                           0x080001cd   Thumb Code    40  memcpy.o(.text)
    memcpy                                   0x080001cd   Thumb Code     0  memcpy.o(.text)
    memset                                   0x080001f5   Thumb Code    18  memset.o(.text)
    strlen                                   0x08000207   Thumb Code    14  strlen.o(.text)
    __scatterload                            0x08000215   Thumb Code    28  init.o(.text)
    __scatterload_rt2                        0x08000215   Thumb Code     0  init.o(.text)
    BNRG_SPI_Init                            0x080003a9   Thumb Code    54  stm32_bluenrg_ble.o(i.BNRG_SPI_Init)
    BSP_LED_Init                             0x080003e9   Thumb Code    92  bsp_common.o(i.BSP_LED_Init)
    BSP_SystemClock_Config                   0x08000451   Thumb Code    76  bsp_common.o(i.BSP_SystemClock_Config)
    BlueNRG_DataPresent                      0x0800049d   Thumb Code    20  stm32_bluenrg_ble.o(i.BlueNRG_DataPresent)
    BlueNRG_RST                              0x080004b5   Thumb Code    36  stm32_bluenrg_ble.o(i.BlueNRG_RST)
    BlueNRG_SPI_Read_All                     0x080004dd   Thumb Code   154  stm32_bluenrg_ble.o(i.BlueNRG_SPI_Read_All)
    BlueNRG_SPI_Write                        0x08000585   Thumb Code   178  stm32_bluenrg_ble.o(i.BlueNRG_SPI_Write)
    Clear_SPI_EXTI_Flag                      0x0800064d   Thumb Code     8  stm32_bluenrg_ble.o(i.Clear_SPI_EXTI_Flag)
    Clock_Time                               0x08000659   Thumb Code     8  clock.o(i.Clock_Time)
    DebugMon_Handler                         0x08000661   Thumb Code     2  bsp_isr.o(i.DebugMon_Handler)
    Disable_SPI_IRQ                          0x08000663   Thumb Code    10  stm32_bluenrg_ble.o(i.Disable_SPI_IRQ)
    EXTI0_IRQHandler                         0x0800066d   Thumb Code    32  bsp_isr.o(i.EXTI0_IRQHandler)
    EXTI15_10_IRQHandler                     0x08000695   Thumb Code    16  bsp_isr.o(i.EXTI15_10_IRQHandler)
    EXTI4_IRQHandler                         0x080006a9   Thumb Code    10  bsp_isr.o(i.EXTI4_IRQHandler)
    Enable_SPI_IRQ                           0x080006b3   Thumb Code    10  stm32_bluenrg_ble.o(i.Enable_SPI_IRQ)
    GAP_ConnectionComplete_CB                0x080006bd   Thumb Code     2  bluenrg_sdk_api.o(i.GAP_ConnectionComplete_CB)
    GAP_DisconnectionComplete_CB             0x080006bf   Thumb Code     2  bluenrg_sdk_api.o(i.GAP_DisconnectionComplete_CB)
    GATT_Notification_CB                     0x080006c1   Thumb Code     2  bluenrg_sdk_api.o(i.GATT_Notification_CB)
    HAL_Delay                                0x080006c3   Thumb Code    24  stm32f4xx_hal_msp.o(i.HAL_Delay)
    HAL_GPIO_EXTI_Callback                   0x080006db   Thumb Code    10  bsp_common.o(i.HAL_GPIO_EXTI_Callback)
    HAL_GPIO_EXTI_IRQHandler                 0x080006e5   Thumb Code    24  stm32f4xx_hal_gpio.o(i.HAL_GPIO_EXTI_IRQHandler)
    HAL_GPIO_Init                            0x08000701   Thumb Code   432  stm32f4xx_hal_gpio.o(i.HAL_GPIO_Init)
    HAL_GPIO_ReadPin                         0x080008d1   Thumb Code    16  stm32f4xx_hal_gpio.o(i.HAL_GPIO_ReadPin)
    HAL_GPIO_WritePin                        0x080008e1   Thumb Code    12  stm32f4xx_hal_gpio.o(i.HAL_GPIO_WritePin)
    HAL_GetTick                              0x080008ed   Thumb Code     6  stm32f4xx_hal.o(i.HAL_GetTick)
    HAL_IncTick                              0x080008f9   Thumb Code    12  stm32f4xx_hal.o(i.HAL_IncTick)
    HAL_Init                                 0x08000909   Thumb Code    54  stm32f4xx_hal.o(i.HAL_Init)
    HAL_InitTick                             0x08000945   Thumb Code    36  stm32f4xx_hal.o(i.HAL_InitTick)
    HAL_MspInit                              0x08000969   Thumb Code     2  stm32f4xx_hal.o(i.HAL_MspInit)
    HAL_NVIC_DisableIRQ                      0x0800096d   Thumb Code    22  stm32f4xx_hal_cortex.o(i.HAL_NVIC_DisableIRQ)
    HAL_NVIC_EnableIRQ                       0x08000989   Thumb Code    26  stm32f4xx_hal_cortex.o(i.HAL_NVIC_EnableIRQ)
    HAL_NVIC_SetPriority                     0x080009a3   Thumb Code   124  stm32f4xx_hal_cortex.o(i.HAL_NVIC_SetPriority)
    HAL_NVIC_SetPriorityGrouping             0x08000a21   Thumb Code    32  stm32f4xx_hal_cortex.o(i.HAL_NVIC_SetPriorityGrouping)
    HAL_RCCEx_PeriphCLKConfig                0x08000a49   Thumb Code   402  stm32f4xx_hal_rcc_ex.o(i.HAL_RCCEx_PeriphCLKConfig)
    HAL_RCC_ClockConfig                      0x08000bf1   Thumb Code   680  stm32f4xx_hal_rcc.o(i.HAL_RCC_ClockConfig)
    HAL_RCC_GetHCLKFreq                      0x08000ea1   Thumb Code    42  stm32f4xx_hal_rcc.o(i.HAL_RCC_GetHCLKFreq)
    HAL_RCC_GetPCLK1Freq                     0x08000ed9   Thumb Code    36  stm32f4xx_hal_rcc.o(i.HAL_RCC_GetPCLK1Freq)
    HAL_RCC_GetPCLK2Freq                     0x08000f05   Thumb Code    36  stm32f4xx_hal_rcc.o(i.HAL_RCC_GetPCLK2Freq)
    HAL_RCC_GetSysClockFreq                  0x08000f31   Thumb Code   168  stm32f4xx_hal_rcc.o(i.HAL_RCC_GetSysClockFreq)
    HAL_RCC_OscConfig                        0x08000fe1   Thumb Code  1028  stm32f4xx_hal_rcc.o(i.HAL_RCC_OscConfig)
    HAL_RTCEx_DeactivateWakeUpTimer          0x080013e5   Thumb Code   152  stm32f4xx_hal_rtc_ex.o(i.HAL_RTCEx_DeactivateWakeUpTimer)
    HAL_RTCEx_SetWakeUpTimer_IT              0x0800147d   Thumb Code   226  stm32f4xx_hal_rtc_ex.o(i.HAL_RTCEx_SetWakeUpTimer_IT)
    HAL_RTCEx_WakeUpTimerEventCallback       0x08001565   Thumb Code     2  stm32f4xx_hal_rtc_ex.o(i.HAL_RTCEx_WakeUpTimerEventCallback)
    HAL_RTCEx_WakeUpTimerIRQHandler          0x08001569   Thumb Code    60  stm32f4xx_hal_rtc_ex.o(i.HAL_RTCEx_WakeUpTimerIRQHandler)
    HAL_RTC_GetDate                          0x080015a9   Thumb Code    72  stm32f4xx_hal_rtc.o(i.HAL_RTC_GetDate)
    HAL_RTC_GetTime                          0x080015f5   Thumb Code    82  stm32f4xx_hal_rtc.o(i.HAL_RTC_GetTime)
    HAL_RTC_Init                             0x0800164d   Thumb Code   176  stm32f4xx_hal_rtc.o(i.HAL_RTC_Init)
    HAL_RTC_MspInit                          0x08001701   Thumb Code    76  stm32f4xx_hal_msp.o(i.HAL_RTC_MspInit)
    HAL_RTC_SetDate                          0x08001751   Thumb Code   270  stm32f4xx_hal_rtc.o(i.HAL_RTC_SetDate)
    HAL_RTC_SetTime                          0x08001865   Thumb Code   304  stm32f4xx_hal_rtc.o(i.HAL_RTC_SetTime)
    HAL_RTC_WaitForSynchro                   0x08001999   Thumb Code    58  stm32f4xx_hal_rtc.o(i.HAL_RTC_WaitForSynchro)
    HAL_SPI_Init                             0x080019d3   Thumb Code   136  stm32f4xx_hal_spi.o(i.HAL_SPI_Init)
    HAL_SPI_MspInit                          0x08001a5d   Thumb Code   408  stm32_bluenrg_ble.o(i.HAL_SPI_MspInit)
    HAL_SPI_TransmitReceive                  0x08001c0d   Thumb Code   850  stm32f4xx_hal_spi.o(i.HAL_SPI_TransmitReceive)
    HAL_SYSTICK_Config                       0x08001f5f   Thumb Code    52  stm32f4xx_hal_cortex.o(i.HAL_SYSTICK_Config)
    HAL_UART_Init                            0x08001f93   Thumb Code   110  stm32f4xx_hal_uart.o(i.HAL_UART_Init)
    HAL_UART_MspInit                         0x08002001   Thumb Code   292  stm32f4xx_hal_msp.o(i.HAL_UART_MspInit)
    HAL_UART_Transmit                        0x08002135   Thumb Code   240  stm32f4xx_hal_uart.o(i.HAL_UART_Transmit)
    HCI_Event_CB                             0x08002225   Thumb Code   246  bluenrg_sdk_api.o(i.HCI_Event_CB)
    HCI_Init                                 0x08002321   Thumb Code    48  hci.o(i.HCI_Init)
    HCI_Isr                                  0x0800235d   Thumb Code   118  hci.o(i.HCI_Isr)
    HCI_Process                              0x080023e5   Thumb Code   116  hci.o(i.HCI_Process)
    HCI_Queue_Empty                          0x08002469   Thumb Code    10  hci.o(i.HCI_Queue_Empty)
    HCI_verify                               0x08002479   Thumb Code    36  hci.o(i.HCI_verify)
    Hal_Write_Serial                         0x0800249d   Thumb Code    70  stm32_bluenrg_ble.o(i.Hal_Write_Serial)
    HardFault_Handler                        0x080024ed   Thumb Code     4  bsp_isr.o(i.HardFault_Handler)
    NMI_Handler                              0x080024f1   Thumb Code     2  bsp_isr.o(i.NMI_Handler)
    Osal_MemCpy                              0x0800252d   Thumb Code    20  osal.o(i.Osal_MemCpy)
    Osal_MemSet                              0x08002541   Thumb Code    20  osal.o(i.Osal_MemSet)
    PendSV_Handler                           0x08002555   Thumb Code     2  bsp_isr.o(i.PendSV_Handler)
    RTC_Bcd2ToByte                           0x08002557   Thumb Code    22  stm32f4xx_hal_rtc.o(i.RTC_Bcd2ToByte)
    RTC_ByteToBcd2                           0x0800256d   Thumb Code    26  stm32f4xx_hal_rtc.o(i.RTC_ByteToBcd2)
    RTC_CalendarShow                         0x080025e1   Thumb Code    92  stm32f401_lp_mode.o(i.RTC_CalendarShow)
    RTC_EnterInitMode                        0x08002641   Thumb Code    62  stm32f4xx_hal_rtc.o(i.RTC_EnterInitMode)
    RTC_WKUP_IRQHandler                      0x08002681   Thumb Code    10  bsp_isr.o(i.RTC_WKUP_IRQHandler)
    SVC_Handler                              0x080027bd   Thumb Code     2  bsp_isr.o(i.SVC_Handler)
    SysTick_Handler                          0x080027c1   Thumb Code    18  bsp_isr.o(i.SysTick_Handler)
    SystemInit                               0x080027d9   Thumb Code    82  system_stm32f4xx.o(i.SystemInit)
    Timer_Expired                            0x0800283d   Thumb Code    28  gp_timer.o(i.Timer_Expired)
    Timer_Set                                0x08002859   Thumb Code    16  gp_timer.o(i.Timer_Set)
    UART_Init                                0x08002869   Thumb Code    94  stm32f4xx_hal_msp.o(i.UART_Init)
    __0printf$bare                           0x08002c31   Thumb Code     8  printfb.o(i.__0printf$bare)
    __1printf$bare                           0x08002c31   Thumb Code     0  printfb.o(i.__0printf$bare)
    __2printf                                0x08002c31   Thumb Code     0  printfb.o(i.__0printf$bare)
    __jsensor_init_sensor                    0x08002c41   Thumb Code     2  juma_sensor.o(i.__jsensor_init_sensor)
    __scatterload_copy                       0x08002c43   Thumb Code    14  handlers.o(i.__scatterload_copy)
    __scatterload_null                       0x08002c51   Thumb Code     2  handlers.o(i.__scatterload_null)
    __scatterload_zeroinit                   0x08002c53   Thumb Code    14  handlers.o(i.__scatterload_zeroinit)
    aci_gap_init                             0x08002c83   Thumb Code   136  bluenrg_gap_aci.o(i.aci_gap_init)
    aci_gap_set_auth_requirement             0x08002d0b   Thumb Code   136  bluenrg_gap_aci.o(i.aci_gap_set_auth_requirement)
    aci_gap_set_discoverable                 0x08002d93   Thumb Code   268  bluenrg_gap_aci.o(i.aci_gap_set_discoverable)
    aci_gatt_add_char                        0x08002e9f   Thumb Code   224  bluenrg_gatt_aci.o(i.aci_gatt_add_char)
    aci_gatt_add_serv                        0x08002f7f   Thumb Code   160  bluenrg_gatt_aci.o(i.aci_gatt_add_serv)
    aci_gatt_allow_read                      0x0800301f   Thumb Code    72  bluenrg_gatt_aci.o(i.aci_gatt_allow_read)
    aci_gatt_init                            0x08003067   Thumb Code    60  bluenrg_gatt_aci.o(i.aci_gatt_init)
    aci_gatt_update_char_value               0x080030a3   Thumb Code   170  bluenrg_gatt_aci.o(i.aci_gatt_update_char_value)
    aci_hal_set_tx_power_level               0x0800314d   Thumb Code    88  bluenrg_hal_aci.o(i.aci_hal_set_tx_power_level)
    aci_hal_write_config_data                0x080031a5   Thumb Code   124  bluenrg_hal_aci.o(i.aci_hal_write_config_data)
    ble_address                              0x08003221   Thumb Code    26  bluenrg_sdk_api.o(i.ble_address)
    ble_device_on_connect                    0x0800323b   Thumb Code     2  app.o(i.ble_device_on_connect)
    ble_device_on_disconnect                 0x0800323d   Thumb Code    10  app.o(i.ble_device_on_disconnect)
    ble_device_on_message                    0x08003247   Thumb Code    20  app.o(i.ble_device_on_message)
    ble_device_send                          0x0800325d   Thumb Code    88  bluenrg_sdk_api.o(i.ble_device_send)
    ble_device_set_advertising_interval      0x080032c1   Thumb Code     6  bluenrg_sdk_api.o(i.ble_device_set_advertising_interval)
    ble_device_set_name                      0x080032cd   Thumb Code    60  bluenrg_sdk_api.o(i.ble_device_set_name)
    ble_device_start_advertising             0x08003319   Thumb Code    98  bluenrg_sdk_api.o(i.ble_device_start_advertising)
    ble_init_bluenrg                         0x0800339d   Thumb Code   190  bluenrg_sdk_api.o(i.ble_init_bluenrg)
    ble_set_adv_param                        0x08003475   Thumb Code    46  bluenrg_sdk_api.o(i.ble_set_adv_param)
    ble_set_tx_power                         0x080034a3   Thumb Code    18  bluenrg_sdk_api.o(i.ble_set_tx_power)
    bsp_init                                 0x080034b5   Thumb Code    78  bsp_common.o(i.bsp_init)
    current_time                             0x08003515   Thumb Code    10  dispatch.o(i.current_time)
    dispatch                                 0x08003521   Thumb Code    82  dispatch.o(i.dispatch)
    dispatch_init                            0x080035bd   Thumb Code    46  dispatch.o(i.dispatch_init)
    fputc                                    0x080035f5   Thumb Code    32  stm32f4xx_hal_msp.o(i.fputc)
    hci_le_set_scan_resp_data                0x08003619   Thumb Code   106  hci.o(i.hci_le_set_scan_resp_data)
    hci_send_cmd                             0x08003683   Thumb Code    60  hci.o(i.hci_send_cmd)
    hci_send_req                             0x080036c1   Thumb Code   428  hci.o(i.hci_send_req)
    hci_write                                0x08003879   Thumb Code    28  hci.o(i.hci_write)
    jsensor_app_set_sensors                  0x08003895   Thumb Code     2  juma_sensor.o(i.jsensor_app_set_sensors)
    jsensor_sys_init                         0x08003897   Thumb Code    12  juma_sensor.o(i.jsensor_sys_init)
    list_init_head                           0x080038a3   Thumb Code     6  list.o(i.list_init_head)
    list_insert_head                         0x080038a9   Thumb Code    14  list.o(i.list_insert_head)
    list_insert_tail                         0x080038b7   Thumb Code    14  list.o(i.list_insert_tail)
    list_is_empty                            0x080038c5   Thumb Code    16  list.o(i.list_is_empty)
    list_remove_head                         0x080038d5   Thumb Code    28  list.o(i.list_remove_head)
    list_remove_node                         0x080038f1   Thumb Code    14  list.o(i.list_remove_node)
    loop                                     0x080038ff   Thumb Code     2  main.o(i.loop)
    main                                     0x08003901   Thumb Code    28  main.o(i.main)
    on_ready                                 0x08003941   Thumb Code    26  app.o(i.on_ready)
    rtc_init                                 0x080039a9   Thumb Code    48  stm32f401_lp_mode.o(i.rtc_init)
    rtc_wake_up_timer_config                 0x080039e1   Thumb Code    68  stm32f401_lp_mode.o(i.rtc_wake_up_timer_config)
    set_irq_as_input                         0x08003a2d   Thumb Code    48  stm32_bluenrg_ble.o(i.set_irq_as_input)
    set_irq_as_output                        0x08003a65   Thumb Code    42  stm32_bluenrg_ble.o(i.set_irq_as_output)
    CLOCK_SECOND                             0x08003abc   Data           4  clock.o(.constdata)
    GPIO_PIN                                 0x08003ac0   Data           2  bsp_common.o(.constdata)
    BUTTON_PIN                               0x08003ac2   Data           2  bsp_common.o(.constdata)
    BUTTON_IRQn                              0x08003ac4   Data           1  bsp_common.o(.constdata)
    APBAHBPrescTable                         0x08003ac5   Data          16  stm32f4xx_hal_rcc.o(.constdata)
    Region$$Table$$Base                      0x08003ae8   Number         0  anon$$obj.o(Region$$Table)
    Region$$Table$$Limit                     0x08003b08   Number         0  anon$$obj.o(Region$$Table)
    name                                     0x20000000   Data           4  app.o(.data)
    adv_address                              0x20000004   Data           6  app.o(.data)
    m_adv_params                             0x2000000a   Data           6  bluenrg_sdk_api.o(.data)
    connection_handle                        0x20000026   Data           2  bluenrg_sdk_api.o(.data)
    notification_enabled                     0x20000028   Data           2  bluenrg_sdk_api.o(.data)
    BLueNrgServHandle                        0x2000002a   Data           2  bluenrg_sdk_api.o(.data)
    WriteCharHandle                          0x2000002c   Data           2  bluenrg_sdk_api.o(.data)
    WriteCmdCharHandle                       0x2000002e   Data           2  bluenrg_sdk_api.o(.data)
    ReadNotifyCharHandle                     0x20000030   Data           2  bluenrg_sdk_api.o(.data)
    NotifyCharHandle                         0x20000032   Data           2  bluenrg_sdk_api.o(.data)
    service_handle                           0x20000034   Data           2  bluenrg_sdk_api.o(.data)
    dev_name_char_handle                     0x20000036   Data           2  bluenrg_sdk_api.o(.data)
    appearance_char_handle                   0x20000038   Data           2  bluenrg_sdk_api.o(.data)
    BLE_Role                                 0x2000003a   Data           1  bluenrg_sdk_api.o(.data)
    hciReadPktPool                           0x20000054   Data           8  hci.o(.data)
    hciReadPktRxQueue                        0x2000005c   Data           8  hci.o(.data)
    GPIO_PORT                                0x20000068   Data           4  bsp_common.o(.data)
    BUTTON_PORT                              0x2000006c   Data           4  bsp_common.o(.data)
    SpixTimeout                              0x20000070   Data           4  bsp_common.o(.data)
    ms_counter                               0x20000074   Data           4  bsp_isr.o(.data)
    button_event                             0x20000078   Data           1  bsp_isr.o(.data)
    EXTI0_IRQFUNC                            0x2000007c   Data           4  bsp_isr.o(.data)
    SystemCoreClock                          0x20000084   Data           4  system_stm32f4xx.o(.data)
    AHBPrescTable                            0x20000088   Data          16  system_stm32f4xx.o(.data)
    __stdout                                 0x20000098   Data           4  stdout.o(.data)
    RTCHandle                                0x200002b0   Data          32  stm32f401_lp_mode.o(.bss)
    SpiHandle                                0x2000058c   Data          88  stm32_bluenrg_ble.o(.bss)
    Uart1Handle                              0x200005e4   Data          64  stm32f4xx_hal_msp.o(.bss)
    Uart2Handle                              0x20000624   Data          64  stm32f4xx_hal_msp.o(.bss)
    __initial_sp                             0x20000e68   Data           0  startup_stm32f401xe.o(STACK)



==============================================================================

Memory Map of the image

  Image Entry point : 0x08000195

  Load Region LR_IROM1 (Base: 0x08000000, Size: 0x00003ba4, Max: 0x00080000, ABSOLUTE)

    Execution Region ER_IROM1 (Base: 0x08000000, Size: 0x00003b08, Max: 0x00080000, ABSOLUTE)

    Base Addr    Size         Type   Attr      Idx    E Section Name        Object

    0x08000000   0x00000194   Data   RO         8803    RESET               startup_stm32f401xe.o
    0x08000194   0x00000000   Code   RO         8822  * .ARM.Collect$$$$00000000  mc_w.l(entry.o)
    0x08000194   0x00000004   Code   RO         9150    .ARM.Collect$$$$00000001  mc_w.l(entry2.o)
    0x08000198   0x00000004   Code   RO         9153    .ARM.Collect$$$$00000004  mc_w.l(entry5.o)
    0x0800019c   0x00000000   Code   RO         9155    .ARM.Collect$$$$00000008  mc_w.l(entry7b.o)
    0x0800019c   0x00000000   Code   RO         9157    .ARM.Collect$$$$0000000A  mc_w.l(entry8b.o)
    0x0800019c   0x00000008   Code   RO         9158    .ARM.Collect$$$$0000000B  mc_w.l(entry9a.o)
    0x080001a4   0x00000000   Code   RO         9160    .ARM.Collect$$$$0000000D  mc_w.l(entry10a.o)
    0x080001a4   0x00000000   Code   RO         9162    .ARM.Collect$$$$0000000F  mc_w.l(entry11a.o)
    0x080001a4   0x00000004   Code   RO         9151    .ARM.Collect$$$$00002712  mc_w.l(entry2.o)
    0x080001a8   0x00000024   Code   RO         8804    .text               startup_stm32f401xe.o
    0x080001cc   0x00000028   Code   RO         8827    .text               mc_w.l(memcpy.o)
    0x080001f4   0x00000012   Code   RO         8831    .text               mc_w.l(memset.o)
    0x08000206   0x0000000e   Code   RO         8835    .text               mc_w.l(strlen.o)
    0x08000214   0x00000024   Code   RO         9195    .text               mc_w.l(init.o)
    0x08000238   0x00000170   Code   RO          219    i.Add_Service       bluenrg_sdk_api.o
    0x080003a8   0x00000040   Code   RO         1837    i.BNRG_SPI_Init     stm32_bluenrg_ble.o
    0x080003e8   0x00000068   Code   RO         4485    i.BSP_LED_Init      bsp_common.o
    0x08000450   0x0000004c   Code   RO         4491    i.BSP_SystemClock_Config  bsp_common.o
    0x0800049c   0x00000018   Code   RO         1838    i.BlueNRG_DataPresent  stm32_bluenrg_ble.o
    0x080004b4   0x00000028   Code   RO         1840    i.BlueNRG_RST       stm32_bluenrg_ble.o
    0x080004dc   0x000000a8   Code   RO         1841    i.BlueNRG_SPI_Read_All  stm32_bluenrg_ble.o
    0x08000584   0x000000c8   Code   RO         1842    i.BlueNRG_SPI_Write  stm32_bluenrg_ble.o
    0x0800064c   0x0000000c   Code   RO         1843    i.Clear_SPI_EXTI_Flag  stm32_bluenrg_ble.o
    0x08000658   0x00000008   Code   RO         1331    i.Clock_Time        clock.o
    0x08000660   0x00000002   Code   RO         4758    i.DebugMon_Handler  bsp_isr.o
    0x08000662   0x0000000a   Code   RO         1845    i.Disable_SPI_IRQ   stm32_bluenrg_ble.o
    0x0800066c   0x00000028   Code   RO         4759    i.EXTI0_IRQHandler  bsp_isr.o
    0x08000694   0x00000014   Code   RO         4760    i.EXTI15_10_IRQHandler  bsp_isr.o
    0x080006a8   0x0000000a   Code   RO         4761    i.EXTI4_IRQHandler  bsp_isr.o
    0x080006b2   0x0000000a   Code   RO         1846    i.Enable_SPI_IRQ    stm32_bluenrg_ble.o
    0x080006bc   0x00000002   Code   RO          220    i.GAP_ConnectionComplete_CB  bluenrg_sdk_api.o
    0x080006be   0x00000002   Code   RO          221    i.GAP_DisconnectionComplete_CB  bluenrg_sdk_api.o
    0x080006c0   0x00000002   Code   RO          222    i.GATT_Notification_CB  bluenrg_sdk_api.o
    0x080006c2   0x00000018   Code   RO         4676    i.HAL_Delay         stm32f4xx_hal_msp.o
    0x080006da   0x0000000a   Code   RO         4493    i.HAL_GPIO_EXTI_Callback  bsp_common.o
    0x080006e4   0x0000001c   Code   RO         6269    i.HAL_GPIO_EXTI_IRQHandler  stm32f4xx_hal_gpio.o
    0x08000700   0x000001d0   Code   RO         6270    i.HAL_GPIO_Init     stm32f4xx_hal_gpio.o
    0x080008d0   0x00000010   Code   RO         6272    i.HAL_GPIO_ReadPin  stm32f4xx_hal_gpio.o
    0x080008e0   0x0000000c   Code   RO         6274    i.HAL_GPIO_WritePin  stm32f4xx_hal_gpio.o
    0x080008ec   0x0000000c   Code   RO         4866    i.HAL_GetTick       stm32f4xx_hal.o
    0x080008f8   0x00000010   Code   RO         4867    i.HAL_IncTick       stm32f4xx_hal.o
    0x08000908   0x0000003c   Code   RO         4868    i.HAL_Init          stm32f4xx_hal.o
    0x08000944   0x00000024   Code   RO         4869    i.HAL_InitTick      stm32f4xx_hal.o
    0x08000968   0x00000002   Code   RO         4871    i.HAL_MspInit       stm32f4xx_hal.o
    0x0800096a   0x00000002   PAD
    0x0800096c   0x0000001c   Code   RO         5332    i.HAL_NVIC_DisableIRQ  stm32f4xx_hal_cortex.o
    0x08000988   0x0000001a   Code   RO         5333    i.HAL_NVIC_EnableIRQ  stm32f4xx_hal_cortex.o
    0x080009a2   0x0000007c   Code   RO         5339    i.HAL_NVIC_SetPriority  stm32f4xx_hal_cortex.o
    0x08000a1e   0x00000002   PAD
    0x08000a20   0x00000028   Code   RO         5340    i.HAL_NVIC_SetPriorityGrouping  stm32f4xx_hal_cortex.o
    0x08000a48   0x000001a8   Code   RO         6629    i.HAL_RCCEx_PeriphCLKConfig  stm32f4xx_hal_rcc_ex.o
    0x08000bf0   0x000002b0   Code   RO         6520    i.HAL_RCC_ClockConfig  stm32f4xx_hal_rcc.o
    0x08000ea0   0x00000038   Code   RO         6525    i.HAL_RCC_GetHCLKFreq  stm32f4xx_hal_rcc.o
    0x08000ed8   0x0000002c   Code   RO         6527    i.HAL_RCC_GetPCLK1Freq  stm32f4xx_hal_rcc.o
    0x08000f04   0x0000002c   Code   RO         6528    i.HAL_RCC_GetPCLK2Freq  stm32f4xx_hal_rcc.o
    0x08000f30   0x000000b0   Code   RO         6529    i.HAL_RCC_GetSysClockFreq  stm32f4xx_hal_rcc.o
    0x08000fe0   0x00000404   Code   RO         6532    i.HAL_RCC_OscConfig  stm32f4xx_hal_rcc.o
    0x080013e4   0x00000098   Code   RO         6806    i.HAL_RTCEx_DeactivateWakeUpTimer  stm32f4xx_hal_rtc_ex.o
    0x0800147c   0x000000e8   Code   RO         6826    i.HAL_RTCEx_SetWakeUpTimer_IT  stm32f4xx_hal_rtc_ex.o
    0x08001564   0x00000002   Code   RO         6831    i.HAL_RTCEx_WakeUpTimerEventCallback  stm32f4xx_hal_rtc_ex.o
    0x08001566   0x00000002   PAD
    0x08001568   0x00000040   Code   RO         6832    i.HAL_RTCEx_WakeUpTimerIRQHandler  stm32f4xx_hal_rtc_ex.o
    0x080015a8   0x0000004c   Code   RO         6667    i.HAL_RTC_GetDate   stm32f4xx_hal_rtc.o
    0x080015f4   0x00000058   Code   RO         6669    i.HAL_RTC_GetTime   stm32f4xx_hal_rtc.o
    0x0800164c   0x000000b4   Code   RO         6670    i.HAL_RTC_Init      stm32f4xx_hal_rtc.o
    0x08001700   0x00000050   Code   RO         4678    i.HAL_RTC_MspInit   stm32f4xx_hal_msp.o
    0x08001750   0x00000114   Code   RO         6675    i.HAL_RTC_SetDate   stm32f4xx_hal_rtc.o
    0x08001864   0x00000134   Code   RO         6676    i.HAL_RTC_SetTime   stm32f4xx_hal_rtc.o
    0x08001998   0x0000003a   Code   RO         6677    i.HAL_RTC_WaitForSynchro  stm32f4xx_hal_rtc.o
    0x080019d2   0x00000088   Code   RO         7060    i.HAL_SPI_Init      stm32f4xx_hal_spi.o
    0x08001a5a   0x00000002   PAD
    0x08001a5c   0x000001b0   Code   RO         1847    i.HAL_SPI_MspInit   stm32_bluenrg_ble.o
    0x08001c0c   0x00000352   Code   RO         7068    i.HAL_SPI_TransmitReceive  stm32f4xx_hal_spi.o
    0x08001f5e   0x00000034   Code   RO         5344    i.HAL_SYSTICK_Config  stm32f4xx_hal_cortex.o
    0x08001f92   0x0000006e   Code   RO         8490    i.HAL_UART_Init     stm32f4xx_hal_uart.o
    0x08002000   0x00000134   Code   RO         4680    i.HAL_UART_MspInit  stm32f4xx_hal_msp.o
    0x08002134   0x000000f0   Code   RO         8498    i.HAL_UART_Transmit  stm32f4xx_hal_uart.o
    0x08002224   0x000000fc   Code   RO          223    i.HCI_Event_CB      bluenrg_sdk_api.o
    0x08002320   0x0000003c   Code   RO         1376    i.HCI_Init          hci.o
    0x0800235c   0x00000088   Code   RO         1377    i.HCI_Isr           hci.o
    0x080023e4   0x00000084   Code   RO         1378    i.HCI_Process       hci.o
    0x08002468   0x00000010   Code   RO         1379    i.HCI_Queue_Empty   hci.o
    0x08002478   0x00000024   Code   RO         1381    i.HCI_verify        hci.o
    0x0800249c   0x00000050   Code   RO         1848    i.Hal_Write_Serial  stm32_bluenrg_ble.o
    0x080024ec   0x00000004   Code   RO         4762    i.HardFault_Handler  bsp_isr.o
    0x080024f0   0x00000002   Code   RO         4763    i.NMI_Handler       bsp_isr.o
    0x080024f2   0x00000002   PAD
    0x080024f4   0x00000010   Code   RO         5346    i.NVIC_GetPriorityGrouping  stm32f4xx_hal_cortex.o
    0x08002504   0x00000028   Code   RO         5347    i.NVIC_SetPriority  stm32f4xx_hal_cortex.o
    0x0800252c   0x00000014   Code   RO         1803    i.Osal_MemCpy       osal.o
    0x08002540   0x00000014   Code   RO         1804    i.Osal_MemSet       osal.o
    0x08002554   0x00000002   Code   RO         4764    i.PendSV_Handler    bsp_isr.o
    0x08002556   0x00000016   Code   RO         6678    i.RTC_Bcd2ToByte    stm32f4xx_hal_rtc.o
    0x0800256c   0x0000001a   Code   RO         6679    i.RTC_ByteToBcd2    stm32f4xx_hal_rtc.o
    0x08002586   0x00000002   PAD
    0x08002588   0x00000058   Code   RO          493    i.RTC_CalendarConfig  stm32f401_lp_mode.o
    0x080025e0   0x00000060   Code   RO          494    i.RTC_CalendarShow  stm32f401_lp_mode.o
    0x08002640   0x0000003e   Code   RO         6680    i.RTC_EnterInitMode  stm32f4xx_hal_rtc.o
    0x0800267e   0x00000002   PAD
    0x08002680   0x00000010   Code   RO         4766    i.RTC_WKUP_IRQHandler  bsp_isr.o
    0x08002690   0x00000018   Code   RO          224    i.Read_Request_CB   bluenrg_sdk_api.o
    0x080026a8   0x00000114   Code   RO         7090    i.SPI_WaitOnFlagUntilTimeout  stm32f4xx_hal_spi.o
    0x080027bc   0x00000002   Code   RO         4767    i.SVC_Handler       bsp_isr.o
    0x080027be   0x00000002   PAD
    0x080027c0   0x00000018   Code   RO         4768    i.SysTick_Handler   bsp_isr.o
    0x080027d8   0x00000064   Code   RO         8765    i.SystemInit        system_stm32f4xx.o
    0x0800283c   0x0000001c   Code   RO         1657    i.Timer_Expired     gp_timer.o
    0x08002858   0x00000010   Code   RO         1661    i.Timer_Set         gp_timer.o
    0x08002868   0x000000a8   Code   RO         4681    i.UART_Init         stm32f4xx_hal_msp.o
    0x08002910   0x00000224   Code   RO         8510    i.UART_SetConfig    stm32f4xx_hal_uart.o
    0x08002b34   0x000000fa   Code   RO         8512    i.UART_WaitOnFlagUntilTimeout  stm32f4xx_hal_uart.o
    0x08002c2e   0x00000002   PAD
    0x08002c30   0x00000010   Code   RO         8842    i.__0printf$bare    mc_w.l(printfb.o)
    0x08002c40   0x00000002   Code   RO          573    i.__jsensor_init_sensor  juma_sensor.o
    0x08002c42   0x0000000e   Code   RO         9207    i.__scatterload_copy  mc_w.l(handlers.o)
    0x08002c50   0x00000002   Code   RO         9208    i.__scatterload_null  mc_w.l(handlers.o)
    0x08002c52   0x0000000e   Code   RO         9209    i.__scatterload_zeroinit  mc_w.l(handlers.o)
    0x08002c60   0x00000022   Code   RO         8849    i._printf_core      mc_w.l(printfb.o)
    0x08002c82   0x00000088   Code   RO          722    i.aci_gap_init      bluenrg_gap_aci.o
    0x08002d0a   0x00000088   Code   RO          727    i.aci_gap_set_auth_requirement  bluenrg_gap_aci.o
    0x08002d92   0x0000010c   Code   RO          731    i.aci_gap_set_discoverable  bluenrg_gap_aci.o
    0x08002e9e   0x000000e0   Code   RO          970    i.aci_gatt_add_char  bluenrg_gatt_aci.o
    0x08002f7e   0x000000a0   Code   RO          972    i.aci_gatt_add_serv  bluenrg_gatt_aci.o
    0x0800301e   0x00000048   Code   RO          973    i.aci_gatt_allow_read  bluenrg_gatt_aci.o
    0x08003066   0x0000003c   Code   RO          986    i.aci_gatt_init     bluenrg_gatt_aci.o
    0x080030a2   0x000000aa   Code   RO          999    i.aci_gatt_update_char_value  bluenrg_gatt_aci.o
    0x0800314c   0x00000058   Code   RO         1245    i.aci_hal_set_tx_power_level  bluenrg_hal_aci.o
    0x080031a4   0x0000007c   Code   RO         1248    i.aci_hal_write_config_data  bluenrg_hal_aci.o
    0x08003220   0x0000001a   Code   RO          225    i.ble_address       bluenrg_sdk_api.o
    0x0800323a   0x00000002   Code   RO            4    i.ble_device_on_connect  app.o
    0x0800323c   0x0000000a   Code   RO            5    i.ble_device_on_disconnect  app.o
    0x08003246   0x00000014   Code   RO            6    i.ble_device_on_message  app.o
    0x0800325a   0x00000002   PAD
    0x0800325c   0x00000064   Code   RO          229    i.ble_device_send   bluenrg_sdk_api.o
    0x080032c0   0x0000000c   Code   RO          230    i.ble_device_set_advertising_interval  bluenrg_sdk_api.o
    0x080032cc   0x0000004c   Code   RO          231    i.ble_device_set_name  bluenrg_sdk_api.o
    0x08003318   0x00000084   Code   RO          232    i.ble_device_start_advertising  bluenrg_sdk_api.o
    0x0800339c   0x000000d8   Code   RO          235    i.ble_init_bluenrg  bluenrg_sdk_api.o
    0x08003474   0x0000002e   Code   RO          236    i.ble_set_adv_param  bluenrg_sdk_api.o
    0x080034a2   0x00000012   Code   RO          237    i.ble_set_tx_power  bluenrg_sdk_api.o
    0x080034b4   0x00000054   Code   RO         4510    i.bsp_init          bsp_common.o
    0x08003508   0x0000000c   Code   RO          238    i.connection_information  bluenrg_sdk_api.o
    0x08003514   0x0000000a   Code   RO          416    i.current_time      dispatch.o
    0x0800351e   0x00000002   PAD
    0x08003520   0x00000060   Code   RO          417    i.dispatch          dispatch.o
    0x08003580   0x0000003c   Code   RO          418    i.dispatch_head_op  dispatch.o
    0x080035bc   0x00000038   Code   RO          419    i.dispatch_init     dispatch.o
    0x080035f4   0x00000024   Code   RO         4684    i.fputc             stm32f4xx_hal_msp.o
    0x08003618   0x0000006a   Code   RO         1405    i.hci_le_set_scan_resp_data  hci.o
    0x08003682   0x0000003c   Code   RO         1412    i.hci_send_cmd      hci.o
    0x080036be   0x00000002   PAD
    0x080036c0   0x000001b8   Code   RO         1413    i.hci_send_req      hci.o
    0x08003878   0x0000001c   Code   RO         1415    i.hci_write         hci.o
    0x08003894   0x00000002   Code   RO          577    i.jsensor_app_set_sensors  juma_sensor.o
    0x08003896   0x0000000c   Code   RO          578    i.jsensor_sys_init  juma_sensor.o
    0x080038a2   0x00000006   Code   RO         1712    i.list_init_head    list.o
    0x080038a8   0x0000000e   Code   RO         1713    i.list_insert_head  list.o
    0x080038b6   0x0000000e   Code   RO         1716    i.list_insert_tail  list.o
    0x080038c4   0x00000010   Code   RO         1717    i.list_is_empty     list.o
    0x080038d4   0x0000001c   Code   RO         1718    i.list_remove_head  list.o
    0x080038f0   0x0000000e   Code   RO         1719    i.list_remove_node  list.o
    0x080038fe   0x00000002   Code   RO          185    i.loop              main.o
    0x08003900   0x0000001c   Code   RO          186    i.main              main.o
    0x0800391c   0x00000024   Code   RO         1416    i.move_list         hci.o
    0x08003940   0x00000024   Code   RO            7    i.on_ready          app.o
    0x08003964   0x00000044   Code   RO          420    i.reset_rtc         dispatch.o
    0x080039a8   0x00000038   Code   RO          500    i.rtc_init          stm32f401_lp_mode.o
    0x080039e0   0x0000004c   Code   RO          501    i.rtc_wake_up_timer_config  stm32f401_lp_mode.o
    0x08003a2c   0x00000038   Code   RO         1850    i.set_irq_as_input  stm32_bluenrg_ble.o
    0x08003a64   0x00000030   Code   RO         1851    i.set_irq_as_output  stm32_bluenrg_ble.o
    0x08003a94   0x0000000c   Code   RO          423    i.set_timer         dispatch.o
    0x08003aa0   0x0000001c   Code   RO         1852    i.us150Delay        stm32_bluenrg_ble.o
    0x08003abc   0x00000004   Data   RO         1333    .constdata          clock.o
    0x08003ac0   0x00000005   Data   RO         4512    .constdata          bsp_common.o
    0x08003ac5   0x00000010   Data   RO         6533    .constdata          stm32f4xx_hal_rcc.o
    0x08003ad5   0x00000003   PAD
    0x08003ad8   0x0000000e   Data   RO            8    .conststring        app.o
    0x08003ae6   0x00000002   PAD
    0x08003ae8   0x00000020   Data   RO         9205    Region$$Table       anon$$obj.o


    Execution Region RW_IRAM1 (Base: 0x20000000, Size: 0x00000e68, Max: 0x00018000, ABSOLUTE)

    Base Addr    Size         Type   Attr      Idx    E Section Name        Object

    0x20000000   0x0000000a   Data   RW            9    .data               app.o
    0x2000000a   0x00000031   Data   RW          240    .data               bluenrg_sdk_api.o
    0x2000003b   0x00000001   PAD
    0x2000003c   0x00000018   Data   RW          425    .data               dispatch.o
    0x20000054   0x00000013   Data   RW         1418    .data               hci.o
    0x20000067   0x00000001   PAD
    0x20000068   0x0000000c   Data   RW         4513    .data               bsp_common.o
    0x20000074   0x0000000c   Data   RW         4769    .data               bsp_isr.o
    0x20000080   0x00000004   Data   RW         4874    .data               stm32f4xx_hal.o
    0x20000084   0x00000014   Data   RW         8766    .data               system_stm32f4xx.o
    0x20000098   0x00000004   Data   RW         9164    .data               mc_w.l(stdout.o)
    0x2000009c   0x00000014   Zero   RW          239    .bss                bluenrg_sdk_api.o
    0x200000b0   0x00000200   Zero   RW          424    .bss                dispatch.o
    0x200002b0   0x00000020   Zero   RW          502    .bss                stm32f401_lp_mode.o
    0x200002d0   0x000002bc   Zero   RW         1417    .bss                hci.o
    0x2000058c   0x00000058   Zero   RW         1853    .bss                stm32_bluenrg_ble.o
    0x200005e4   0x00000080   Zero   RW         4685    .bss                stm32f4xx_hal_msp.o
    0x20000664   0x00000004   PAD
    0x20000668   0x00000800   Zero   RW         8801    STACK               startup_stm32f401xe.o


==============================================================================

Image component sizes


      Code (inc. data)   RO Data    RW Data    ZI Data      Debug   Object Name

        68         10         14         10          0     268213   app.o
       540          0          0          0          0      35225   bluenrg_gap_aci.o
       686          0          0          0          0       6215   bluenrg_gatt_aci.o
       212          0          0          0          0       2805   bluenrg_hal_aci.o
      1288        212          0         49         20      51634   bluenrg_sdk_api.o
       274         18          5         12          0       4260   bsp_common.o
       122         24          0         12          0       6560   bsp_isr.o
         8          0          4          0          0       1844   clock.o
       302         40          0         24        512       5610   dispatch.o
        44          0          0          0          0       2032   gp_timer.o
      1050         64          0         19        700      12339   hci.o
        16          0          0          0          0       1741   juma_sensor.o
        92          0          0          0          0       4461   list.o
        30          0          0          0          0       1010   main.o
        40          0          0          0          0       1540   osal.o
        36          8        404          0       2048        920   startup_stm32f401xe.o
      1172        106          0          0         88      11241   stm32_bluenrg_ble.o
       316         24          0          0         32       3813   stm32f401_lp_mode.o
       126         16          0          4          0       4636   stm32f4xx_hal.o
       326         28          0          0          0      31905   stm32f4xx_hal_cortex.o
       520         36          0          0          0       4118   stm32f4xx_hal_gpio.o
       616         98          0          0        128       5967   stm32f4xx_hal_msp.o
      2036         62         16          0          0       6587   stm32f4xx_hal_rcc.o
       424         22          0          0          0       1640   stm32f4xx_hal_rcc_ex.o
      1096         24          0          0          0       8110   stm32f4xx_hal_rtc.o
       450         10          0          0          0       3855   stm32f4xx_hal_rtc_ex.o
      1262          0          0          0          0       3985   stm32f4xx_hal_spi.o
      1148         10          0          0          0       4272   stm32f4xx_hal_uart.o
       100         18          0         20          0       1489   system_stm32f4xx.o

    ----------------------------------------------------------------------
     14424        830        480        152       3532     498027   Object Totals
         0          0         32          0          0          0   (incl. Generated)
        24          0          5          2          4          0   (incl. Padding)

    ----------------------------------------------------------------------

      Code (inc. data)   RO Data    RW Data    ZI Data      Debug   Library Member Name

         0          0          0          0          0          0   entry.o
         0          0          0          0          0          0   entry10a.o
         0          0          0          0          0          0   entry11a.o
         8          4          0          0          0          0   entry2.o
         4          0          0          0          0          0   entry5.o
         0          0          0          0          0          0   entry7b.o
         0          0          0          0          0          0   entry8b.o
         8          4          0          0          0          0   entry9a.o
        30          0          0          0          0          0   handlers.o
        36          8          0          0          0         68   init.o
        40          0          0          0          0         76   memcpy.o
        18          0          0          0          0         76   memset.o
        50          8          0          0          0        152   printfb.o
         0          0          0          4          0          0   stdout.o
        14          0          0          0          0         68   strlen.o

    ----------------------------------------------------------------------
       208         24          0          4          0        440   Library Totals
         0          0          0          0          0          0   (incl. Padding)

    ----------------------------------------------------------------------

      Code (inc. data)   RO Data    RW Data    ZI Data      Debug   Library Name

       208         24          0          4          0        440   mc_w.l

    ----------------------------------------------------------------------
       208         24          0          4          0        440   Library Totals

    ----------------------------------------------------------------------

==============================================================================


      Code (inc. data)   RO Data    RW Data    ZI Data      Debug   

     14632        854        480        156       3532     485067   Grand Totals
     14632        854        480        156       3532     485067   ELF Image Totals
     14632        854        480        156          0          0   ROM Totals

==============================================================================

    Total RO  Size (Code + RO Data)                15112 (  14.76kB)
    Total RW  Size (RW Data + ZI Data)              3688 (   3.60kB)
    Total ROM Size (Code + RO Data + RW Data)      15268 (  14.91kB)

==============================================================================

