Component: ARM Compiler 5.06 update 2 (build 183) Tool: armlink [4d35b7]

==============================================================================

Section Cross References

    main.o(i.HAL_UART_RxCpltCallback) refers to stm32f4xx_hal_gpio.o(i.HAL_GPIO_WritePin) for HAL_GPIO_WritePin
    main.o(i.HAL_UART_RxCpltCallback) refers to printf1.o(i.__0printf$1) for __2printf
    main.o(i.HAL_UART_RxCpltCallback) refers to main.o(.data) for st
    main.o(i.HAL_UART_RxCpltCallback) refers to main.o(.bss) for URX_Buffer
    main.o(i.PA1_Init) refers to stm32f4xx_hal_tim.o(i.HAL_TIM_PWM_Init) for HAL_TIM_PWM_Init
    main.o(i.PA1_Init) refers to bsp_common.o(i.Error_Handler) for Error_Handler
    main.o(i.PA1_Init) refers to stm32f4xx_hal_tim_ex.o(i.HAL_TIMEx_MasterConfigSynchronization) for HAL_TIMEx_MasterConfigSynchronization
    main.o(i.PA1_Init) refers to stm32f4xx_hal_tim.o(i.HAL_TIM_PWM_ConfigChannel) for HAL_TIM_PWM_ConfigChannel
    main.o(i.PA1_Init) refers to stm32f4xx_hal_tim.o(i.HAL_TIM_PWM_Start) for HAL_TIM_PWM_Start
    main.o(i.PA1_Init) refers to stm32f4xx_hal_gpio.o(i.HAL_GPIO_Init) for HAL_GPIO_Init
    main.o(i.PA1_Init) refers to main.o(.bss) for htim2
    main.o(i.ble_device_on_connect) refers to dispatch.o(i.current_time) for current_time
    main.o(i.ble_device_on_connect) refers to dispatch.o(i.run_at_time) for run_at_time
    main.o(i.ble_device_on_connect) refers to main.o(.data) for running
    main.o(i.ble_device_on_connect) refers to main.o(i.read_temperature) for read_temperature
    main.o(i.ble_device_on_disconnect) refers to bsp_common.o(i.BSP_LED_Off) for BSP_LED_Off
    main.o(i.ble_device_on_disconnect) refers to bluenrg_sdk_api.o(i.ble_device_start_advertising) for ble_device_start_advertising
    main.o(i.ble_device_on_disconnect) refers to main.o(.data) for running
    main.o(i.ble_device_on_message) refers to bsp_common.o(i.BSP_LED_On) for BSP_LED_On
    main.o(i.ble_device_on_message) refers to stm32f4xx_hal_gpio.o(i.HAL_GPIO_WritePin) for HAL_GPIO_WritePin
    main.o(i.ble_device_on_message) refers to dispatch.o(i.current_time) for current_time
    main.o(i.ble_device_on_message) refers to dispatch.o(i.run_at_time) for run_at_time
    main.o(i.ble_device_on_message) refers to main.o(.data) for st
    main.o(i.ble_device_on_message) refers to main.o(.bss) for htim2
    main.o(i.ble_device_on_message) refers to main.o(i.stop) for stop
    main.o(i.jsensor_app_set_sensors) refers to juma_sensor.o(i.jsensor_app_set_sensor) for jsensor_app_set_sensor
    main.o(i.led_off) refers to bsp_common.o(i.BSP_LED_Off) for BSP_LED_Off
    main.o(i.led_on) refers to bsp_common.o(i.BSP_LED_On) for BSP_LED_On
    main.o(i.main) refers to bsp_common.o(i.bsp_init) for bsp_init
    main.o(i.main) refers to dispatch.o(i.dispatch_init) for dispatch_init
    main.o(i.main) refers to main.o(i.PA1_Init) for PA1_Init
    main.o(i.main) refers to bluenrg_sdk_api.o(i.ble_set_adv_param) for ble_set_adv_param
    main.o(i.main) refers to bluenrg_sdk_api.o(i.ble_device_start_advertising) for ble_device_start_advertising
    main.o(i.main) refers to stm32f4xx_hal_msp.o(i.UART_Init) for UART_Init
    main.o(i.main) refers to hci.o(i.HCI_Process) for HCI_Process
    main.o(i.main) refers to dispatch.o(i.dispatch) for dispatch
    main.o(i.main) refers to main.o(i.loop) for loop
    main.o(i.main) refers to stm32f4xx_hal_uart.o(i.HAL_UART_Receive_IT) for HAL_UART_Receive_IT
    main.o(i.main) refers to main.o(.data) for adv_interval
    main.o(i.main) refers to main.o(.bss) for URX_Buffer
    main.o(i.main) refers to stm32f4xx_hal_msp.o(.bss) for Uart1Handle
    main.o(i.read_accelerometer) refers to juma_sensor.o(i.jsensor_app_read_sensor) for jsensor_app_read_sensor
    main.o(i.read_accelerometer) refers to bluenrg_sdk_api.o(i.ble_device_send) for ble_device_send
    main.o(i.read_accelerometer) refers to dispatch.o(i.current_time) for current_time
    main.o(i.read_accelerometer) refers to dispatch.o(i.run_at_time) for run_at_time
    main.o(i.read_accelerometer) refers to main.o(.data) for running
    main.o(i.read_accelerometer) refers to main.o(i.read_coordinate) for read_coordinate
    main.o(i.read_coordinate) refers to juma_sensor.o(i.jsensor_app_read_sensor) for jsensor_app_read_sensor
    main.o(i.read_coordinate) refers to bluenrg_sdk_api.o(i.ble_device_send) for ble_device_send
    main.o(i.read_coordinate) refers to dispatch.o(i.current_time) for current_time
    main.o(i.read_coordinate) refers to dispatch.o(i.run_at_time) for run_at_time
    main.o(i.read_coordinate) refers to main.o(.data) for running
    main.o(i.read_coordinate) refers to main.o(i.read_temperature) for read_temperature
    main.o(i.read_humidity) refers to juma_sensor.o(i.jsensor_app_read_sensor) for jsensor_app_read_sensor
    main.o(i.read_humidity) refers to bluenrg_sdk_api.o(i.ble_device_send) for ble_device_send
[...]
    _errno                                   0x200001f0   Data           4  errno.o(.data)
    .bss                                     0x200001f4   Section      172  main.o(.bss)
    .bss                                     0x200002a0   Section       20  bluenrg_sdk_api.o(.bss)
    local_name                               0x200002a0   Data          20  bluenrg_sdk_api.o(.bss)
    .bss                                     0x200002b4   Section      512  dispatch.o(.bss)
    op_pool                                  0x200002b4   Data         512  dispatch.o(.bss)
    .bss                                     0x200004b4   Section       32  stm32f401_lp_mode.o(.bss)
    .bss                                     0x200004d4   Section      700  hci.o(.bss)
    hciReadPacketBuffer                      0x200004d4   Data         700  hci.o(.bss)
    .bss                                     0x20000790   Section       88  stm32_bluenrg_ble.o(.bss)
    .bss                                     0x200007e8   Section      148  x_nucleo_iks01a1.o(.bss)
    Lsm6ds3_hnucleo_Spi                      0x20000824   Data          88  x_nucleo_iks01a1.o(.bss)
    .bss                                     0x2000087c   Section      128  stm32f4xx_hal_msp.o(.bss)
    STACK                                    0x20000900   Section     2048  startup_stm32f401xe.o(STACK)

    Global Symbols

    Symbol Name                              Value     Ov Type        Size  Object(Section)

    BuildAttributes$$THM_ISAv4$E$P$D$K$B$S$7EM$VFPi3$EXTD16$VFPS$VFMA$PE$A:L22UL41UL21$X:L11$S22US41US21$IEEE1$IW$USESV6$~STKCKD$USESV7$~SHL$OTIME$ROPI$IEEEX$EBA8$MICROLIB$REQ8$PRES8$EABIv2 0x00000000   Number         0  anon$$obj.o ABSOLUTE
    __ARM_use_no_argv                        0x00000000   Number         0  main.o ABSOLUTE
    _printf_a                                0x00000000   Number         0  stubs.o ABSOLUTE
    _printf_c                                0x00000000   Number         0  stubs.o ABSOLUTE
    _printf_charcount                        0x00000000   Number         0  stubs.o ABSOLUTE
    _printf_d                                0x00000000   Number         0  stubs.o ABSOLUTE
    _printf_e                                0x00000000   Number         0  stubs.o ABSOLUTE
    _printf_f                                0x00000000   Number         0  stubs.o ABSOLUTE
    _printf_flags                            0x00000000   Number         0  stubs.o ABSOLUTE
    _printf_fp_dec                           0x00000000   Number         0  stubs.o ABSOLUTE
    _printf_fp_hex                           0x00000000   Number         0  stubs.o ABSOLUTE
    _printf_g                                0x00000000   Number         0  stubs.o ABSOLUTE
    _printf_i                                0x00000000   Number         0  stubs.o ABSOLUTE
    _printf_int_dec                          0x00000000   Number         0  stubs.o ABSOLUTE
    _printf_l                                0x00000000   Number         0  stubs.o ABSOLUTE
    _printf_lc                               0x00000000   Number         0  stubs.o ABSOLUTE
    _printf_ll                               0x00000000   Number         0  stubs.o ABSOLUTE
    _printf_lld                              0x00000000   Number         0  stubs.o ABSOLUTE
    _printf_lli                              0x00000000   Number         0  stubs.o ABSOLUTE
    _printf_llo                              0x00000000   Number         0  stubs.o ABSOLUTE
    _printf_llu                              0x00000000   Number         0  stubs.o ABSOLUTE
    _printf_llx                              0x00000000   Number         0  stubs.o ABSOLUTE
    _printf_longlong_dec                     0x00000000   Number         0  stubs.o ABSOLUTE
    _printf_longlong_hex                     0x00000000   Number         0  stubs.o ABSOLUTE
    _printf_longlong_oct                     0x00000000   Number         0  stubs.o ABSOLUTE
    _printf_ls                               0x00000000   Number         0  stubs.o ABSOLUTE
    _printf_mbtowc                           0x00000000   Number         0  stubs.o ABSOLUTE
    _printf_n                                0x00000000   Number         0  stubs.o ABSOLUTE
    _printf_o                                0x00000000   Number         0  stubs.o ABSOLUTE
    _printf_p                                0x00000000   Number         0  stubs.o ABSOLUTE
    _printf_percent                          0x00000000   Number         0  stubs.o ABSOLUTE
    _printf_pre_padding                      0x00000000   Number         0  stubs.o ABSOLUTE
    _printf_return_value                     0x00000000   Number         0  stubs.o ABSOLUTE
    _printf_s                                0x00000000   Number         0  stubs.o ABSOLUTE
    _printf_sizespec                         0x00000000   Number         0  stubs.o ABSOLUTE
    _printf_str                              0x00000000   Number         0  stubs.o ABSOLUTE
    _printf_truncate_signed                  0x00000000   Number         0  stubs.o ABSOLUTE
    _printf_truncate_unsigned                0x00000000   Number         0  stubs.o ABSOLUTE
    _printf_u                                0x00000000   Number         0  stubs.o ABSOLUTE
    _printf_wc                               0x00000000   Number         0  stubs.o ABSOLUTE
    _printf_wctomb                           0x00000000   Number         0  stubs.o ABSOLUTE
    _printf_widthprec                        0x00000000   Number         0  stubs.o ABSOLUTE
    _printf_x                                0x00000000   Number         0  stubs.o ABSOLUTE
    __cpp_initialize__aeabi_                  - Undefined Weak Reference
    __cxa_finalize                            - Undefined Weak Reference
    _clock_init                               - Undefined Weak Reference
    _microlib_exit                            - Undefined Weak Reference
    __Vectors_Size                           0x00000194   Number         0  startup_stm32f401xe.o ABSOLUTE
    __Vectors                                0x08000000   Data           4  startup_stm32f401xe.o(RESET)
    __Vectors_End                            0x08000194   Data           0  startup_stm32f401xe.o(RESET)
    __main                                   0x08000195   Thumb Code     0  entry.o(.ARM.Collect$$$$00000000)
    _main_stk                                0x08000195   Thumb Code     0  entry2.o(.ARM.Collect$$$$00000001)
    _main_scatterload                        0x08000199   Thumb Code     0  entry5.o(.ARM.Collect$$$$00000004)
    __main_after_scatterload                 0x0800019d   Thumb Code     0  entry5.o(.ARM.Collect$$$$00000004)
    _main_clock                              0x0800019d   Thumb Code     0  entry7b.o(.ARM.Collect$$$$00000008)
    _main_cpp_init                           0x0800019d   Thumb Code     0  entry8b.o(.ARM.Collect$$$$0000000A)
    _main_init                               0x0800019d   Thumb Code     0  entry9a.o(.ARM.Collect$$$$0000000B)
    __rt_final_cpp                           0x080001a5   Thumb Code     0  entry10a.o(.ARM.Collect$$$$0000000D)
    __rt_final_exit                          0x080001a5   Thumb Code     0  entry11a.o(.ARM.Collect$$$$0000000F)
    Reset_Handler                            0x080001a9   Thumb Code     8  startup_stm32f401xe.o(.text)
    MemManage_Handler                        0x080001b5   Thumb Code     2  startup_stm32f401xe.o(.text)
    BusFault_Handler                         0x080001b7   Thumb Code     2  startup_stm32f401xe.o(.text)
    UsageFault_Handler                       0x080001b9   Thumb Code     2  startup_stm32f401xe.o(.text)
    ADC_IRQHandler                           0x080001c3   Thumb Code     0  startup_stm32f401xe.o(.text)
    DMA1_Stream0_IRQHandler                  0x080001c3   Thumb Code     0  startup_stm32f401xe.o(.text)
    DMA1_Stream1_IRQHandler                  0x080001c3   Thumb Code     0  startup_stm32f401xe.o(.text)
    DMA1_Stream2_IRQHandler                  0x080001c3   Thumb Code     0  startup_stm32f401xe.o(.text)
    DMA1_Stream3_IRQHandler                  0x080001c3   Thumb Code     0  startup_stm32f401xe.o(.text)
    DMA1_Stream4_IRQHandler                  0x080001c3   Thumb Code     0  startup_stm32f401xe.o(.text)
    DMA1_Stream5_IRQHandler                  0x080001c3   Thumb Code     0  startup_stm32f401xe.o(.text)
    DMA1_Stream6_IRQHandler                  0x080001c3   Thumb Code     0  startup_stm32f401xe.o(.text)
    DMA1_Stream7_IRQHandler                  0x080001c3   Thumb Code     0  startup_stm32f401xe.o(.text)
    DMA2_Stream0_IRQHandler                  0x080001c3   Thumb Code     0  startup_stm32f401xe.o(.text)
    DMA2_Stream1_IRQHandler                  0x080001c3   Thumb Code     0  startup_stm32f401xe.o(.text)
    DMA2_Stream2_IRQHandler                  0x080001c3   Thumb Code     0  startup_stm32f401xe.o(.text)
    DMA2_Stream3_IRQHandler                  0x080001c3   Thumb Code     0  startup_stm32f401xe.o(.text)
    DMA2_Stream4_IRQHandler                  0x080001c3   Thumb Code     0  startup_stm32f401xe.o(.text)
    DMA2_Stream5_IRQHandler                  0x080001c3   Thumb Code     0  startup_stm32f401xe.o(.text)
    DMA2_Stream6_IRQHandler                  0x080001c3   Thumb Code     0  startup_stm32f401xe.o(.text)
    DMA2_Stream7_IRQHandler                  0x080001c3   Thumb Code     0  startup_stm32f401xe.o(.text)
    EXTI1_IRQHandler                         0x080001c3   Thumb Code     0  startup_stm32f401xe.o(.text)
    EXTI2_IRQHandler                         0x080001c3   Thumb Code     0  startup_stm32f401xe.o(.text)
    EXTI3_IRQHandler                         0x080001c3   Thumb Code     0  startup_stm32f401xe.o(.text)
    EXTI9_5_IRQHandler                       0x080001c3   Thumb Code     0  startup_stm32f401xe.o(.text)
    FLASH_IRQHandler                         0x080001c3   Thumb Code     0  startup_stm32f401xe.o(.text)
    FPU_IRQHandler                           0x080001c3   Thumb Code     0  startup_stm32f401xe.o(.text)
    I2C1_ER_IRQHandler                       0x080001c3   Thumb Code     0  startup_stm32f401xe.o(.text)
    I2C1_EV_IRQHandler                       0x080001c3   Thumb Code     0  startup_stm32f401xe.o(.text)
    I2C2_ER_IRQHandler                       0x080001c3   Thumb Code     0  startup_stm32f401xe.o(.text)
    I2C2_EV_IRQHandler                       0x080001c3   Thumb Code     0  startup_stm32f401xe.o(.text)
    I2C3_ER_IRQHandler                       0x080001c3   Thumb Code     0  startup_stm32f401xe.o(.text)
    I2C3_EV_IRQHandler                       0x080001c3   Thumb Code     0  startup_stm32f401xe.o(.text)
    OTG_FS_IRQHandler                        0x080001c3   Thumb Code     0  startup_stm32f401xe.o(.text)
    OTG_FS_WKUP_IRQHandler                   0x080001c3   Thumb Code     0  startup_stm32f401xe.o(.text)
    PVD_IRQHandler                           0x080001c3   Thumb Code     0  startup_stm32f401xe.o(.text)
    RCC_IRQHandler                           0x080001c3   Thumb Code     0  startup_stm32f401xe.o(.text)
    RTC_Alarm_IRQHandler                     0x080001c3   Thumb Code     0  startup_stm32f401xe.o(.text)
    SDIO_IRQHandler                          0x080001c3   Thumb Code     0  startup_stm32f401xe.o(.text)
    SPI1_IRQHandler                          0x080001c3   Thumb Code     0  startup_stm32f401xe.o(.text)
    SPI2_IRQHandler                          0x080001c3   Thumb Code     0  startup_stm32f401xe.o(.text)
    SPI3_IRQHandler                          0x080001c3   Thumb Code     0  startup_stm32f401xe.o(.text)
    SPI4_IRQHandler                          0x080001c3   Thumb Code     0  startup_stm32f401xe.o(.text)
    TAMP_STAMP_IRQHandler                    0x080001c3   Thumb Code     0  startup_stm32f401xe.o(.text)
    TIM1_BRK_TIM9_IRQHandler                 0x080001c3   Thumb Code     0  startup_stm32f401xe.o(.text)
    TIM1_CC_IRQHandler                       0x080001c3   Thumb Code     0  startup_stm32f401xe.o(.text)
    TIM1_TRG_COM_TIM11_IRQHandler            0x080001c3   Thumb Code     0  startup_stm32f401xe.o(.text)
    TIM1_UP_TIM10_IRQHandler                 0x080001c3   Thumb Code     0  startup_stm32f401xe.o(.text)
    TIM2_IRQHandler                          0x080001c3   Thumb Code     0  startup_stm32f401xe.o(.text)
    TIM3_IRQHandler                          0x080001c3   Thumb Code     0  startup_stm32f401xe.o(.text)
    TIM4_IRQHandler                          0x080001c3   Thumb Code     0  startup_stm32f401xe.o(.text)
    TIM5_IRQHandler                          0x080001c3   Thumb Code     0  startup_stm32f401xe.o(.text)
    USART2_IRQHandler                        0x080001c3   Thumb Code     0  startup_stm32f401xe.o(.text)
    USART6_IRQHandler                        0x080001c3   Thumb Code     0  startup_stm32f401xe.o(.text)
    WWDG_IRQHandler                          0x080001c3   Thumb Code     0  startup_stm32f401xe.o(.text)
    ___aeabi_memcpy8$ret                     0x080001cd   Thumb Code     0  memcpy.o(.text)
    __aeabi_memcpy                           0x080001cd   Thumb Code    40  memcpy.o(.text)
    __aeabi_memcpy4                          0x080001cd   Thumb Code     0  memcpy.o(.text)
    memcpy                                   0x080001cd   Thumb Code     0  memcpy.o(.text)
    __aeabi_memset                           0x080001f5   Thumb Code    14  memseta.o(.text)
    __aeabi_memset4                          0x080001f5   Thumb Code     0  memseta.o(.text)
    __aeabi_memset8                          0x080001f5   Thumb Code     0  memseta.o(.text)
    __aeabi_memclr                           0x08000203   Thumb Code     4  memseta.o(.text)
    __aeabi_memclr4                          0x08000203   Thumb Code     0  memseta.o(.text)
    __aeabi_memclr8                          0x08000203   Thumb Code     0  memseta.o(.text)
    memset                                   0x08000207   Thumb Code    18  memseta.o(.text)
    strlen                                   0x08000219   Thumb Code    14  strlen.o(.text)
    __aeabi_dmul                             0x08000227   Thumb Code   228  dmul.o(.text)
    __aeabi_ddiv                             0x0800030b   Thumb Code   222  ddiv.o(.text)
    __aeabi_d2iz                             0x080003e9   Thumb Code    62  dfixi.o(.text)
    __aeabi_d2uiz                            0x08000427   Thumb Code    50  dfixui.o(.text)
    __aeabi_f2d                              0x08000459   Thumb Code    38  f2d.o(.text)
    __aeabi_d2f                              0x0800047f   Thumb Code    56  d2f.o(.text)
    __aeabi_uidiv                            0x080004b7   Thumb Code     0  uidiv.o(.text)
    __aeabi_uidivmod                         0x080004b7   Thumb Code    44  uidiv.o(.text)
    __aeabi_llsl                             0x080004e3   Thumb Code    30  llshl.o(.text)
    _ll_shift_l                              0x080004e3   Thumb Code     0  llshl.o(.text)
    __aeabi_llsr                             0x08000501   Thumb Code    32  llushr.o(.text)
    _ll_ushift_r                             0x08000501   Thumb Code     0  llushr.o(.text)
    __I$use$fp                               0x08000521   Thumb Code     0  iusefp.o(.text)
    _float_round                             0x08000521   Thumb Code    18  fepilogue.o(.text)
    _float_epilogue                          0x08000533   Thumb Code    92  fepilogue.o(.text)
    _double_round                            0x0800058f   Thumb Code    30  depilogue.o(.text)
    _double_epilogue                         0x080005ad   Thumb Code   156  depilogue.o(.text)
    __aeabi_dadd                             0x08000649   Thumb Code   322  dadd.o(.text)
    __aeabi_dsub                             0x0800078b   Thumb Code     6  dadd.o(.text)
    __aeabi_drsub                            0x08000791   Thumb Code     6  dadd.o(.text)
    __ARM_scalbn                             0x08000797   Thumb Code    46  dscalb.o(.text)
    scalbn                                   0x08000797   Thumb Code     0  dscalb.o(.text)
    __aeabi_i2d                              0x080007c5   Thumb Code    34  dflti.o(.text)
    __aeabi_cdrcmple                         0x080007e9   Thumb Code    48  cdrcmple.o(.text)
    __scatterload                            0x08000819   Thumb Code    28  init.o(.text)
    __scatterload_rt2                        0x08000819   Thumb Code     0  init.o(.text)
    __aeabi_lasr                             0x0800083d   Thumb Code    36  llsshr.o(.text)
    _ll_sshift_r                             0x0800083d   Thumb Code     0  llsshr.o(.text)
    _dsqrt                                   0x08000861   Thumb Code   162  dsqrt.o(.text)
    __decompress                             0x08000903   Thumb Code     0  __dczerorl2.o(.text)
    __decompress1                            0x08000903   Thumb Code    86  __dczerorl2.o(.text)
    BNRG_SPI_Init                            0x08000ac9   Thumb Code    54  stm32_bluenrg_ble.o(i.BNRG_SPI_Init)
    BSP_HUM_TEMP_GetHumidity                 0x08000b09   Thumb Code    28  x_nucleo_iks01a1_hum_temp.o(i.BSP_HUM_TEMP_GetHumidity)
    BSP_HUM_TEMP_GetTemperature              0x08000b29   Thumb Code    28  x_nucleo_iks01a1_hum_temp.o(i.BSP_HUM_TEMP_GetTemperature)
    BSP_HUM_TEMP_Init                        0x08000b49   Thumb Code   130  x_nucleo_iks01a1_hum_temp.o(i.BSP_HUM_TEMP_Init)
    BSP_HUM_TEMP_isInitialized               0x08000bdd   Thumb Code     6  x_nucleo_iks01a1_hum_temp.o(i.BSP_HUM_TEMP_isInitialized)
    BSP_IMU_6AXES_G_GetAxes                  0x08000be9   Thumb Code    28  x_nucleo_iks01a1_imu_6axes.o(i.BSP_IMU_6AXES_G_GetAxes)
    BSP_IMU_6AXES_Init                       0x08000c09   Thumb Code   264  x_nucleo_iks01a1_imu_6axes.o(i.BSP_IMU_6AXES_Init)
    BSP_IMU_6AXES_X_GetAxes                  0x08000d2d   Thumb Code    28  x_nucleo_iks01a1_imu_6axes.o(i.BSP_IMU_6AXES_X_GetAxes)
    BSP_IMU_6AXES_isInitialized              0x08000d4d   Thumb Code     6  x_nucleo_iks01a1_imu_6axes.o(i.BSP_IMU_6AXES_isInitialized)
    BSP_LED_Init                             0x08000d59   Thumb Code    92  bsp_common.o(i.BSP_LED_Init)
    BSP_LED_Off                              0x08000dc1   Thumb Code    24  bsp_common.o(i.BSP_LED_Off)
    BSP_LED_On                               0x08000de1   Thumb Code    24  bsp_common.o(i.BSP_LED_On)
    BSP_LED_Toggle                           0x08000e01   Thumb Code    22  bsp_common.o(i.BSP_LED_Toggle)
    BSP_PRESSURE_GetPressure                 0x08000e21   Thumb Code    28  x_nucleo_iks01a1_pressure.o(i.BSP_PRESSURE_GetPressure)
    BSP_PRESSURE_Init                        0x08000e41   Thumb Code   388  x_nucleo_iks01a1_pressure.o(i.BSP_PRESSURE_Init)
    BSP_PRESSURE_isInitialized               0x08000fe1   Thumb Code     6  x_nucleo_iks01a1_pressure.o(i.BSP_PRESSURE_isInitialized)
    BSP_SystemClock_Config                   0x08000fed   Thumb Code    76  bsp_common.o(i.BSP_SystemClock_Config)
    BlueNRG_DataPresent                      0x08001039   Thumb Code    20  stm32_bluenrg_ble.o(i.BlueNRG_DataPresent)
    BlueNRG_RST                              0x08001051   Thumb Code    36  stm32_bluenrg_ble.o(i.BlueNRG_RST)
    BlueNRG_SPI_Read_All                     0x08001079   Thumb Code   154  stm32_bluenrg_ble.o(i.BlueNRG_SPI_Read_All)
    BlueNRG_SPI_Write                        0x08001121   Thumb Code   178  stm32_bluenrg_ble.o(i.BlueNRG_SPI_Write)
    Clear_SPI_EXTI_Flag                      0x080011e9   Thumb Code     8  stm32_bluenrg_ble.o(i.Clear_SPI_EXTI_Flag)
    Clock_Time                               0x080011f5   Thumb Code     8  clock.o(i.Clock_Time)
    DebugMon_Handler                         0x080011fd   Thumb Code     2  bsp_isr.o(i.DebugMon_Handler)
    Disable_SPI_IRQ                          0x080011ff   Thumb Code    10  stm32_bluenrg_ble.o(i.Disable_SPI_IRQ)
    EXTI0_IRQHandler                         0x08001209   Thumb Code    32  bsp_isr.o(i.EXTI0_IRQHandler)
    EXTI15_10_IRQHandler                     0x08001231   Thumb Code    16  bsp_isr.o(i.EXTI15_10_IRQHandler)
    EXTI4_IRQHandler                         0x08001245   Thumb Code    10  bsp_isr.o(i.EXTI4_IRQHandler)
    Enable_SPI_IRQ                           0x0800124f   Thumb Code    10  stm32_bluenrg_ble.o(i.Enable_SPI_IRQ)
    Error_Handler                            0x08001259   Thumb Code    18  bsp_common.o(i.Error_Handler)
    GAP_ConnectionComplete_CB                0x0800126b   Thumb Code     2  bluenrg_sdk_api.o(i.GAP_ConnectionComplete_CB)
    GAP_DisconnectionComplete_CB             0x0800126d   Thumb Code     2  bluenrg_sdk_api.o(i.GAP_DisconnectionComplete_CB)
    GATT_Notification_CB                     0x0800126f   Thumb Code     2  bluenrg_sdk_api.o(i.GATT_Notification_CB)
    HAL_Delay                                0x08001271   Thumb Code    24  stm32f4xx_hal_msp.o(i.HAL_Delay)
    HAL_GPIO_EXTI_Callback                   0x08001289   Thumb Code    10  bsp_common.o(i.HAL_GPIO_EXTI_Callback)
    HAL_GPIO_EXTI_IRQHandler                 0x08001295   Thumb Code    24  stm32f4xx_hal_gpio.o(i.HAL_GPIO_EXTI_IRQHandler)
    HAL_GPIO_Init                            0x080012b1   Thumb Code   432  stm32f4xx_hal_gpio.o(i.HAL_GPIO_Init)
    HAL_GPIO_ReadPin                         0x08001481   Thumb Code    16  stm32f4xx_hal_gpio.o(i.HAL_GPIO_ReadPin)
    HAL_GPIO_TogglePin                       0x08001491   Thumb Code     8  stm32f4xx_hal_gpio.o(i.HAL_GPIO_TogglePin)
    HAL_GPIO_WritePin                        0x08001499   Thumb Code    12  stm32f4xx_hal_gpio.o(i.HAL_GPIO_WritePin)
    HAL_GetTick                              0x080014a5   Thumb Code     6  stm32f4xx_hal.o(i.HAL_GetTick)
    HAL_I2C_DeInit                           0x080014b1   Thumb Code    54  stm32f4xx_hal_i2c.o(i.HAL_I2C_DeInit)
    HAL_I2C_GetState                         0x080014e7   Thumb Code     8  stm32f4xx_hal_i2c.o(i.HAL_I2C_GetState)
    HAL_I2C_Init                             0x080014f1   Thumb Code   278  stm32f4xx_hal_i2c.o(i.HAL_I2C_Init)
    HAL_I2C_Mem_Read                         0x08001611   Thumb Code   560  stm32f4xx_hal_i2c.o(i.HAL_I2C_Mem_Read)
    HAL_I2C_Mem_Write                        0x08001849   Thumb Code   262  stm32f4xx_hal_i2c.o(i.HAL_I2C_Mem_Write)
    HAL_I2C_MspDeInit                        0x08001959   Thumb Code     2  stm32f4xx_hal_i2c.o(i.HAL_I2C_MspDeInit)
    HAL_I2C_MspInit                          0x0800195b   Thumb Code     2  stm32f4xx_hal_i2c.o(i.HAL_I2C_MspInit)
    HAL_IncTick                              0x0800195d   Thumb Code    12  stm32f4xx_hal.o(i.HAL_IncTick)
    HAL_Init                                 0x0800196d   Thumb Code    54  stm32f4xx_hal.o(i.HAL_Init)
    HAL_InitTick                             0x080019a9   Thumb Code    36  stm32f4xx_hal.o(i.HAL_InitTick)
    HAL_MspInit                              0x080019cd   Thumb Code     2  stm32f4xx_hal.o(i.HAL_MspInit)
    HAL_NVIC_DisableIRQ                      0x080019d1   Thumb Code    22  stm32f4xx_hal_cortex.o(i.HAL_NVIC_DisableIRQ)
    HAL_NVIC_EnableIRQ                       0x080019ed   Thumb Code    26  stm32f4xx_hal_cortex.o(i.HAL_NVIC_EnableIRQ)
    HAL_NVIC_SetPriority                     0x08001a07   Thumb Code   124  stm32f4xx_hal_cortex.o(i.HAL_NVIC_SetPriority)
    HAL_NVIC_SetPriorityGrouping             0x08001a85   Thumb Code    32  stm32f4xx_hal_cortex.o(i.HAL_NVIC_SetPriorityGrouping)
    HAL_RCCEx_PeriphCLKConfig                0x08001aad   Thumb Code   402  stm32f4xx_hal_rcc_ex.o(i.HAL_RCCEx_PeriphCLKConfig)
    HAL_RCC_ClockConfig                      0x08001c55   Thumb Code   680  stm32f4xx_hal_rcc.o(i.HAL_RCC_ClockConfig)
    HAL_RCC_GetHCLKFreq                      0x08001f05   Thumb Code    42  stm32f4xx_hal_rcc.o(i.HAL_RCC_GetHCLKFreq)
    HAL_RCC_GetPCLK1Freq                     0x08001f3d   Thumb Code    36  stm32f4xx_hal_rcc.o(i.HAL_RCC_GetPCLK1Freq)
    HAL_RCC_GetPCLK2Freq                     0x08001f69   Thumb Code    36  stm32f4xx_hal_rcc.o(i.HAL_RCC_GetPCLK2Freq)
    HAL_RCC_GetSysClockFreq                  0x08001f95   Thumb Code   168  stm32f4xx_hal_rcc.o(i.HAL_RCC_GetSysClockFreq)
    HAL_RCC_OscConfig                        0x08002045   Thumb Code  1028  stm32f4xx_hal_rcc.o(i.HAL_RCC_OscConfig)
    HAL_RTCEx_DeactivateWakeUpTimer          0x08002449   Thumb Code   152  stm32f4xx_hal_rtc_ex.o(i.HAL_RTCEx_DeactivateWakeUpTimer)
    HAL_RTCEx_SetWakeUpTimer_IT              0x080024e1   Thumb Code   226  stm32f4xx_hal_rtc_ex.o(i.HAL_RTCEx_SetWakeUpTimer_IT)
    HAL_RTCEx_WakeUpTimerEventCallback       0x080025c9   Thumb Code     2  stm32f4xx_hal_rtc_ex.o(i.HAL_RTCEx_WakeUpTimerEventCallback)
    HAL_RTCEx_WakeUpTimerIRQHandler          0x080025cd   Thumb Code    60  stm32f4xx_hal_rtc_ex.o(i.HAL_RTCEx_WakeUpTimerIRQHandler)
    HAL_RTC_GetDate                          0x0800260d   Thumb Code    72  stm32f4xx_hal_rtc.o(i.HAL_RTC_GetDate)
    HAL_RTC_GetTime                          0x08002659   Thumb Code    82  stm32f4xx_hal_rtc.o(i.HAL_RTC_GetTime)
    HAL_RTC_Init                             0x080026b1   Thumb Code   176  stm32f4xx_hal_rtc.o(i.HAL_RTC_Init)
    HAL_RTC_MspInit                          0x08002765   Thumb Code    76  stm32f4xx_hal_msp.o(i.HAL_RTC_MspInit)
    HAL_RTC_SetDate                          0x080027b5   Thumb Code   270  stm32f4xx_hal_rtc.o(i.HAL_RTC_SetDate)
    HAL_RTC_SetTime                          0x080028c9   Thumb Code   304  stm32f4xx_hal_rtc.o(i.HAL_RTC_SetTime)
    HAL_RTC_WaitForSynchro                   0x080029fd   Thumb Code    58  stm32f4xx_hal_rtc.o(i.HAL_RTC_WaitForSynchro)
    HAL_SPI_Init                             0x08002a37   Thumb Code   136  stm32f4xx_hal_spi.o(i.HAL_SPI_Init)
    HAL_SPI_MspInit                          0x08002ac1   Thumb Code   408  stm32_bluenrg_ble.o(i.HAL_SPI_MspInit)
    HAL_SPI_TransmitReceive                  0x08002c71   Thumb Code   850  stm32f4xx_hal_spi.o(i.HAL_SPI_TransmitReceive)
    HAL_SYSTICK_Config                       0x08002fc3   Thumb Code    52  stm32f4xx_hal_cortex.o(i.HAL_SYSTICK_Config)
    HAL_TIMEx_MasterConfigSynchronization    0x08002ff7   Thumb Code    98  stm32f4xx_hal_tim_ex.o(i.HAL_TIMEx_MasterConfigSynchronization)
    HAL_TIM_PWM_ConfigChannel                0x08003059   Thumb Code   264  stm32f4xx_hal_tim.o(i.HAL_TIM_PWM_ConfigChannel)
    HAL_TIM_PWM_Init                         0x08003161   Thumb Code    52  stm32f4xx_hal_tim.o(i.HAL_TIM_PWM_Init)
    HAL_TIM_PWM_MspInit                      0x08003195   Thumb Code     2  stm32f4xx_hal_tim.o(i.HAL_TIM_PWM_MspInit)
    HAL_TIM_PWM_Start                        0x08003199   Thumb Code    60  stm32f4xx_hal_tim.o(i.HAL_TIM_PWM_Start)
    HAL_UART_ErrorCallback                   0x080031d9   Thumb Code     2  stm32f4xx_hal_uart.o(i.HAL_UART_ErrorCallback)
    HAL_UART_IRQHandler                      0x080031db   Thumb Code   288  stm32f4xx_hal_uart.o(i.HAL_UART_IRQHandler)
    HAL_UART_Init                            0x080032fb   Thumb Code   110  stm32f4xx_hal_uart.o(i.HAL_UART_Init)
    HAL_UART_MspInit                         0x08003369   Thumb Code   334  stm32f4xx_hal_msp.o(i.HAL_UART_MspInit)
    HAL_UART_Receive_IT                      0x080034c9   Thumb Code   134  stm32f4xx_hal_uart.o(i.HAL_UART_Receive_IT)
    HAL_UART_RxCpltCallback                  0x08003551   Thumb Code  1036  main.o(i.HAL_UART_RxCpltCallback)
    HAL_UART_Transmit                        0x0800395d   Thumb Code   240  stm32f4xx_hal_uart.o(i.HAL_UART_Transmit)
    HAL_UART_TxCpltCallback                  0x08003a4d   Thumb Code     2  stm32f4xx_hal_uart.o(i.HAL_UART_TxCpltCallback)
    HCI_Event_CB                             0x08003a51   Thumb Code   246  bluenrg_sdk_api.o(i.HCI_Event_CB)
    HCI_Init                                 0x08003b4d   Thumb Code    48  hci.o(i.HCI_Init)
    HCI_Isr                                  0x08003b89   Thumb Code   118  hci.o(i.HCI_Isr)
    HCI_Process                              0x08003c11   Thumb Code   116  hci.o(i.HCI_Process)
    HCI_Queue_Empty                          0x08003c95   Thumb Code    10  hci.o(i.HCI_Queue_Empty)
    HCI_verify                               0x08003ca5   Thumb Code    36  hci.o(i.HCI_verify)
    HTS221_IO_ITConfig                       0x080041b1   Thumb Code     2  x_nucleo_iks01a1.o(i.HTS221_IO_ITConfig)
    HTS221_IO_Init                           0x080041b3   Thumb Code     8  x_nucleo_iks01a1.o(i.HTS221_IO_Init)
    HTS221_IO_Read                           0x080041bb   Thumb Code    28  x_nucleo_iks01a1.o(i.HTS221_IO_Read)
    HTS221_IO_Write                          0x080041d7   Thumb Code    28  x_nucleo_iks01a1.o(i.HTS221_IO_Write)
    Hal_Write_Serial                         0x0800436d   Thumb Code    70  stm32_bluenrg_ble.o(i.Hal_Write_Serial)
    HardFault_Handler                        0x080043bd   Thumb Code     4  bsp_isr.o(i.HardFault_Handler)
    LPS25HB_IO_ITConfig                      0x080049bd   Thumb Code     2  x_nucleo_iks01a1.o(i.LPS25HB_IO_ITConfig)
    LPS25HB_IO_Init                          0x080049bf   Thumb Code     8  x_nucleo_iks01a1.o(i.LPS25HB_IO_Init)
    LPS25HB_IO_Read                          0x080049c7   Thumb Code    28  x_nucleo_iks01a1.o(i.LPS25HB_IO_Read)
    LPS25HB_IO_Write                         0x080049e3   Thumb Code    28  x_nucleo_iks01a1.o(i.LPS25HB_IO_Write)
    LPS25H_IO_ITConfig                       0x08004cbd   Thumb Code     2  x_nucleo_iks01a1.o(i.LPS25H_IO_ITConfig)
    LPS25H_IO_Init                           0x08004cbf   Thumb Code     8  x_nucleo_iks01a1.o(i.LPS25H_IO_Init)
    LPS25H_IO_Read                           0x08004cc7   Thumb Code    28  x_nucleo_iks01a1.o(i.LPS25H_IO_Read)
    LPS25H_IO_Write                          0x08004ce3   Thumb Code    28  x_nucleo_iks01a1.o(i.LPS25H_IO_Write)
    LSM303AGR_MAG_Get_Magnetic               0x08004ed1   Thumb Code    88  lsm303agr_mag_driver.o(i.LSM303AGR_MAG_Get_Magnetic)
    LSM303AGR_MAG_Get_Raw_Magnetic           0x08004f29   Thumb Code    64  lsm303agr_mag_driver.o(i.LSM303AGR_MAG_Get_Raw_Magnetic)
    LSM303AGR_MAG_R_WHO_AM_I                 0x08004f69   Thumb Code    30  lsm303agr_mag_driver.o(i.LSM303AGR_MAG_R_WHO_AM_I)
    LSM303AGR_MAG_ReadReg                    0x08004f87   Thumb Code    20  x_nucleo_iks01a1.o(i.LSM303AGR_MAG_ReadReg)
    LSM303AGR_MAG_W_MD                       0x08004f9b   Thumb Code    56  lsm303agr_mag_driver.o(i.LSM303AGR_MAG_W_MD)
    LSM303AGR_MAG_W_ODR                      0x08004fd3   Thumb Code    56  lsm303agr_mag_driver.o(i.LSM303AGR_MAG_W_ODR)
    LSM303AGR_MAG_WriteReg                   0x0800500b   Thumb Code    18  x_nucleo_iks01a1.o(i.LSM303AGR_MAG_WriteReg)
    LSM6DS3_IO_Init                          0x08005853   Thumb Code     8  x_nucleo_iks01a1.o(i.LSM6DS3_IO_Init)
    LSM6DS3_IO_Read                          0x0800585b   Thumb Code    28  x_nucleo_iks01a1.o(i.LSM6DS3_IO_Read)
    LSM6DS3_IO_Write                         0x08005877   Thumb Code    28  x_nucleo_iks01a1.o(i.LSM6DS3_IO_Write)
    NMI_Handler                              0x08005e25   Thumb Code     2  bsp_isr.o(i.NMI_Handler)
    Osal_MemCpy                              0x08005e61   Thumb Code    20  osal.o(i.Osal_MemCpy)
    Osal_MemSet                              0x08005e75   Thumb Code    20  osal.o(i.Osal_MemSet)
    PA1_Init                                 0x08005e89   Thumb Code   342  main.o(i.PA1_Init)
    PendSV_Handler                           0x08006055   Thumb Code     2  bsp_isr.o(i.PendSV_Handler)
    RTC_Bcd2ToByte                           0x08006057   Thumb Code    22  stm32f4xx_hal_rtc.o(i.RTC_Bcd2ToByte)
    RTC_ByteToBcd2                           0x0800606d   Thumb Code    26  stm32f4xx_hal_rtc.o(i.RTC_ByteToBcd2)
    RTC_CalendarShow                         0x080060e1   Thumb Code    92  stm32f401_lp_mode.o(i.RTC_CalendarShow)
    RTC_EnterInitMode                        0x08006141   Thumb Code    62  stm32f4xx_hal_rtc.o(i.RTC_EnterInitMode)
    RTC_WKUP_IRQHandler                      0x08006181   Thumb Code    10  bsp_isr.o(i.RTC_WKUP_IRQHandler)
    SVC_Handler                              0x080062bd   Thumb Code     2  bsp_isr.o(i.SVC_Handler)
    SysTick_Handler                          0x080062c1   Thumb Code    18  bsp_isr.o(i.SysTick_Handler)
    SystemInit                               0x080062d9   Thumb Code    82  system_stm32f4xx.o(i.SystemInit)
    TIM_Base_SetConfig                       0x0800633d   Thumb Code   148  stm32f4xx_hal_tim.o(i.TIM_Base_SetConfig)
    TIM_CCxChannelCmd                        0x080063ed   Thumb Code    28  stm32f4xx_hal_tim.o(i.TIM_CCxChannelCmd)
    TIM_OC2_SetConfig                        0x0800646d   Thumb Code   106  stm32f4xx_hal_tim.o(i.TIM_OC2_SetConfig)
    Timer_Expired                            0x080065a1   Thumb Code    28  gp_timer.o(i.Timer_Expired)
    Timer_Set                                0x080065bd   Thumb Code    16  gp_timer.o(i.Timer_Set)
    UART_Init                                0x08006615   Thumb Code    40  stm32f4xx_hal_msp.o(i.UART_Init)
    USART1_IRQHandler                        0x08006a91   Thumb Code    10  stm32f4xx_it.o(i.USART1_IRQHandler)
    __0printf$1                              0x08006aa1   Thumb Code    22  printf1.o(i.__0printf$1)
    __1printf$1                              0x08006aa1   Thumb Code     0  printf1.o(i.__0printf$1)
    __2printf                                0x08006aa1   Thumb Code     0  printf1.o(i.__0printf$1)
    __ARM_fpclassify                         0x08006ac1   Thumb Code    48  fpclassify.o(i.__ARM_fpclassify)
    __hardfp_pow                             0x08006af1   Thumb Code  3072  pow.o(i.__hardfp_pow)
    __jsensor_init_sensor                    0x08007741   Thumb Code     2  juma_sensor.o(i.__jsensor_init_sensor)
    __kernel_poly                            0x08007743   Thumb Code   248  poly.o(i.__kernel_poly)
    __mathlib_dbl_divzero                    0x08007841   Thumb Code    28  dunder.o(i.__mathlib_dbl_divzero)
    __mathlib_dbl_infnan2                    0x08007871   Thumb Code    20  dunder.o(i.__mathlib_dbl_infnan2)
    __mathlib_dbl_invalid                    0x08007889   Thumb Code    24  dunder.o(i.__mathlib_dbl_invalid)
    __mathlib_dbl_overflow                   0x080078a9   Thumb Code    24  dunder.o(i.__mathlib_dbl_overflow)
    __mathlib_dbl_underflow                  0x080078c9   Thumb Code    24  dunder.o(i.__mathlib_dbl_underflow)
    __scatterload_copy                       0x080078e9   Thumb Code    14  handlers.o(i.__scatterload_copy)
    __scatterload_null                       0x080078f7   Thumb Code     2  handlers.o(i.__scatterload_null)
    __scatterload_zeroinit                   0x080078f9   Thumb Code    14  handlers.o(i.__scatterload_zeroinit)
    __set_errno                              0x08007909   Thumb Code     6  errno.o(i.__set_errno)
    aci_gap_init                             0x08007a69   Thumb Code   136  bluenrg_gap_aci.o(i.aci_gap_init)
    aci_gap_set_auth_requirement             0x08007af1   Thumb Code   136  bluenrg_gap_aci.o(i.aci_gap_set_auth_requirement)
    aci_gap_set_discoverable                 0x08007b79   Thumb Code   268  bluenrg_gap_aci.o(i.aci_gap_set_discoverable)
    aci_gatt_add_char                        0x08007c85   Thumb Code   224  bluenrg_gatt_aci.o(i.aci_gatt_add_char)
    aci_gatt_add_serv                        0x08007d65   Thumb Code   160  bluenrg_gatt_aci.o(i.aci_gatt_add_serv)
    aci_gatt_allow_read                      0x08007e05   Thumb Code    72  bluenrg_gatt_aci.o(i.aci_gatt_allow_read)
    aci_gatt_init                            0x08007e4d   Thumb Code    60  bluenrg_gatt_aci.o(i.aci_gatt_init)
    aci_gatt_update_char_value               0x08007e89   Thumb Code   170  bluenrg_gatt_aci.o(i.aci_gatt_update_char_value)
    aci_hal_set_tx_power_level               0x08007f33   Thumb Code    88  bluenrg_hal_aci.o(i.aci_hal_set_tx_power_level)
    aci_hal_write_config_data                0x08007f8b   Thumb Code   124  bluenrg_hal_aci.o(i.aci_hal_write_config_data)
    ble_address                              0x08008031   Thumb Code    26  bluenrg_sdk_api.o(i.ble_address)
    ble_device_on_connect                    0x0800804d   Thumb Code    28  main.o(i.ble_device_on_connect)
    ble_device_on_disconnect                 0x08008071   Thumb Code    20  main.o(i.ble_device_on_disconnect)
    ble_device_on_message                    0x08008089   Thumb Code   378  main.o(i.ble_device_on_message)
    ble_device_send                          0x0800821d   Thumb Code    88  bluenrg_sdk_api.o(i.ble_device_send)
    ble_device_set_advertising_interval      0x08008281   Thumb Code     6  bluenrg_sdk_api.o(i.ble_device_set_advertising_interval)
    ble_device_set_name                      0x0800828d   Thumb Code    60  bluenrg_sdk_api.o(i.ble_device_set_name)
    ble_device_start_advertising             0x080082d9   Thumb Code    98  bluenrg_sdk_api.o(i.ble_device_start_advertising)
    ble_init_bluenrg                         0x0800835d   Thumb Code   190  bluenrg_sdk_api.o(i.ble_init_bluenrg)
    ble_set_adv_param                        0x08008435   Thumb Code    46  bluenrg_sdk_api.o(i.ble_set_adv_param)
    ble_set_tx_power                         0x08008463   Thumb Code    18  bluenrg_sdk_api.o(i.ble_set_tx_power)
    bsp_init                                 0x08008475   Thumb Code    78  bsp_common.o(i.bsp_init)
    current_time                             0x080084d5   Thumb Code    10  dispatch.o(i.current_time)
    dispatch                                 0x080084e1   Thumb Code    82  dispatch.o(i.dispatch)
    dispatch_init                            0x0800857d   Thumb Code    46  dispatch.o(i.dispatch_init)
    fabs                                     0x080085b5   Thumb Code    24  fabs.o(i.fabs)
    fputc                                    0x080085cd   Thumb Code    32  stm32f4xx_hal_msp.o(i.fputc)
    hci_le_set_scan_resp_data                0x080085f1   Thumb Code   106  hci.o(i.hci_le_set_scan_resp_data)
    hci_send_cmd                             0x0800865b   Thumb Code    60  hci.o(i.hci_send_cmd)
    hci_send_req                             0x08008699   Thumb Code   428  hci.o(i.hci_send_req)
    hci_write                                0x08008851   Thumb Code    28  hci.o(i.hci_write)
    init_LSM303AGR_mag                       0x08008889   Thumb Code    40  lsm303agr.o(i.init_LSM303AGR_mag)
    jsensor_app_read_sensor                  0x080088b1   Thumb Code    68  juma_sensor.o(i.jsensor_app_read_sensor)
    jsensor_app_set_sensor                   0x080088f5   Thumb Code    48  juma_sensor.o(i.jsensor_app_set_sensor)
    jsensor_app_set_sensors                  0x08008925   Thumb Code    34  main.o(i.jsensor_app_set_sensors)
    jsensor_sys_init                         0x08008947   Thumb Code    12  juma_sensor.o(i.jsensor_sys_init)
    list_init_head                           0x08008953   Thumb Code     6  list.o(i.list_init_head)
    list_insert_head                         0x08008959   Thumb Code    14  list.o(i.list_insert_head)
    list_insert_tail                         0x08008967   Thumb Code    14  list.o(i.list_insert_tail)
    list_is_empty                            0x08008975   Thumb Code    16  list.o(i.list_is_empty)
    list_remove_head                         0x08008985   Thumb Code    28  list.o(i.list_remove_head)
    list_remove_node                         0x080089a1   Thumb Code    14  list.o(i.list_remove_node)
    loop                                     0x080089af   Thumb Code     2  main.o(i.loop)
    main                                     0x080089e1   Thumb Code    64  main.o(i.main)
    rtc_init                                 0x08008e2d   Thumb Code    48  stm32f401_lp_mode.o(i.rtc_init)
    rtc_wake_up_timer_config                 0x08008e65   Thumb Code    68  stm32f401_lp_mode.o(i.rtc_wake_up_timer_config)
    run_at_time                              0x08008eb1   Thumb Code   122  dispatch.o(i.run_at_time)
    set_irq_as_input                         0x08008f35   Thumb Code    48  stm32_bluenrg_ble.o(i.set_irq_as_input)
    set_irq_as_output                        0x08008f6d   Thumb Code    42  stm32_bluenrg_ble.o(i.set_irq_as_output)
    sqrt                                     0x08008fa9   Thumb Code   110  sqrt.o(i.sqrt)
    CLOCK_SECOND                             0x0800905c   Data           4  clock.o(.constdata)
    GPIO_PIN                                 0x08009060   Data           2  bsp_common.o(.constdata)
    BUTTON_PIN                               0x08009062   Data           2  bsp_common.o(.constdata)
    BUTTON_IRQn                              0x08009064   Data           1  bsp_common.o(.constdata)
    APBAHBPrescTable                         0x08009065   Data          16  stm32f4xx_hal_rcc.o(.constdata)
    __mathlib_zero                           0x08009100   Data           8  qnan.o(.constdata)
    Region$$Table$$Base                      0x08009118   Number         0  anon$$obj.o(Region$$Table)
    Region$$Table$$Limit                     0x08009138   Number         0  anon$$obj.o(Region$$Table)
    i                                        0x20000000   Data           1  main.o(.data)
    name                                     0x20000004   Data           4  main.o(.data)
    adv_address                              0x20000008   Data           6  main.o(.data)
    tx_power_level                           0x2000000e   Data           1  main.o(.data)
    adv_interval                             0x20000010   Data           2  main.o(.data)
    st                                       0x20000013   Data           1  main.o(.data)
    m_adv_params                             0x20000016   Data           6  bluenrg_sdk_api.o(.data)
    connection_handle                        0x20000032   Data           2  bluenrg_sdk_api.o(.data)
    notification_enabled                     0x20000034   Data           2  bluenrg_sdk_api.o(.data)
    BLueNrgServHandle                        0x20000036   Data           2  bluenrg_sdk_api.o(.data)
    WriteCharHandle                          0x20000038   Data           2  bluenrg_sdk_api.o(.data)
    WriteCmdCharHandle                       0x2000003a   Data           2  bluenrg_sdk_api.o(.data)
    ReadNotifyCharHandle                     0x2000003c   Data           2  bluenrg_sdk_api.o(.data)
    NotifyCharHandle                         0x2000003e   Data           2  bluenrg_sdk_api.o(.data)
    service_handle                           0x20000040   Data           2  bluenrg_sdk_api.o(.data)
    dev_name_char_handle                     0x20000042   Data           2  bluenrg_sdk_api.o(.data)
    appearance_char_handle                   0x20000044   Data           2  bluenrg_sdk_api.o(.data)
    BLE_Role                                 0x20000046   Data           1  bluenrg_sdk_api.o(.data)
    hciReadPktPool                           0x20000060   Data           8  hci.o(.data)
    hciReadPktRxQueue                        0x20000068   Data           8  hci.o(.data)
    Hts221Drv                                0x20000074   Data          48  hts221.o(.data)
    Hts221Drv_ext                            0x200000a4   Data           8  hts221.o(.data)
    T0_degC                                  0x200000ac   Data           4  hts221.o(.data)
    T1_degC                                  0x200000b0   Data           4  hts221.o(.data)
    T0_out                                   0x200000b4   Data           2  hts221.o(.data)
    T1_out                                   0x200000b6   Data           2  hts221.o(.data)
    H0_rh                                    0x200000b8   Data           4  hts221.o(.data)
    H1_rh                                    0x200000bc   Data           4  hts221.o(.data)
    H0_T0_out                                0x200000c0   Data           2  hts221.o(.data)
    H1_T0_out                                0x200000c2   Data           2  hts221.o(.data)
    LPS25HB_SlaveAddress                     0x200000c4   Data           1  lps25hb.o(.data)
    LPS25HBDrv                               0x200000c8   Data          52  lps25hb.o(.data)
    LPS25HBDrv_ext                           0x200000fc   Data           8  lps25hb.o(.data)
    LSM6DS3Drv                               0x20000104   Data          68  lsm6ds3.o(.data)
    LSM6DS3Drv_ext_internal                  0x20000148   Data          12  lsm6ds3.o(.data)
    LSM6DS3Drv_ext                           0x20000154   Data           8  lsm6ds3.o(.data)
    LPS25HDrv                                0x2000015c   Data          52  lps25h.o(.data)
    LPS25HDrv_ext                            0x20000190   Data           8  lps25h.o(.data)
    LPS25H_SlaveAddress                      0x20000198   Data           1  lps25h.o(.data)
    I2C_EXPBD_Timeout                        0x2000019c   Data           4  x_nucleo_iks01a1.o(.data)
    Lsm6ds3_SpixTimeout                      0x200001a0   Data           4  x_nucleo_iks01a1.o(.data)
    GPIO_PORT                                0x200001bc   Data           4  bsp_common.o(.data)
    BUTTON_PORT                              0x200001c0   Data           4  bsp_common.o(.data)
    SpixTimeout                              0x200001c4   Data           4  bsp_common.o(.data)
    ms_counter                               0x200001c8   Data           4  bsp_isr.o(.data)
    button_event                             0x200001cc   Data           1  bsp_isr.o(.data)
    EXTI0_IRQFUNC                            0x200001d0   Data           4  bsp_isr.o(.data)
    SystemCoreClock                          0x200001d4   Data           4  system_stm32f4xx.o(.data)
    AHBPrescTable                            0x200001d8   Data          16  system_stm32f4xx.o(.data)
    __stdout                                 0x200001ec   Data           4  stdout.o(.data)
    Pixy_Color_Inf                           0x200001f4   Data          10  main.o(.bss)
    URX_Buffer                               0x200001fe   Data         100  main.o(.bss)
    htim2                                    0x20000264   Data          60  main.o(.bss)
    RTCHandle                                0x200004b4   Data          32  stm32f401_lp_mode.o(.bss)
    SpiHandle                                0x20000790   Data          88  stm32_bluenrg_ble.o(.bss)
    I2C_EXPBD_Handle                         0x200007e8   Data          60  x_nucleo_iks01a1.o(.bss)
    Uart1Handle                              0x2000087c   Data          64  stm32f4xx_hal_msp.o(.bss)
    Uart2Handle                              0x200008bc   Data          64  stm32f4xx_hal_msp.o(.bss)
    __initial_sp                             0x20001100   Data           0  startup_stm32f401xe.o(STACK)



==============================================================================

Memory Map of the image

  Image Entry point : 0x08000195

  Load Region LR_IROM1 (Base: 0x08000000, Size: 0x0000932c, Max: 0x00080000, ABSOLUTE, COMPRESSED[0x00009224])

    Execution Region ER_IROM1 (Base: 0x08000000, Size: 0x00009138, Max: 0x00080000, ABSOLUTE)

    Base Addr    Size         Type   Attr      Idx    E Section Name        Object

    0x08000000   0x00000194   Data   RO         5057    RESET               startup_stm32f401xe.o
    0x08000194   0x00000000   Code   RO        10531  * .ARM.Collect$$$$00000000  mc_w.l(entry.o)
    0x08000194   0x00000004   Code   RO        10862    .ARM.Collect$$$$00000001  mc_w.l(entry2.o)
    0x08000198   0x00000004   Code   RO        10865    .ARM.Collect$$$$00000004  mc_w.l(entry5.o)
    0x0800019c   0x00000000   Code   RO        10867    .ARM.Collect$$$$00000008  mc_w.l(entry7b.o)
    0x0800019c   0x00000000   Code   RO        10869    .ARM.Collect$$$$0000000A  mc_w.l(entry8b.o)
    0x0800019c   0x00000008   Code   RO        10870    .ARM.Collect$$$$0000000B  mc_w.l(entry9a.o)
    0x080001a4   0x00000000   Code   RO        10872    .ARM.Collect$$$$0000000D  mc_w.l(entry10a.o)
    0x080001a4   0x00000000   Code   RO        10874    .ARM.Collect$$$$0000000F  mc_w.l(entry11a.o)
    0x080001a4   0x00000004   Code   RO        10863    .ARM.Collect$$$$00002712  mc_w.l(entry2.o)
    0x080001a8   0x00000024   Code   RO         5058    .text               startup_stm32f401xe.o
    0x080001cc   0x00000028   Code   RO        10538    .text               mc_w.l(memcpy.o)
    0x080001f4   0x00000024   Code   RO        10544    .text               mc_w.l(memseta.o)
    0x08000218   0x0000000e   Code   RO        10546    .text               mc_w.l(strlen.o)
    0x08000226   0x000000e4   Code   RO        10813    .text               mf_w.l(dmul.o)
    0x0800030a   0x000000de   Code   RO        10815    .text               mf_w.l(ddiv.o)
    0x080003e8   0x0000003e   Code   RO        10817    .text               mf_w.l(dfixi.o)
    0x08000426   0x00000032   Code   RO        10819    .text               mf_w.l(dfixui.o)
    0x08000458   0x00000026   Code   RO        10821    .text               mf_w.l(f2d.o)
    0x0800047e   0x00000038   Code   RO        10823    .text               mf_w.l(d2f.o)
    0x080004b6   0x0000002c   Code   RO        10877    .text               mc_w.l(uidiv.o)
    0x080004e2   0x0000001e   Code   RO        10879    .text               mc_w.l(llshl.o)
    0x08000500   0x00000020   Code   RO        10881    .text               mc_w.l(llushr.o)
    0x08000520   0x00000000   Code   RO        10890    .text               mc_w.l(iusefp.o)
    0x08000520   0x0000006e   Code   RO        10891    .text               mf_w.l(fepilogue.o)
    0x0800058e   0x000000ba   Code   RO        10893    .text               mf_w.l(depilogue.o)
    0x08000648   0x0000014e   Code   RO        10895    .text               mf_w.l(dadd.o)
    0x08000796   0x0000002e   Code   RO        10899    .text               mf_w.l(dscalb.o)
    0x080007c4   0x00000022   Code   RO        10901    .text               mf_w.l(dflti.o)
    0x080007e6   0x00000002   PAD
    0x080007e8   0x00000030   Code   RO        10905    .text               mf_w.l(cdrcmple.o)
    0x08000818   0x00000024   Code   RO        10907    .text               mc_w.l(init.o)
    0x0800083c   0x00000024   Code   RO        10909    .text               mc_w.l(llsshr.o)
    0x08000860   0x000000a2   Code   RO        10911    .text               mf_w.l(dsqrt.o)
    0x08000902   0x00000056   Code   RO        10923    .text               mc_w.l(__dczerorl2.o)
    0x08000958   0x00000170   Code   RO          270    i.Add_Service       bluenrg_sdk_api.o
    0x08000ac8   0x00000040   Code   RO         3934    i.BNRG_SPI_Init     stm32_bluenrg_ble.o
    0x08000b08   0x00000020   Code   RO         4374    i.BSP_HUM_TEMP_GetHumidity  x_nucleo_iks01a1_hum_temp.o
    0x08000b28   0x00000020   Code   RO         4375    i.BSP_HUM_TEMP_GetTemperature  x_nucleo_iks01a1_hum_temp.o
    0x08000b48   0x00000094   Code   RO         4376    i.BSP_HUM_TEMP_Init  x_nucleo_iks01a1_hum_temp.o
    0x08000bdc   0x0000000c   Code   RO         4380    i.BSP_HUM_TEMP_isInitialized  x_nucleo_iks01a1_hum_temp.o
    0x08000be8   0x00000020   Code   RO         4437    i.BSP_IMU_6AXES_G_GetAxes  x_nucleo_iks01a1_imu_6axes.o
    0x08000c08   0x00000124   Code   RO         4446    i.BSP_IMU_6AXES_Init  x_nucleo_iks01a1_imu_6axes.o
    0x08000d2c   0x00000020   Code   RO         4448    i.BSP_IMU_6AXES_X_GetAxes  x_nucleo_iks01a1_imu_6axes.o
    0x08000d4c   0x0000000c   Code   RO         4455    i.BSP_IMU_6AXES_isInitialized  x_nucleo_iks01a1_imu_6axes.o
    0x08000d58   0x00000068   Code   RO         4732    i.BSP_LED_Init      bsp_common.o
    0x08000dc0   0x00000020   Code   RO         4733    i.BSP_LED_Off       bsp_common.o
    0x08000de0   0x00000020   Code   RO         4734    i.BSP_LED_On        bsp_common.o
    0x08000e00   0x00000020   Code   RO         4735    i.BSP_LED_Toggle    bsp_common.o
    0x08000e20   0x00000020   Code   RO         4580    i.BSP_PRESSURE_GetPressure  x_nucleo_iks01a1_pressure.o
    0x08000e40   0x000001a0   Code   RO         4582    i.BSP_PRESSURE_Init  x_nucleo_iks01a1_pressure.o
    0x08000fe0   0x0000000c   Code   RO         4585    i.BSP_PRESSURE_isInitialized  x_nucleo_iks01a1_pressure.o
    0x08000fec   0x0000004c   Code   RO         4738    i.BSP_SystemClock_Config  bsp_common.o
    0x08001038   0x00000018   Code   RO         3935    i.BlueNRG_DataPresent  stm32_bluenrg_ble.o
    0x08001050   0x00000028   Code   RO         3937    i.BlueNRG_RST       stm32_bluenrg_ble.o
    0x08001078   0x000000a8   Code   RO         3938    i.BlueNRG_SPI_Read_All  stm32_bluenrg_ble.o
    0x08001120   0x000000c8   Code   RO         3939    i.BlueNRG_SPI_Write  stm32_bluenrg_ble.o
    0x080011e8   0x0000000c   Code   RO         3940    i.Clear_SPI_EXTI_Flag  stm32_bluenrg_ble.o
    0x080011f4   0x00000008   Code   RO          827    i.Clock_Time        clock.o
    0x080011fc   0x00000002   Code   RO         4923    i.DebugMon_Handler  bsp_isr.o
    0x080011fe   0x0000000a   Code   RO         3942    i.Disable_SPI_IRQ   stm32_bluenrg_ble.o
    0x08001208   0x00000028   Code   RO         4924    i.EXTI0_IRQHandler  bsp_isr.o
    0x08001230   0x00000014   Code   RO         4925    i.EXTI15_10_IRQHandler  bsp_isr.o
    0x08001244   0x0000000a   Code   RO         4926    i.EXTI4_IRQHandler  bsp_isr.o
    0x0800124e   0x0000000a   Code   RO         3943    i.Enable_SPI_IRQ    stm32_bluenrg_ble.o
    0x08001258   0x00000012   Code   RO         4739    i.Error_Handler     bsp_common.o
    0x0800126a   0x00000002   Code   RO          271    i.GAP_ConnectionComplete_CB  bluenrg_sdk_api.o
    0x0800126c   0x00000002   Code   RO          272    i.GAP_DisconnectionComplete_CB  bluenrg_sdk_api.o
    0x0800126e   0x00000002   Code   RO          273    i.GATT_Notification_CB  bluenrg_sdk_api.o
    0x08001270   0x00000018   Code   RO         4641    i.HAL_Delay         stm32f4xx_hal_msp.o
    0x08001288   0x0000000a   Code   RO         4740    i.HAL_GPIO_EXTI_Callback  bsp_common.o
    0x08001292   0x00000002   PAD
    0x08001294   0x0000001c   Code   RO         6319    i.HAL_GPIO_EXTI_IRQHandler  stm32f4xx_hal_gpio.o
    0x080012b0   0x000001d0   Code   RO         6320    i.HAL_GPIO_Init     stm32f4xx_hal_gpio.o
    0x08001480   0x00000010   Code   RO         6322    i.HAL_GPIO_ReadPin  stm32f4xx_hal_gpio.o
    0x08001490   0x00000008   Code   RO         6323    i.HAL_GPIO_TogglePin  stm32f4xx_hal_gpio.o
    0x08001498   0x0000000c   Code   RO         6324    i.HAL_GPIO_WritePin  stm32f4xx_hal_gpio.o
    0x080014a4   0x0000000c   Code   RO         5078    i.HAL_GetTick       stm32f4xx_hal.o
    0x080014b0   0x00000036   Code   RO         6453    i.HAL_I2C_DeInit    stm32f4xx_hal_i2c.o
    0x080014e6   0x00000008   Code   RO         6458    i.HAL_I2C_GetState  stm32f4xx_hal_i2c.o
    0x080014ee   0x00000002   PAD
    0x080014f0   0x00000120   Code   RO         6459    i.HAL_I2C_Init      stm32f4xx_hal_i2c.o
    0x08001610   0x00000238   Code   RO         6471    i.HAL_I2C_Mem_Read  stm32f4xx_hal_i2c.o
    0x08001848   0x00000110   Code   RO         6474    i.HAL_I2C_Mem_Write  stm32f4xx_hal_i2c.o
    0x08001958   0x00000002   Code   RO         6477    i.HAL_I2C_MspDeInit  stm32f4xx_hal_i2c.o
    0x0800195a   0x00000002   Code   RO         6478    i.HAL_I2C_MspInit   stm32f4xx_hal_i2c.o
    0x0800195c   0x00000010   Code   RO         5079    i.HAL_IncTick       stm32f4xx_hal.o
    0x0800196c   0x0000003c   Code   RO         5080    i.HAL_Init          stm32f4xx_hal.o
    0x080019a8   0x00000024   Code   RO         5081    i.HAL_InitTick      stm32f4xx_hal.o
    0x080019cc   0x00000002   Code   RO         5083    i.HAL_MspInit       stm32f4xx_hal.o
    0x080019ce   0x00000002   PAD
    0x080019d0   0x0000001c   Code   RO         5543    i.HAL_NVIC_DisableIRQ  stm32f4xx_hal_cortex.o
    0x080019ec   0x0000001a   Code   RO         5544    i.HAL_NVIC_EnableIRQ  stm32f4xx_hal_cortex.o
    0x08001a06   0x0000007c   Code   RO         5550    i.HAL_NVIC_SetPriority  stm32f4xx_hal_cortex.o
    0x08001a82   0x00000002   PAD
    0x08001a84   0x00000028   Code   RO         5551    i.HAL_NVIC_SetPriorityGrouping  stm32f4xx_hal_cortex.o
    0x08001aac   0x000001a8   Code   RO         7600    i.HAL_RCCEx_PeriphCLKConfig  stm32f4xx_hal_rcc_ex.o
    0x08001c54   0x000002b0   Code   RO         7491    i.HAL_RCC_ClockConfig  stm32f4xx_hal_rcc.o
    0x08001f04   0x00000038   Code   RO         7496    i.HAL_RCC_GetHCLKFreq  stm32f4xx_hal_rcc.o
    0x08001f3c   0x0000002c   Code   RO         7498    i.HAL_RCC_GetPCLK1Freq  stm32f4xx_hal_rcc.o
    0x08001f68   0x0000002c   Code   RO         7499    i.HAL_RCC_GetPCLK2Freq  stm32f4xx_hal_rcc.o
    0x08001f94   0x000000b0   Code   RO         7500    i.HAL_RCC_GetSysClockFreq  stm32f4xx_hal_rcc.o
    0x08002044   0x00000404   Code   RO         7503    i.HAL_RCC_OscConfig  stm32f4xx_hal_rcc.o
    0x08002448   0x00000098   Code   RO         7799    i.HAL_RTCEx_DeactivateWakeUpTimer  stm32f4xx_hal_rtc_ex.o
    0x080024e0   0x000000e8   Code   RO         7819    i.HAL_RTCEx_SetWakeUpTimer_IT  stm32f4xx_hal_rtc_ex.o
    0x080025c8   0x00000002   Code   RO         7824    i.HAL_RTCEx_WakeUpTimerEventCallback  stm32f4xx_hal_rtc_ex.o
    0x080025ca   0x00000002   PAD
    0x080025cc   0x00000040   Code   RO         7825    i.HAL_RTCEx_WakeUpTimerIRQHandler  stm32f4xx_hal_rtc_ex.o
    0x0800260c   0x0000004c   Code   RO         7660    i.HAL_RTC_GetDate   stm32f4xx_hal_rtc.o
    0x08002658   0x00000058   Code   RO         7662    i.HAL_RTC_GetTime   stm32f4xx_hal_rtc.o
    0x080026b0   0x000000b4   Code   RO         7663    i.HAL_RTC_Init      stm32f4xx_hal_rtc.o
    0x08002764   0x00000050   Code   RO         4643    i.HAL_RTC_MspInit   stm32f4xx_hal_msp.o
    0x080027b4   0x00000114   Code   RO         7668    i.HAL_RTC_SetDate   stm32f4xx_hal_rtc.o
    0x080028c8   0x00000134   Code   RO         7669    i.HAL_RTC_SetTime   stm32f4xx_hal_rtc.o
    0x080029fc   0x0000003a   Code   RO         7670    i.HAL_RTC_WaitForSynchro  stm32f4xx_hal_rtc.o
    0x08002a36   0x00000088   Code   RO         8413    i.HAL_SPI_Init      stm32f4xx_hal_spi.o
    0x08002abe   0x00000002   PAD
    0x08002ac0   0x000001b0   Code   RO         3944    i.HAL_SPI_MspInit   stm32_bluenrg_ble.o
    0x08002c70   0x00000352   Code   RO         8421    i.HAL_SPI_TransmitReceive  stm32f4xx_hal_spi.o
    0x08002fc2   0x00000034   Code   RO         5555    i.HAL_SYSTICK_Config  stm32f4xx_hal_cortex.o
    0x08002ff6   0x00000062   Code   RO         9331    i.HAL_TIMEx_MasterConfigSynchronization  stm32f4xx_hal_tim_ex.o
    0x08003058   0x00000108   Code   RO         8737    i.HAL_TIM_PWM_ConfigChannel  stm32f4xx_hal_tim.o
    0x08003160   0x00000034   Code   RO         8740    i.HAL_TIM_PWM_Init  stm32f4xx_hal_tim.o
    0x08003194   0x00000002   Code   RO         8742    i.HAL_TIM_PWM_MspInit  stm32f4xx_hal_tim.o
    0x08003196   0x00000002   PAD
    0x08003198   0x00000040   Code   RO         8744    i.HAL_TIM_PWM_Start  stm32f4xx_hal_tim.o
    0x080031d8   0x00000002   Code   RO         9569    i.HAL_UART_ErrorCallback  stm32f4xx_hal_uart.o
    0x080031da   0x00000120   Code   RO         9572    i.HAL_UART_IRQHandler  stm32f4xx_hal_uart.o
    0x080032fa   0x0000006e   Code   RO         9573    i.HAL_UART_Init     stm32f4xx_hal_uart.o
    0x08003368   0x00000160   Code   RO         4645    i.HAL_UART_MspInit  stm32f4xx_hal_msp.o
    0x080034c8   0x00000086   Code   RO         9578    i.HAL_UART_Receive_IT  stm32f4xx_hal_uart.o
    0x0800354e   0x00000002   PAD
    0x08003550   0x0000040c   Code   RO           11    i.HAL_UART_RxCpltCallback  main.o
    0x0800395c   0x000000f0   Code   RO         9581    i.HAL_UART_Transmit  stm32f4xx_hal_uart.o
    0x08003a4c   0x00000002   Code   RO         9584    i.HAL_UART_TxCpltCallback  stm32f4xx_hal_uart.o
    0x08003a4e   0x00000002   PAD
    0x08003a50   0x000000fc   Code   RO          274    i.HCI_Event_CB      bluenrg_sdk_api.o
    0x08003b4c   0x0000003c   Code   RO         1591    i.HCI_Init          hci.o
    0x08003b88   0x00000088   Code   RO         1592    i.HCI_Isr           hci.o
    0x08003c10   0x00000084   Code   RO         1593    i.HCI_Process       hci.o
    0x08003c94   0x00000010   Code   RO         1594    i.HCI_Queue_Empty   hci.o
    0x08003ca4   0x00000024   Code   RO         1596    i.HCI_verify        hci.o
    0x08003cc8   0x000001a8   Code   RO         1997    i.HTS221_Calibration  hts221.o
    0x08003e70   0x000001bc   Code   RO         1998    i.HTS221_GetHumidity  hts221.o
    0x0800402c   0x00000184   Code   RO         1999    i.HTS221_GetTemperature  hts221.o
    0x080041b0   0x00000002   Code   RO         4123    i.HTS221_IO_ITConfig  x_nucleo_iks01a1.o
    0x080041b2   0x00000008   Code   RO         4124    i.HTS221_IO_Init    x_nucleo_iks01a1.o
    0x080041ba   0x0000001c   Code   RO         4125    i.HTS221_IO_Read    x_nucleo_iks01a1.o
    0x080041d6   0x0000001c   Code   RO         4126    i.HTS221_IO_Write   x_nucleo_iks01a1.o
    0x080041f2   0x00000066   Code   RO         2000    i.HTS221_Init       hts221.o
    0x08004258   0x00000034   Code   RO         2001    i.HTS221_Power_OFF  hts221.o
    0x0800428c   0x00000034   Code   RO         2002    i.HTS221_Power_On   hts221.o
    0x080042c0   0x00000018   Code   RO         2003    i.HTS221_ReadID     hts221.o
    0x080042d8   0x00000034   Code   RO         2004    i.HTS221_RebootCmd  hts221.o
    0x0800430c   0x00000010   Code   RO         4127    i.HUM_TEMP_IO_Init  x_nucleo_iks01a1.o
    0x0800431c   0x00000028   Code   RO         4128    i.HUM_TEMP_IO_Read  x_nucleo_iks01a1.o
    0x08004344   0x00000028   Code   RO         4129    i.HUM_TEMP_IO_Write  x_nucleo_iks01a1.o
    0x0800436c   0x00000050   Code   RO         3945    i.Hal_Write_Serial  stm32_bluenrg_ble.o
    0x080043bc   0x00000004   Code   RO         4927    i.HardFault_Handler  bsp_isr.o
    0x080043c0   0x0000001c   Code   RO         4130    i.I2C_EXPBD_Error   x_nucleo_iks01a1.o
    0x080043dc   0x00000044   Code   RO         4131    i.I2C_EXPBD_Init    x_nucleo_iks01a1.o
    0x08004420   0x00000094   Code   RO         4132    i.I2C_EXPBD_MspInit  x_nucleo_iks01a1.o
    0x080044b4   0x0000003c   Code   RO         4133    i.I2C_EXPBD_ReadData  x_nucleo_iks01a1.o
    0x080044f0   0x0000003c   Code   RO         4134    i.I2C_EXPBD_WriteData  x_nucleo_iks01a1.o
    0x0800452c   0x00000114   Code   RO         6500    i.I2C_RequestMemoryRead  stm32f4xx_hal_i2c.o
    0x08004640   0x000000b0   Code   RO         6501    i.I2C_RequestMemoryWrite  stm32f4xx_hal_i2c.o
    0x080046f0   0x000000de   Code   RO         6509    i.I2C_WaitOnFlagUntilTimeout  stm32f4xx_hal_i2c.o
    0x080047ce   0x000000aa   Code   RO         6510    i.I2C_WaitOnMasterAddressFlagUntilTimeout  stm32f4xx_hal_i2c.o
    0x08004878   0x00000010   Code   RO         4135    i.IMU_6AXES_IO_Init  x_nucleo_iks01a1.o
    0x08004888   0x00000028   Code   RO         4136    i.IMU_6AXES_IO_Read  x_nucleo_iks01a1.o
    0x080048b0   0x00000028   Code   RO         4137    i.IMU_6AXES_IO_Write  x_nucleo_iks01a1.o
    0x080048d8   0x00000030   Code   RO         2056    i.LPS25HB_GetPressure  lps25hb.o
    0x08004908   0x0000003c   Code   RO         2057    i.LPS25HB_GetTemperature  lps25hb.o
    0x08004944   0x00000044   Code   RO         2058    i.LPS25HB_I2C_ReadRawPressure  lps25hb.o
    0x08004988   0x00000034   Code   RO         2059    i.LPS25HB_I2C_ReadRawTemperature  lps25hb.o
    0x080049bc   0x00000002   Code   RO         4138    i.LPS25HB_IO_ITConfig  x_nucleo_iks01a1.o
    0x080049be   0x00000008   Code   RO         4139    i.LPS25HB_IO_Init   x_nucleo_iks01a1.o
    0x080049c6   0x0000001c   Code   RO         4140    i.LPS25HB_IO_Read   x_nucleo_iks01a1.o
    0x080049e2   0x0000001c   Code   RO         4141    i.LPS25HB_IO_Write  x_nucleo_iks01a1.o
    0x080049fe   0x00000002   PAD
    0x08004a00   0x000000f0   Code   RO         2060    i.LPS25HB_Init      lps25hb.o
    0x08004af0   0x0000003c   Code   RO         2061    i.LPS25HB_PowerOff  lps25hb.o
    0x08004b2c   0x0000003c   Code   RO         2062    i.LPS25HB_PowerOn   lps25hb.o
    0x08004b68   0x00000020   Code   RO         2063    i.LPS25HB_ReadID    lps25hb.o
    0x08004b88   0x0000003c   Code   RO         2064    i.LPS25HB_RebootCmd  lps25hb.o
    0x08004bc4   0x00000014   Code   RO         2065    i.LPS25HB_SlaveAddrRemap  lps25hb.o
    0x08004bd8   0x00000030   Code   RO         4058    i.LPS25H_GetPressure  lps25h.o
    0x08004c08   0x0000003c   Code   RO         4059    i.LPS25H_GetTemperature  lps25h.o
    0x08004c44   0x00000044   Code   RO         4060    i.LPS25H_I2C_ReadRawPressure  lps25h.o
    0x08004c88   0x00000034   Code   RO         4061    i.LPS25H_I2C_ReadRawTemperature  lps25h.o
    0x08004cbc   0x00000002   Code   RO         4142    i.LPS25H_IO_ITConfig  x_nucleo_iks01a1.o
    0x08004cbe   0x00000008   Code   RO         4143    i.LPS25H_IO_Init    x_nucleo_iks01a1.o
    0x08004cc6   0x0000001c   Code   RO         4144    i.LPS25H_IO_Read    x_nucleo_iks01a1.o
    0x08004ce2   0x0000001c   Code   RO         4145    i.LPS25H_IO_Write   x_nucleo_iks01a1.o
    0x08004cfe   0x00000002   PAD
    0x08004d00   0x000000f0   Code   RO         4062    i.LPS25H_Init       lps25h.o
    0x08004df0   0x0000003c   Code   RO         4063    i.LPS25H_PowerOff   lps25h.o
    0x08004e2c   0x0000003c   Code   RO         4064    i.LPS25H_PowerOn    lps25h.o
    0x08004e68   0x00000020   Code   RO         4065    i.LPS25H_ReadID     lps25h.o
    0x08004e88   0x0000003c   Code   RO         4066    i.LPS25H_RebootCmd  lps25h.o
    0x08004ec4   0x0000000c   Code   RO         4067    i.LPS25H_SlaveAddrRemap  lps25h.o
    0x08004ed0   0x00000058   Code   RO         3455    i.LSM303AGR_MAG_Get_Magnetic  lsm303agr_mag_driver.o
    0x08004f28   0x00000040   Code   RO         3456    i.LSM303AGR_MAG_Get_Raw_Magnetic  lsm303agr_mag_driver.o
    0x08004f68   0x0000001e   Code   RO         3488    i.LSM303AGR_MAG_R_WHO_AM_I  lsm303agr_mag_driver.o
    0x08004f86   0x00000014   Code   RO         4149    i.LSM303AGR_MAG_ReadReg  x_nucleo_iks01a1.o
    0x08004f9a   0x00000038   Code   RO         3514    i.LSM303AGR_MAG_W_MD  lsm303agr_mag_driver.o
    0x08004fd2   0x00000038   Code   RO         3515    i.LSM303AGR_MAG_W_ODR  lsm303agr_mag_driver.o
    0x0800500a   0x00000012   Code   RO         4150    i.LSM303AGR_MAG_WriteReg  x_nucleo_iks01a1.o
    0x0800501c   0x00000086   Code   RO         2131    i.LSM6DS3_Common_Sensor_Enable  lsm6ds3.o
    0x080050a2   0x00000082   Code   RO         2132    i.LSM6DS3_Disable_Free_Fall_Detection  lsm6ds3.o
    0x08005124   0x0000013a   Code   RO         2133    i.LSM6DS3_Enable_Free_Fall_Detection  lsm6ds3.o
    0x0800525e   0x00000002   PAD
    0x08005260   0x00000080   Code   RO         2134    i.LSM6DS3_G_GetAxes  lsm6ds3.o
    0x080052e0   0x00000072   Code   RO         2135    i.LSM6DS3_G_GetAxesRaw  lsm6ds3.o
    0x08005352   0x00000002   PAD
    0x08005354   0x000000ac   Code   RO         2136    i.LSM6DS3_G_GetSensitivity  lsm6ds3.o
    0x08005400   0x000000ac   Code   RO         2137    i.LSM6DS3_G_Get_FS  lsm6ds3.o
    0x080054ac   0x000000c4   Code   RO         2138    i.LSM6DS3_G_Get_ODR  lsm6ds3.o
    0x08005570   0x00000094   Code   RO         2139    i.LSM6DS3_G_Set_Axes_Status  lsm6ds3.o
    0x08005604   0x00000118   Code   RO         2140    i.LSM6DS3_G_Set_FS  lsm6ds3.o
    0x0800571c   0x000000f4   Code   RO         2141    i.LSM6DS3_G_Set_ODR  lsm6ds3.o
    0x08005810   0x00000042   Code   RO         2142    i.LSM6DS3_Get_Status_Free_Fall_Detection  lsm6ds3.o
    0x08005852   0x00000008   Code   RO         4156    i.LSM6DS3_IO_Init   x_nucleo_iks01a1.o
    0x0800585a   0x0000001c   Code   RO         4157    i.LSM6DS3_IO_Read   x_nucleo_iks01a1.o
    0x08005876   0x0000001c   Code   RO         4158    i.LSM6DS3_IO_Write  x_nucleo_iks01a1.o
    0x08005892   0x00000084   Code   RO         2143    i.LSM6DS3_Init      lsm6ds3.o
    0x08005916   0x00000018   Code   RO         2144    i.LSM6DS3_Read_XG_ID  lsm6ds3.o
    0x0800592e   0x00000002   PAD
    0x08005930   0x00000080   Code   RO         2145    i.LSM6DS3_X_GetAxes  lsm6ds3.o
    0x080059b0   0x00000072   Code   RO         2146    i.LSM6DS3_X_GetAxesRaw  lsm6ds3.o
    0x08005a22   0x00000002   PAD
    0x08005a24   0x00000078   Code   RO         2147    i.LSM6DS3_X_GetSensitivity  lsm6ds3.o
    0x08005a9c   0x00000068   Code   RO         2148    i.LSM6DS3_X_Get_FS  lsm6ds3.o
    0x08005b04   0x000000e0   Code   RO         2149    i.LSM6DS3_X_Get_ODR  lsm6ds3.o
    0x08005be4   0x00000094   Code   RO         2150    i.LSM6DS3_X_Set_Axes_Status  lsm6ds3.o
    0x08005c78   0x0000008a   Code   RO         2151    i.LSM6DS3_X_Set_FS  lsm6ds3.o
    0x08005d02   0x00000002   PAD
    0x08005d04   0x00000120   Code   RO         2152    i.LSM6DS3_X_Set_ODR  lsm6ds3.o
    0x08005e24   0x00000002   Code   RO         4928    i.NMI_Handler       bsp_isr.o
    0x08005e26   0x00000002   PAD
    0x08005e28   0x00000010   Code   RO         5557    i.NVIC_GetPriorityGrouping  stm32f4xx_hal_cortex.o
    0x08005e38   0x00000028   Code   RO         5558    i.NVIC_SetPriority  stm32f4xx_hal_cortex.o
    0x08005e60   0x00000014   Code   RO         1966    i.Osal_MemCpy       osal.o
    0x08005e74   0x00000014   Code   RO         1967    i.Osal_MemSet       osal.o
    0x08005e88   0x0000016c   Code   RO           12    i.PA1_Init          main.o
    0x08005ff4   0x00000010   Code   RO         4159    i.PRESSURE_IO_Init  x_nucleo_iks01a1.o
    0x08006004   0x00000028   Code   RO         4160    i.PRESSURE_IO_Read  x_nucleo_iks01a1.o
    0x0800602c   0x00000028   Code   RO         4161    i.PRESSURE_IO_Write  x_nucleo_iks01a1.o
    0x08006054   0x00000002   Code   RO         4929    i.PendSV_Handler    bsp_isr.o
    0x08006056   0x00000016   Code   RO         7671    i.RTC_Bcd2ToByte    stm32f4xx_hal_rtc.o
    0x0800606c   0x0000001a   Code   RO         7672    i.RTC_ByteToBcd2    stm32f4xx_hal_rtc.o
    0x08006086   0x00000002   PAD
    0x08006088   0x00000058   Code   RO          544    i.RTC_CalendarConfig  stm32f401_lp_mode.o
    0x080060e0   0x00000060   Code   RO          545    i.RTC_CalendarShow  stm32f401_lp_mode.o
    0x08006140   0x0000003e   Code   RO         7673    i.RTC_EnterInitMode  stm32f4xx_hal_rtc.o
    0x0800617e   0x00000002   PAD
    0x08006180   0x00000010   Code   RO         4931    i.RTC_WKUP_IRQHandler  bsp_isr.o
    0x08006190   0x00000018   Code   RO          275    i.Read_Request_CB   bluenrg_sdk_api.o
    0x080061a8   0x00000114   Code   RO         8443    i.SPI_WaitOnFlagUntilTimeout  stm32f4xx_hal_spi.o
    0x080062bc   0x00000002   Code   RO         4932    i.SVC_Handler       bsp_isr.o
    0x080062be   0x00000002   PAD
    0x080062c0   0x00000018   Code   RO         4933    i.SysTick_Handler   bsp_isr.o
    0x080062d8   0x00000064   Code   RO         5019    i.SystemInit        system_stm32f4xx.o
    0x0800633c   0x000000b0   Code   RO         8755    i.TIM_Base_SetConfig  stm32f4xx_hal_tim.o
    0x080063ec   0x0000001c   Code   RO         8756    i.TIM_CCxChannelCmd  stm32f4xx_hal_tim.o
    0x08006408   0x00000064   Code   RO         8764    i.TIM_OC1_SetConfig  stm32f4xx_hal_tim.o
    0x0800646c   0x00000070   Code   RO         8765    i.TIM_OC2_SetConfig  stm32f4xx_hal_tim.o
    0x080064dc   0x0000006c   Code   RO         8766    i.TIM_OC3_SetConfig  stm32f4xx_hal_tim.o
    0x08006548   0x00000058   Code   RO         8767    i.TIM_OC4_SetConfig  stm32f4xx_hal_tim.o
    0x080065a0   0x0000001c   Code   RO         1539    i.Timer_Expired     gp_timer.o
    0x080065bc   0x00000010   Code   RO         1543    i.Timer_Set         gp_timer.o
    0x080065cc   0x00000048   Code   RO         9591    i.UART_EndTransmit_IT  stm32f4xx_hal_uart.o
    0x08006614   0x00000030   Code   RO         4646    i.UART_Init         stm32f4xx_hal_msp.o
    0x08006644   0x000000bc   Code   RO         9592    i.UART_Receive_IT   stm32f4xx_hal_uart.o
    0x08006700   0x00000224   Code   RO         9593    i.UART_SetConfig    stm32f4xx_hal_uart.o
    0x08006924   0x00000070   Code   RO         9594    i.UART_Transmit_IT  stm32f4xx_hal_uart.o
    0x08006994   0x000000fa   Code   RO         9595    i.UART_WaitOnFlagUntilTimeout  stm32f4xx_hal_uart.o
    0x08006a8e   0x00000002   PAD
    0x08006a90   0x00000010   Code   RO        10488    i.USART1_IRQHandler  stm32f4xx_it.o
    0x08006aa0   0x00000020   Code   RO        10597    i.__0printf$1       mc_w.l(printf1.o)
    0x08006ac0   0x00000030   Code   RO        10845    i.__ARM_fpclassify  m_wm.l(fpclassify.o)
    0x08006af0   0x00000c50   Code   RO        10517    i.__hardfp_pow      m_wm.l(pow.o)
    0x08007740   0x00000002   Code   RO          682    i.__jsensor_init_sensor  juma_sensor.o
    0x08007742   0x000000f8   Code   RO        10847    i.__kernel_poly     m_wm.l(poly.o)
    0x0800783a   0x00000006   PAD
    0x08007840   0x00000030   Code   RO        10825    i.__mathlib_dbl_divzero  m_wm.l(dunder.o)
    0x08007870   0x00000014   Code   RO        10827    i.__mathlib_dbl_infnan2  m_wm.l(dunder.o)
    0x08007884   0x00000004   PAD
    0x08007888   0x00000020   Code   RO        10828    i.__mathlib_dbl_invalid  m_wm.l(dunder.o)
    0x080078a8   0x00000020   Code   RO        10829    i.__mathlib_dbl_overflow  m_wm.l(dunder.o)
    0x080078c8   0x00000020   Code   RO        10831    i.__mathlib_dbl_underflow  m_wm.l(dunder.o)
    0x080078e8   0x0000000e   Code   RO        10917    i.__scatterload_copy  mc_w.l(handlers.o)
    0x080078f6   0x00000002   Code   RO        10918    i.__scatterload_null  mc_w.l(handlers.o)
    0x080078f8   0x0000000e   Code   RO        10919    i.__scatterload_zeroinit  mc_w.l(handlers.o)
    0x08007906   0x00000002   PAD
    0x08007908   0x0000000c   Code   RO        10885    i.__set_errno       mc_w.l(errno.o)
    0x08007914   0x00000154   Code   RO        10604    i._printf_core      mc_w.l(printf1.o)
    0x08007a68   0x00000088   Code   RO          931    i.aci_gap_init      bluenrg_gap_aci.o
    0x08007af0   0x00000088   Code   RO          936    i.aci_gap_set_auth_requirement  bluenrg_gap_aci.o
    0x08007b78   0x0000010c   Code   RO          940    i.aci_gap_set_discoverable  bluenrg_gap_aci.o
    0x08007c84   0x000000e0   Code   RO         1179    i.aci_gatt_add_char  bluenrg_gatt_aci.o
    0x08007d64   0x000000a0   Code   RO         1181    i.aci_gatt_add_serv  bluenrg_gatt_aci.o
    0x08007e04   0x00000048   Code   RO         1182    i.aci_gatt_allow_read  bluenrg_gatt_aci.o
    0x08007e4c   0x0000003c   Code   RO         1195    i.aci_gatt_init     bluenrg_gatt_aci.o
    0x08007e88   0x000000aa   Code   RO         1208    i.aci_gatt_update_char_value  bluenrg_gatt_aci.o
    0x08007f32   0x00000058   Code   RO         1454    i.aci_hal_set_tx_power_level  bluenrg_hal_aci.o
    0x08007f8a   0x0000007c   Code   RO         1457    i.aci_hal_write_config_data  bluenrg_hal_aci.o
    0x08008006   0x00000002   PAD
    0x08008008   0x00000028   Code   RO          466    i.allocate          dispatch.o
    0x08008030   0x0000001a   Code   RO          276    i.ble_address       bluenrg_sdk_api.o
    0x0800804a   0x00000002   PAD
    0x0800804c   0x00000024   Code   RO           13    i.ble_device_on_connect  main.o
    0x08008070   0x00000018   Code   RO           14    i.ble_device_on_disconnect  main.o
    0x08008088   0x00000194   Code   RO           15    i.ble_device_on_message  main.o
    0x0800821c   0x00000064   Code   RO          280    i.ble_device_send   bluenrg_sdk_api.o
    0x08008280   0x0000000c   Code   RO          281    i.ble_device_set_advertising_interval  bluenrg_sdk_api.o
    0x0800828c   0x0000004c   Code   RO          282    i.ble_device_set_name  bluenrg_sdk_api.o
    0x080082d8   0x00000084   Code   RO          283    i.ble_device_start_advertising  bluenrg_sdk_api.o
    0x0800835c   0x000000d8   Code   RO          286    i.ble_init_bluenrg  bluenrg_sdk_api.o
    0x08008434   0x0000002e   Code   RO          287    i.ble_set_adv_param  bluenrg_sdk_api.o
    0x08008462   0x00000012   Code   RO          288    i.ble_set_tx_power  bluenrg_sdk_api.o
    0x08008474   0x00000054   Code   RO         4757    i.bsp_init          bsp_common.o
    0x080084c8   0x0000000c   Code   RO          289    i.connection_information  bluenrg_sdk_api.o
    0x080084d4   0x0000000a   Code   RO          467    i.current_time      dispatch.o
    0x080084de   0x00000002   PAD
    0x080084e0   0x00000060   Code   RO          468    i.dispatch          dispatch.o
    0x08008540   0x0000003c   Code   RO          469    i.dispatch_head_op  dispatch.o
    0x0800857c   0x00000038   Code   RO          470    i.dispatch_init     dispatch.o
    0x080085b4   0x00000018   Code   RO        10841    i.fabs              m_wm.l(fabs.o)
    0x080085cc   0x00000024   Code   RO         4649    i.fputc             stm32f4xx_hal_msp.o
    0x080085f0   0x0000006a   Code   RO         1620    i.hci_le_set_scan_resp_data  hci.o
    0x0800865a   0x0000003c   Code   RO         1627    i.hci_send_cmd      hci.o
    0x08008696   0x00000002   PAD
    0x08008698   0x000001b8   Code   RO         1628    i.hci_send_req      hci.o
    0x08008850   0x0000001c   Code   RO         1630    i.hci_write         hci.o
    0x0800886c   0x0000001c   Code   RO          683    i.hum_temp_monitor_init  juma_sensor.o
    0x08008888   0x00000028   Code   RO         2255    i.init_LSM303AGR_mag  lsm303agr.o
    0x080088b0   0x00000044   Code   RO          684    i.jsensor_app_read_sensor  juma_sensor.o
    0x080088f4   0x00000030   Code   RO          685    i.jsensor_app_set_sensor  juma_sensor.o
    0x08008924   0x00000022   Code   RO           16    i.jsensor_app_set_sensors  main.o
    0x08008946   0x0000000c   Code   RO          687    i.jsensor_sys_init  juma_sensor.o
    0x08008952   0x00000006   Code   RO         1875    i.list_init_head    list.o
    0x08008958   0x0000000e   Code   RO         1876    i.list_insert_head  list.o
    0x08008966   0x0000000e   Code   RO         1879    i.list_insert_tail  list.o
    0x08008974   0x00000010   Code   RO         1880    i.list_is_empty     list.o
    0x08008984   0x0000001c   Code   RO         1881    i.list_remove_head  list.o
    0x080089a0   0x0000000e   Code   RO         1882    i.list_remove_node  list.o
    0x080089ae   0x00000002   Code   RO           19    i.loop              main.o
    0x080089b0   0x00000014   Code   RO          688    i.lsm303agr_init    juma_sensor.o
    0x080089c4   0x0000001c   Code   RO          689    i.lsm6ds3_6_axis_init  juma_sensor.o
    0x080089e0   0x00000058   Code   RO           20    i.main              main.o
    0x08008a38   0x00000024   Code   RO         1631    i.move_list         hci.o
    0x08008a5c   0x0000001c   Code   RO          690    i.pressure_sensor_init  juma_sensor.o
    0x08008a78   0x00000078   Code   RO          691    i.read_6_Axis_data  juma_sensor.o
    0x08008af0   0x00000050   Code   RO          692    i.read_XYWH_date    juma_sensor.o
    0x08008b40   0x0000004c   Code   RO           21    i.read_accelerometer  main.o
    0x08008b8c   0x00000044   Code   RO           22    i.read_coordinate   main.o
    0x08008bd0   0x00000048   Code   RO           23    i.read_humidity     main.o
    0x08008c18   0x00000044   Code   RO           24    i.read_magenetometer  main.o
    0x08008c5c   0x00000044   Code   RO           25    i.read_pressure     main.o
    0x08008ca0   0x0000004c   Code   RO          693    i.read_pressure     juma_sensor.o
    0x08008cec   0x00000040   Code   RO          694    i.read_raw_magnetometer_data  juma_sensor.o
    0x08008d2c   0x00000074   Code   RO          695    i.read_temp_hum     juma_sensor.o
    0x08008da0   0x00000048   Code   RO           26    i.read_temperature  main.o
    0x08008de8   0x00000044   Code   RO          471    i.reset_rtc         dispatch.o
    0x08008e2c   0x00000038   Code   RO          551    i.rtc_init          stm32f401_lp_mode.o
    0x08008e64   0x0000004c   Code   RO          552    i.rtc_wake_up_timer_config  stm32f401_lp_mode.o
    0x08008eb0   0x00000084   Code   RO          472    i.run_at_time       dispatch.o
    0x08008f34   0x00000038   Code   RO         3947    i.set_irq_as_input  stm32_bluenrg_ble.o
    0x08008f6c   0x00000030   Code   RO         3948    i.set_irq_as_output  stm32_bluenrg_ble.o
    0x08008f9c   0x0000000c   Code   RO          474    i.set_timer         dispatch.o
    0x08008fa8   0x0000006e   Code   RO        10852    i.sqrt              m_wm.l(sqrt.o)
    0x08009016   0x00000002   PAD
    0x08009018   0x00000028   Code   RO           27    i.stop              main.o
    0x08009040   0x0000001c   Code   RO         3949    i.us150Delay        stm32_bluenrg_ble.o
    0x0800905c   0x00000004   Data   RO          829    .constdata          clock.o
    0x08009060   0x00000005   Data   RO         4759    .constdata          bsp_common.o
    0x08009065   0x00000010   Data   RO         7504    .constdata          stm32f4xx_hal_rcc.o
    0x08009075   0x00000003   PAD
    0x08009078   0x00000088   Data   RO        10520    .constdata          m_wm.l(pow.o)
    0x08009100   0x00000008   Data   RO        10849    .constdata          m_wm.l(qnan.o)
    0x08009108   0x0000000d   Data   RO           29    .conststring        main.o
    0x08009115   0x00000003   PAD
    0x08009118   0x00000020   Data   RO        10915    Region$$Table       anon$$obj.o


    Execution Region RW_IRAM1 (Base: 0x20000000, Size: 0x00001100, Max: 0x00018000, ABSOLUTE, COMPRESSED[0x000000ec])

    Base Addr    Size         Type   Attr      Idx    E Section Name        Object

    0x20000000   0x00000015   Data   RW           30    .data               main.o
    0x20000015   0x00000001   PAD
    0x20000016   0x00000031   Data   RW          291    .data               bluenrg_sdk_api.o
    0x20000047   0x00000001   PAD
    0x20000048   0x00000018   Data   RW          476    .data               dispatch.o
    0x20000060   0x00000013   Data   RW         1633    .data               hci.o
    0x20000073   0x00000001   PAD
    0x20000074   0x00000050   Data   RW         2005    .data               hts221.o
    0x200000c4   0x00000040   Data   RW         2066    .data               lps25hb.o
    0x20000104   0x00000058   Data   RW         2153    .data               lsm6ds3.o
    0x2000015c   0x0000003d   Data   RW         4068    .data               lps25h.o
    0x20000199   0x00000003   PAD
    0x2000019c   0x00000008   Data   RW         4163    .data               x_nucleo_iks01a1.o
    0x200001a4   0x00000005   Data   RW         4381    .data               x_nucleo_iks01a1_hum_temp.o
    0x200001a9   0x00000003   PAD
    0x200001ac   0x00000006   Data   RW         4456    .data               x_nucleo_iks01a1_imu_6axes.o
    0x200001b2   0x00000002   PAD
    0x200001b4   0x00000006   Data   RW         4586    .data               x_nucleo_iks01a1_pressure.o
    0x200001ba   0x00000002   PAD
    0x200001bc   0x0000000c   Data   RW         4760    .data               bsp_common.o
    0x200001c8   0x0000000c   Data   RW         4934    .data               bsp_isr.o
    0x200001d4   0x00000014   Data   RW         5020    .data               system_stm32f4xx.o
    0x200001e8   0x00000004   Data   RW         5086    .data               stm32f4xx_hal.o
    0x200001ec   0x00000004   Data   RW        10876    .data               mc_w.l(stdout.o)
    0x200001f0   0x00000004   Data   RW        10886    .data               mc_w.l(errno.o)
    0x200001f4   0x000000ac   Zero   RW           28    .bss                main.o
    0x200002a0   0x00000014   Zero   RW          290    .bss                bluenrg_sdk_api.o
    0x200002b4   0x00000200   Zero   RW          475    .bss                dispatch.o
    0x200004b4   0x00000020   Zero   RW          553    .bss                stm32f401_lp_mode.o
    0x200004d4   0x000002bc   Zero   RW         1632    .bss                hci.o
    0x20000790   0x00000058   Zero   RW         3950    .bss                stm32_bluenrg_ble.o
    0x200007e8   0x00000094   Zero   RW         4162    .bss                x_nucleo_iks01a1.o
    0x2000087c   0x00000080   Zero   RW         4651    .bss                stm32f4xx_hal_msp.o
    0x200008fc   0x00000004   PAD
    0x20000900   0x00000800   Zero   RW         5055    STACK               startup_stm32f401xe.o


==============================================================================

Image component sizes


      Code (inc. data)   RO Data    RW Data    ZI Data      Debug   Object Name

         0          0          0          0          0       1444   app.o
       540          0          0          0          0      35349   bluenrg_gap_aci.o
       686          0          0          0          0       6319   bluenrg_gatt_aci.o
       212          0          0          0          0       2857   bluenrg_hal_aci.o
      1288        212          0         49         20      52094   bluenrg_sdk_api.o
       388         44          5         12          0       6852   bsp_common.o
       122         24          0         12          0       6776   bsp_isr.o
         8          0          4          0          0       1916   clock.o
       474         56          0         24        512       7376   dispatch.o
        44          0          0          0          0       2080   gp_timer.o
      1050         64          0         19        700      12579   hci.o
      1538        106          0         80          0       7588   hts221.o
       690         22          0          0          0      39027   juma_sensor.o
        92          0          0          0          0       4593   list.o
       692         46          0         61          0       7818   lps25h.o
       700         48          0         64          0       7957   lps25hb.o
        40          0          0          0          0        749   lsm303agr.o
       294          0          0          0          0      11876   lsm303agr_mag_driver.o
      3518        220          0         88          0      28340   lsm6ds3.o
      2452        188         13         21        172     304180   main.o
        40          0          0          0          0       1572   osal.o
        36          8        404          0       2048        936   startup_stm32f401xe.o
      1172        106          0          0         88      11505   stm32_bluenrg_ble.o
       316         24          0          0         32       3921   stm32f401_lp_mode.o
       126         16          0          4          0       4756   stm32f4xx_hal.o
       326         28          0          0          0      32049   stm32f4xx_hal_cortex.o
       528         36          0          0          0       4903   stm32f4xx_hal_gpio.o
      2038         36          0          0          0      10960   stm32f4xx_hal_i2c.o
       540         34          0          0        128       6107   stm32f4xx_hal_msp.o
      2036         62         16          0          0       6731   stm32f4xx_hal_rcc.o
       424         22          0          0          0       1676   stm32f4xx_hal_rcc_ex.o
      1096         24          0          0          0       8290   stm32f4xx_hal_rtc.o
       450         10          0          0          0       3951   stm32f4xx_hal_rtc_ex.o
      1262          0          0          0          0       4061   stm32f4xx_hal_spi.o
       994         52          0          0          0       8602   stm32f4xx_hal_tim.o
        98          0          0          0          0       1460   stm32f4xx_hal_tim_ex.o
      1946         10          0          0          0      10059   stm32f4xx_hal_uart.o
        16          6          0          0          0        528   stm32f4xx_it.o
       100         18          0         20          0       1545   system_stm32f4xx.o
       952         44          0          8        148      23912   x_nucleo_iks01a1.o
       224         32          0          5          0       3794   x_nucleo_iks01a1_hum_temp.o
       368         42          0          6          0       3947   x_nucleo_iks01a1_imu_6axes.o
       460         38          0          6          0       3308   x_nucleo_iks01a1_pressure.o

    ----------------------------------------------------------------------
     30426       1678        480        492       3852     706343   Object Totals
         0          0         32          0          0          0   (incl. Generated)
        50          0          6         13          4          0   (incl. Padding)

    ----------------------------------------------------------------------

      Code (inc. data)   RO Data    RW Data    ZI Data      Debug   Library Member Name

       164         44          0          0          0        620   dunder.o
        24          0          0          0          0        124   fabs.o
        48          0          0          0          0        124   fpclassify.o
       248          0          0          0          0        152   poly.o
      3152        296        136          0          0        352   pow.o
         0          0          8          0          0          0   qnan.o
       110          0          0          0          0        148   sqrt.o
        86          0          0          0          0          0   __dczerorl2.o
         0          0          0          0          0          0   entry.o
         0          0          0          0          0          0   entry10a.o
         0          0          0          0          0          0   entry11a.o
         8          4          0          0          0          0   entry2.o
         4          0          0          0          0          0   entry5.o
         0          0          0          0          0          0   entry7b.o
         0          0          0          0          0          0   entry8b.o
         8          4          0          0          0          0   entry9a.o
        12          6          0          4          0         68   errno.o
        30          0          0          0          0          0   handlers.o
        36          8          0          0          0         68   init.o
         0          0          0          0          0          0   iusefp.o
        30          0          0          0          0         68   llshl.o
        36          0          0          0          0         68   llsshr.o
        32          0          0          0          0         68   llushr.o
        40          0          0          0          0         76   memcpy.o
        36          0          0          0          0        108   memseta.o
       372         14          0          0          0        184   printf1.o
         0          0          0          4          0          0   stdout.o
        14          0          0          0          0         68   strlen.o
        44          0          0          0          0         80   uidiv.o
        48          0          0          0          0         68   cdrcmple.o
        56          0          0          0          0         88   d2f.o
       334          0          0          0          0        148   dadd.o
       222          0          0          0          0        100   ddiv.o
       186          0          0          0          0        176   depilogue.o
        62          0          0          0          0         80   dfixi.o
        50          0          0          0          0         76   dfixui.o
        34          0          0          0          0         76   dflti.o
       228          0          0          0          0         96   dmul.o
        46          0          0          0          0         80   dscalb.o
       162          0          0          0          0        100   dsqrt.o
        38          0          0          0          0         68   f2d.o
       110          0          0          0          0        168   fepilogue.o

    ----------------------------------------------------------------------
      6126        376        144          8          0       3700   Library Totals
        16          0          0          0          0          0   (incl. Padding)

    ----------------------------------------------------------------------

      Code (inc. data)   RO Data    RW Data    ZI Data      Debug   Library Name

      3746        340        144          0          0       1520   m_wm.l
       788         36          0          8          0        856   mc_w.l
      1576          0          0          0          0       1324   mf_w.l

    ----------------------------------------------------------------------
      6126        376        144          8          0       3700   Library Totals

    ----------------------------------------------------------------------

==============================================================================


      Code (inc. data)   RO Data    RW Data    ZI Data      Debug   

     36552       2054        624        500       3852     679335   Grand Totals
     36552       2054        624        236       3852     679335   ELF Image Totals (compressed)
     36552       2054        624        236          0          0   ROM Totals

==============================================================================

    Total RO  Size (Code + RO Data)                37176 (  36.30kB)
    Total RW  Size (RW Data + ZI Data)              4352 (   4.25kB)
    Total ROM Size (Code + RO Data + RW Data)      37412 (  36.54kB)

==============================================================================

