Component: ARM Compiler 5.06 update 2 (build 183) Tool: armlink [4d35b7]

==============================================================================

Section Cross References

    app.o(i.ble_device_on_connect) refers to dispatch.o(i.current_time) for current_time
    app.o(i.ble_device_on_connect) refers to dispatch.o(i.run_at_time) for run_at_time
    app.o(i.ble_device_on_connect) refers to app.o(.data) for running
    app.o(i.ble_device_on_connect) refers to app.o(i.led_off) for led_off
    app.o(i.ble_device_on_connect) refers to app.o(i.read_temperature) for read_temperature
    app.o(i.ble_device_on_disconnect) refers to bluenrg_sdk_api.o(i.ble_device_start_advertising) for ble_device_start_advertising
    app.o(i.ble_device_on_disconnect) refers to app.o(.data) for running
    app.o(i.jsensor_app_set_sensors) refers to juma_sensor.o(i.jsensor_app_set_sensor) for jsensor_app_set_sensor
    app.o(i.led_off) refers to bsp_common.o(i.BSP_LED_Off) for BSP_LED_Off
    app.o(i.led_off) refers to dispatch.o(i.current_time) for current_time
    app.o(i.led_off) refers to dispatch.o(i.run_at_time) for run_at_time
    app.o(i.led_off) refers to app.o(.data) for running
    app.o(i.led_off) refers to app.o(i.led_on) for led_on
    app.o(i.led_on) refers to bsp_common.o(i.BSP_LED_On) for BSP_LED_On
    app.o(i.led_on) refers to dispatch.o(i.current_time) for current_time
    app.o(i.led_on) refers to dispatch.o(i.run_at_time) for run_at_time
    app.o(i.led_on) refers to app.o(i.led_off) for led_off
    app.o(i.on_ready) refers to bsp_common.o(i.BSP_LED_On) for BSP_LED_On
    app.o(i.on_ready) refers to hci.o(i.HCI_get_bdAddr) for HCI_get_bdAddr
    app.o(i.on_ready) refers to printf8.o(i.__0sprintf$8) for __2sprintf
    app.o(i.on_ready) refers to bluenrg_sdk_api.o(i.ble_set_adv_param) for ble_set_adv_param
    app.o(i.on_ready) refers to bluenrg_sdk_api.o(i.ble_device_start_advertising) for ble_device_start_advertising
    app.o(i.on_ready) refers to app.o(.data) for running
    app.o(i.read_accelerometer) refers to juma_sensor.o(i.jsensor_app_read_sensor) for jsensor_app_read_sensor
    app.o(i.read_accelerometer) refers to bluenrg_sdk_api.o(i.ble_device_send) for ble_device_send
    app.o(i.read_accelerometer) refers to dispatch.o(i.current_time) for current_time
    app.o(i.read_accelerometer) refers to dispatch.o(i.run_at_time) for run_at_time
    app.o(i.read_accelerometer) refers to app.o(.data) for running
    app.o(i.read_accelerometer) refers to app.o(i.read_gyroscopic) for read_gyroscopic
    app.o(i.read_gyroscopic) refers to juma_sensor.o(i.jsensor_app_read_sensor) for jsensor_app_read_sensor
    app.o(i.read_gyroscopic) refers to bluenrg_sdk_api.o(i.ble_device_send) for ble_device_send
    app.o(i.read_gyroscopic) refers to dispatch.o(i.current_time) for current_time
    app.o(i.read_gyroscopic) refers to dispatch.o(i.run_at_time) for run_at_time
    app.o(i.read_gyroscopic) refers to app.o(.data) for running
    app.o(i.read_gyroscopic) refers to app.o(i.read_temperature) for read_temperature
    app.o(i.read_humidity) refers to juma_sensor.o(i.jsensor_app_read_sensor) for jsensor_app_read_sensor
    app.o(i.read_humidity) refers to bluenrg_sdk_api.o(i.ble_device_send) for ble_device_send
    app.o(i.read_humidity) refers to dispatch.o(i.current_time) for current_time
    app.o(i.read_humidity) refers to dispatch.o(i.run_at_time) for run_at_time
    app.o(i.read_humidity) refers to app.o(.data) for running
    app.o(i.read_humidity) refers to app.o(i.read_pressure) for read_pressure
    app.o(i.read_magenetometer) refers to juma_sensor.o(i.jsensor_app_read_sensor) for jsensor_app_read_sensor
    app.o(i.read_magenetometer) refers to bluenrg_sdk_api.o(i.ble_device_send) for ble_device_send
    app.o(i.read_magenetometer) refers to dispatch.o(i.current_time) for current_time
    app.o(i.read_magenetometer) refers to dispatch.o(i.run_at_time) for run_at_time
    app.o(i.read_magenetometer) refers to app.o(.data) for running
    app.o(i.read_magenetometer) refers to app.o(i.read_accelerometer) for read_accelerometer
    app.o(i.read_pressure) refers to juma_sensor.o(i.jsensor_app_read_sensor) for jsensor_app_read_sensor
    app.o(i.read_pressure) refers to bluenrg_sdk_api.o(i.ble_device_send) for ble_device_send
    app.o(i.read_pressure) refers to dispatch.o(i.current_time) for current_time
    app.o(i.read_pressure) refers to dispatch.o(i.run_at_time) for run_at_time
    app.o(i.read_pressure) refers to app.o(.data) for running
    app.o(i.read_pressure) refers to app.o(i.read_magenetometer) for read_magenetometer
    app.o(i.read_temperature) refers to juma_sensor.o(i.jsensor_app_read_sensor) for jsensor_app_read_sensor
    app.o(i.read_temperature) refers to bluenrg_sdk_api.o(i.ble_device_send) for ble_device_send
    app.o(i.read_temperature) refers to dispatch.o(i.current_time) for current_time
[...]
    .constdata                               0x080085c4   Section        5  bsp_common.o(.constdata)
    .constdata                               0x080085c9   Section       16  stm32f4xx_hal_rcc.o(.constdata)
    .constdata                               0x080085e0   Section      136  pow.o(.constdata)
    bp                                       0x080085e0   Data          16  pow.o(.constdata)
    dp_h                                     0x080085f0   Data          16  pow.o(.constdata)
    dp_l                                     0x08008600   Data          16  pow.o(.constdata)
    L                                        0x08008610   Data          48  pow.o(.constdata)
    P                                        0x08008640   Data          40  pow.o(.constdata)
    .constdata                               0x08008668   Section        8  qnan.o(.constdata)
    .conststring                             0x08008670   Section       12  app.o(.conststring)
    .data                                    0x20000000   Section        5  app.o(.data)
    running                                  0x20000004   Data           1  app.o(.data)
    .data                                    0x20000006   Section       49  bluenrg_sdk_api.o(.data)
    adv_name                                 0x2000000c   Data          20  bluenrg_sdk_api.o(.data)
    adv_name_len                             0x20000020   Data           1  bluenrg_sdk_api.o(.data)
    local_name_len                           0x20000021   Data           1  bluenrg_sdk_api.o(.data)
    .data                                    0x20000038   Section       24  dispatch.o(.data)
    freeq                                    0x20000038   Data           8  dispatch.o(.data)
    timerq                                   0x20000040   Data           8  dispatch.o(.data)
    mainq                                    0x20000048   Data           8  dispatch.o(.data)
    .data                                    0x20000050   Section       19  hci.o(.data)
    readPacketListFull                       0x20000060   Data           1  hci.o(.data)
    hci_timer_id                             0x20000061   Data           1  hci.o(.data)
    hci_timeout                              0x20000062   Data           1  hci.o(.data)
    .data                                    0x20000064   Section       80  hts221.o(.data)
    .data                                    0x200000b4   Section       64  lps25hb.o(.data)
    .data                                    0x200000f4   Section       88  lsm6ds3.o(.data)
    .data                                    0x2000014c   Section       61  lps25h.o(.data)
    .data                                    0x2000018c   Section        8  x_nucleo_iks01a1.o(.data)
    .data                                    0x20000194   Section        5  x_nucleo_iks01a1_hum_temp.o(.data)
    Hum_tempDrv                              0x20000194   Data           4  x_nucleo_iks01a1_hum_temp.o(.data)
    HumTempInitialized                       0x20000198   Data           1  x_nucleo_iks01a1_hum_temp.o(.data)
    .data                                    0x2000019c   Section        6  x_nucleo_iks01a1_imu_6axes.o(.data)
    Imu6AxesDrv                              0x2000019c   Data           4  x_nucleo_iks01a1_imu_6axes.o(.data)
    Imu6AxesInitialized                      0x200001a0   Data           1  x_nucleo_iks01a1_imu_6axes.o(.data)
    imu_6axes_sensor_type                    0x200001a1   Data           1  x_nucleo_iks01a1_imu_6axes.o(.data)
    .data                                    0x200001a4   Section        6  x_nucleo_iks01a1_pressure.o(.data)
    PressureDrv                              0x200001a4   Data           4  x_nucleo_iks01a1_pressure.o(.data)
    PressureInitialized                      0x200001a8   Data           1  x_nucleo_iks01a1_pressure.o(.data)
    pressure_sensor_type                     0x200001a9   Data           1  x_nucleo_iks01a1_pressure.o(.data)
    .data                                    0x200001ac   Section       12  bsp_common.o(.data)
    .data                                    0x200001b8   Section       12  bsp_isr.o(.data)
    .data                                    0x200001c4   Section       20  system_stm32f4xx.o(.data)
    .data                                    0x200001d8   Section        4  stm32f4xx_hal.o(.data)
    uwTick                                   0x200001d8   Data           4  stm32f4xx_hal.o(.data)
    .data                                    0x200001dc   Section        4  stdout.o(.data)
    .data                                    0x200001e0   Section        4  errno.o(.data)
    _errno                                   0x200001e0   Data           4  errno.o(.data)
    .bss                                     0x200001e4   Section       20  bluenrg_sdk_api.o(.bss)
    local_name                               0x200001e4   Data          20  bluenrg_sdk_api.o(.bss)
    .bss                                     0x200001f8   Section      512  dispatch.o(.bss)
    op_pool                                  0x200001f8   Data         512  dispatch.o(.bss)
    .bss                                     0x200003f8   Section       32  stm32f401_lp_mode.o(.bss)
    .bss                                     0x20000418   Section      700  hci.o(.bss)
    hciReadPacketBuffer                      0x20000418   Data         700  hci.o(.bss)
    .bss                                     0x200006d4   Section       88  stm32_bluenrg_ble.o(.bss)
    .bss                                     0x2000072c   Section      148  x_nucleo_iks01a1.o(.bss)
    Lsm6ds3_hnucleo_Spi                      0x20000768   Data          88  x_nucleo_iks01a1.o(.bss)
    .bss                                     0x200007c0   Section      128  stm32f4xx_hal_msp.o(.bss)
    STACK                                    0x20000840   Section     2048  startup_stm32f401xe.o(STACK)

    Global Symbols

    Symbol Name                              Value     Ov Type        Size  Object(Section)

    BuildAttributes$$THM_ISAv4$E$P$D$K$B$S$7EM$VFPi3$EXTD16$VFPS$VFMA$PE$A:L22UL41UL21$X:L11$S22US41US21$IEEE1$IW$USESV6$~STKCKD$USESV7$~SHL$OTIME$ROPI$IEEEX$EBA8$MICROLIB$REQ8$PRES8$EABIv2 0x00000000   Number         0  anon$$obj.o ABSOLUTE
    __ARM_use_no_argv                        0x00000000   Number         0  main.o ABSOLUTE
    _printf_a                                0x00000000   Number         0  stubs.o ABSOLUTE
    _printf_c                                0x00000000   Number         0  stubs.o ABSOLUTE
    _printf_charcount                        0x00000000   Number         0  stubs.o ABSOLUTE
    _printf_d                                0x00000000   Number         0  stubs.o ABSOLUTE
    _printf_e                                0x00000000   Number         0  stubs.o ABSOLUTE
    _printf_f                                0x00000000   Number         0  stubs.o ABSOLUTE
    _printf_flags                            0x00000000   Number         0  stubs.o ABSOLUTE
    _printf_fp_dec                           0x00000000   Number         0  stubs.o ABSOLUTE
    _printf_fp_hex                           0x00000000   Number         0  stubs.o ABSOLUTE
    _printf_g                                0x00000000   Number         0  stubs.o ABSOLUTE
    _printf_i                                0x00000000   Number         0  stubs.o ABSOLUTE
    _printf_int_dec                          0x00000000   Number         0  stubs.o ABSOLUTE
    _printf_l                                0x00000000   Number         0  stubs.o ABSOLUTE
    _printf_lc                               0x00000000   Number         0  stubs.o ABSOLUTE
    _printf_ll                               0x00000000   Number         0  stubs.o ABSOLUTE
    _printf_lld                              0x00000000   Number         0  stubs.o ABSOLUTE
    _printf_lli                              0x00000000   Number         0  stubs.o ABSOLUTE
    _printf_llo                              0x00000000   Number         0  stubs.o ABSOLUTE
    _printf_llu                              0x00000000   Number         0  stubs.o ABSOLUTE
    _printf_llx                              0x00000000   Number         0  stubs.o ABSOLUTE
    _printf_longlong_dec                     0x00000000   Number         0  stubs.o ABSOLUTE
    _printf_longlong_hex                     0x00000000   Number         0  stubs.o ABSOLUTE
    _printf_longlong_oct                     0x00000000   Number         0  stubs.o ABSOLUTE
    _printf_ls                               0x00000000   Number         0  stubs.o ABSOLUTE
    _printf_mbtowc                           0x00000000   Number         0  stubs.o ABSOLUTE
    _printf_n                                0x00000000   Number         0  stubs.o ABSOLUTE
    _printf_o                                0x00000000   Number         0  stubs.o ABSOLUTE
    _printf_p                                0x00000000   Number         0  stubs.o ABSOLUTE
    _printf_percent                          0x00000000   Number         0  stubs.o ABSOLUTE
    _printf_pre_padding                      0x00000000   Number         0  stubs.o ABSOLUTE
    _printf_return_value                     0x00000000   Number         0  stubs.o ABSOLUTE
    _printf_s                                0x00000000   Number         0  stubs.o ABSOLUTE
    _printf_sizespec                         0x00000000   Number         0  stubs.o ABSOLUTE
    _printf_str                              0x00000000   Number         0  stubs.o ABSOLUTE
    _printf_truncate_signed                  0x00000000   Number         0  stubs.o ABSOLUTE
    _printf_truncate_unsigned                0x00000000   Number         0  stubs.o ABSOLUTE
    _printf_u                                0x00000000   Number         0  stubs.o ABSOLUTE
    _printf_wc                               0x00000000   Number         0  stubs.o ABSOLUTE
    _printf_wctomb                           0x00000000   Number         0  stubs.o ABSOLUTE
    _printf_widthprec                        0x00000000   Number         0  stubs.o ABSOLUTE
    _printf_x                                0x00000000   Number         0  stubs.o ABSOLUTE
    __cpp_initialize__aeabi_                  - Undefined Weak Reference
    __cxa_finalize                            - Undefined Weak Reference
    _clock_init                               - Undefined Weak Reference
    _microlib_exit                            - Undefined Weak Reference
    __Vectors_Size                           0x00000194   Number         0  startup_stm32f401xe.o ABSOLUTE
    __Vectors                                0x08000000   Data           4  startup_stm32f401xe.o(RESET)
    __Vectors_End                            0x08000194   Data           0  startup_stm32f401xe.o(RESET)
    __main                                   0x08000195   Thumb Code     0  entry.o(.ARM.Collect$$$$00000000)
    _main_stk                                0x08000195   Thumb Code     0  entry2.o(.ARM.Collect$$$$00000001)
    _main_scatterload                        0x08000199   Thumb Code     0  entry5.o(.ARM.Collect$$$$00000004)
    __main_after_scatterload                 0x0800019d   Thumb Code     0  entry5.o(.ARM.Collect$$$$00000004)
    _main_clock                              0x0800019d   Thumb Code     0  entry7b.o(.ARM.Collect$$$$00000008)
    _main_cpp_init                           0x0800019d   Thumb Code     0  entry8b.o(.ARM.Collect$$$$0000000A)
    _main_init                               0x0800019d   Thumb Code     0  entry9a.o(.ARM.Collect$$$$0000000B)
    __rt_final_cpp                           0x080001a5   Thumb Code     0  entry10a.o(.ARM.Collect$$$$0000000D)
    __rt_final_exit                          0x080001a5   Thumb Code     0  entry11a.o(.ARM.Collect$$$$0000000F)
    Reset_Handler                            0x080001a9   Thumb Code     8  startup_stm32f401xe.o(.text)
    MemManage_Handler                        0x080001b5   Thumb Code     2  startup_stm32f401xe.o(.text)
    BusFault_Handler                         0x080001b7   Thumb Code     2  startup_stm32f401xe.o(.text)
    UsageFault_Handler                       0x080001b9   Thumb Code     2  startup_stm32f401xe.o(.text)
    ADC_IRQHandler                           0x080001c3   Thumb Code     0  startup_stm32f401xe.o(.text)
    DMA1_Stream0_IRQHandler                  0x080001c3   Thumb Code     0  startup_stm32f401xe.o(.text)
    DMA1_Stream1_IRQHandler                  0x080001c3   Thumb Code     0  startup_stm32f401xe.o(.text)
    DMA1_Stream2_IRQHandler                  0x080001c3   Thumb Code     0  startup_stm32f401xe.o(.text)
    DMA1_Stream3_IRQHandler                  0x080001c3   Thumb Code     0  startup_stm32f401xe.o(.text)
    DMA1_Stream4_IRQHandler                  0x080001c3   Thumb Code     0  startup_stm32f401xe.o(.text)
    DMA1_Stream5_IRQHandler                  0x080001c3   Thumb Code     0  startup_stm32f401xe.o(.text)
    DMA1_Stream6_IRQHandler                  0x080001c3   Thumb Code     0  startup_stm32f401xe.o(.text)
    DMA1_Stream7_IRQHandler                  0x080001c3   Thumb Code     0  startup_stm32f401xe.o(.text)
    DMA2_Stream0_IRQHandler                  0x080001c3   Thumb Code     0  startup_stm32f401xe.o(.text)
    DMA2_Stream1_IRQHandler                  0x080001c3   Thumb Code     0  startup_stm32f401xe.o(.text)
    DMA2_Stream2_IRQHandler                  0x080001c3   Thumb Code     0  startup_stm32f401xe.o(.text)
    DMA2_Stream3_IRQHandler                  0x080001c3   Thumb Code     0  startup_stm32f401xe.o(.text)
    DMA2_Stream4_IRQHandler                  0x080001c3   Thumb Code     0  startup_stm32f401xe.o(.text)
    DMA2_Stream5_IRQHandler                  0x080001c3   Thumb Code     0  startup_stm32f401xe.o(.text)
    DMA2_Stream6_IRQHandler                  0x080001c3   Thumb Code     0  startup_stm32f401xe.o(.text)
    DMA2_Stream7_IRQHandler                  0x080001c3   Thumb Code     0  startup_stm32f401xe.o(.text)
    EXTI1_IRQHandler                         0x080001c3   Thumb Code     0  startup_stm32f401xe.o(.text)
    EXTI2_IRQHandler                         0x080001c3   Thumb Code     0  startup_stm32f401xe.o(.text)
    EXTI3_IRQHandler                         0x080001c3   Thumb Code     0  startup_stm32f401xe.o(.text)
    EXTI9_5_IRQHandler                       0x080001c3   Thumb Code     0  startup_stm32f401xe.o(.text)
    FLASH_IRQHandler                         0x080001c3   Thumb Code     0  startup_stm32f401xe.o(.text)
    FPU_IRQHandler                           0x080001c3   Thumb Code     0  startup_stm32f401xe.o(.text)
    I2C1_ER_IRQHandler                       0x080001c3   Thumb Code     0  startup_stm32f401xe.o(.text)
    I2C1_EV_IRQHandler                       0x080001c3   Thumb Code     0  startup_stm32f401xe.o(.text)
    I2C2_ER_IRQHandler                       0x080001c3   Thumb Code     0  startup_stm32f401xe.o(.text)
    I2C2_EV_IRQHandler                       0x080001c3   Thumb Code     0  startup_stm32f401xe.o(.text)
    I2C3_ER_IRQHandler                       0x080001c3   Thumb Code     0  startup_stm32f401xe.o(.text)
    I2C3_EV_IRQHandler                       0x080001c3   Thumb Code     0  startup_stm32f401xe.o(.text)
    OTG_FS_IRQHandler                        0x080001c3   Thumb Code     0  startup_stm32f401xe.o(.text)
    OTG_FS_WKUP_IRQHandler                   0x080001c3   Thumb Code     0  startup_stm32f401xe.o(.text)
    PVD_IRQHandler                           0x080001c3   Thumb Code     0  startup_stm32f401xe.o(.text)
    RCC_IRQHandler                           0x080001c3   Thumb Code     0  startup_stm32f401xe.o(.text)
    RTC_Alarm_IRQHandler                     0x080001c3   Thumb Code     0  startup_stm32f401xe.o(.text)
    SDIO_IRQHandler                          0x080001c3   Thumb Code     0  startup_stm32f401xe.o(.text)
    SPI1_IRQHandler                          0x080001c3   Thumb Code     0  startup_stm32f401xe.o(.text)
    SPI2_IRQHandler                          0x080001c3   Thumb Code     0  startup_stm32f401xe.o(.text)
    SPI3_IRQHandler                          0x080001c3   Thumb Code     0  startup_stm32f401xe.o(.text)
    SPI4_IRQHandler                          0x080001c3   Thumb Code     0  startup_stm32f401xe.o(.text)
    TAMP_STAMP_IRQHandler                    0x080001c3   Thumb Code     0  startup_stm32f401xe.o(.text)
    TIM1_BRK_TIM9_IRQHandler                 0x080001c3   Thumb Code     0  startup_stm32f401xe.o(.text)
    TIM1_CC_IRQHandler                       0x080001c3   Thumb Code     0  startup_stm32f401xe.o(.text)
    TIM1_TRG_COM_TIM11_IRQHandler            0x080001c3   Thumb Code     0  startup_stm32f401xe.o(.text)
    TIM1_UP_TIM10_IRQHandler                 0x080001c3   Thumb Code     0  startup_stm32f401xe.o(.text)
    TIM2_IRQHandler                          0x080001c3   Thumb Code     0  startup_stm32f401xe.o(.text)
    TIM3_IRQHandler                          0x080001c3   Thumb Code     0  startup_stm32f401xe.o(.text)
    TIM4_IRQHandler                          0x080001c3   Thumb Code     0  startup_stm32f401xe.o(.text)
    TIM5_IRQHandler                          0x080001c3   Thumb Code     0  startup_stm32f401xe.o(.text)
    USART1_IRQHandler                        0x080001c3   Thumb Code     0  startup_stm32f401xe.o(.text)
    USART2_IRQHandler                        0x080001c3   Thumb Code     0  startup_stm32f401xe.o(.text)
    USART6_IRQHandler                        0x080001c3   Thumb Code     0  startup_stm32f401xe.o(.text)
    WWDG_IRQHandler                          0x080001c3   Thumb Code     0  startup_stm32f401xe.o(.text)
    __aeabi_uldivmod                         0x080001cd   Thumb Code    98  uldiv.o(.text)
    ___aeabi_memcpy8$ret                     0x0800022f   Thumb Code     0  memcpy.o(.text)
    __aeabi_memcpy                           0x0800022f   Thumb Code    40  memcpy.o(.text)
    __aeabi_memcpy4                          0x0800022f   Thumb Code     0  memcpy.o(.text)
    memcpy                                   0x0800022f   Thumb Code     0  memcpy.o(.text)
    __aeabi_memset                           0x08000257   Thumb Code    14  memseta.o(.text)
    __aeabi_memset4                          0x08000257   Thumb Code     0  memseta.o(.text)
    __aeabi_memset8                          0x08000257   Thumb Code     0  memseta.o(.text)
    __aeabi_memclr                           0x08000265   Thumb Code     4  memseta.o(.text)
    __aeabi_memclr4                          0x08000265   Thumb Code     0  memseta.o(.text)
    __aeabi_memclr8                          0x08000265   Thumb Code     0  memseta.o(.text)
    memset                                   0x08000269   Thumb Code    18  memseta.o(.text)
    strlen                                   0x0800027b   Thumb Code    14  strlen.o(.text)
    __aeabi_dmul                             0x08000289   Thumb Code   228  dmul.o(.text)
    __aeabi_ddiv                             0x0800036d   Thumb Code   222  ddiv.o(.text)
    __aeabi_d2iz                             0x0800044b   Thumb Code    62  dfixi.o(.text)
    __aeabi_d2uiz                            0x08000489   Thumb Code    50  dfixui.o(.text)
    __aeabi_f2d                              0x080004bb   Thumb Code    38  f2d.o(.text)
    __aeabi_d2f                              0x080004e1   Thumb Code    56  d2f.o(.text)
    __aeabi_llsl                             0x08000519   Thumb Code    30  llshl.o(.text)
    _ll_shift_l                              0x08000519   Thumb Code     0  llshl.o(.text)
    __aeabi_llsr                             0x08000537   Thumb Code    32  llushr.o(.text)
    _ll_ushift_r                             0x08000537   Thumb Code     0  llushr.o(.text)
    __I$use$fp                               0x08000557   Thumb Code     0  iusefp.o(.text)
    _float_round                             0x08000557   Thumb Code    18  fepilogue.o(.text)
    _float_epilogue                          0x08000569   Thumb Code    92  fepilogue.o(.text)
    _double_round                            0x080005c5   Thumb Code    30  depilogue.o(.text)
    _double_epilogue                         0x080005e3   Thumb Code   156  depilogue.o(.text)
    __aeabi_dadd                             0x0800067f   Thumb Code   322  dadd.o(.text)
    __aeabi_dsub                             0x080007c1   Thumb Code     6  dadd.o(.text)
    __aeabi_drsub                            0x080007c7   Thumb Code     6  dadd.o(.text)
    __ARM_scalbn                             0x080007cd   Thumb Code    46  dscalb.o(.text)
    scalbn                                   0x080007cd   Thumb Code     0  dscalb.o(.text)
    __aeabi_i2d                              0x080007fb   Thumb Code    34  dflti.o(.text)
    __aeabi_cdrcmple                         0x0800081d   Thumb Code    48  cdrcmple.o(.text)
    __scatterload                            0x0800084d   Thumb Code    28  init.o(.text)
    __scatterload_rt2                        0x0800084d   Thumb Code     0  init.o(.text)
    __aeabi_lasr                             0x08000871   Thumb Code    36  llsshr.o(.text)
    _ll_sshift_r                             0x08000871   Thumb Code     0  llsshr.o(.text)
    _dsqrt                                   0x08000895   Thumb Code   162  dsqrt.o(.text)
    __decompress                             0x08000937   Thumb Code     0  __dczerorl2.o(.text)
    __decompress1                            0x08000937   Thumb Code    86  __dczerorl2.o(.text)
    BNRG_SPI_Init                            0x08000afd   Thumb Code    54  stm32_bluenrg_ble.o(i.BNRG_SPI_Init)
    BSP_HUM_TEMP_GetHumidity                 0x08000b3d   Thumb Code    28  x_nucleo_iks01a1_hum_temp.o(i.BSP_HUM_TEMP_GetHumidity)
    BSP_HUM_TEMP_GetTemperature              0x08000b5d   Thumb Code    28  x_nucleo_iks01a1_hum_temp.o(i.BSP_HUM_TEMP_GetTemperature)
    BSP_HUM_TEMP_Init                        0x08000b7d   Thumb Code   130  x_nucleo_iks01a1_hum_temp.o(i.BSP_HUM_TEMP_Init)
    BSP_HUM_TEMP_isInitialized               0x08000c11   Thumb Code     6  x_nucleo_iks01a1_hum_temp.o(i.BSP_HUM_TEMP_isInitialized)
    BSP_IMU_6AXES_G_GetAxes                  0x08000c1d   Thumb Code    28  x_nucleo_iks01a1_imu_6axes.o(i.BSP_IMU_6AXES_G_GetAxes)
    BSP_IMU_6AXES_Init                       0x08000c3d   Thumb Code   264  x_nucleo_iks01a1_imu_6axes.o(i.BSP_IMU_6AXES_Init)
    BSP_IMU_6AXES_X_GetAxes                  0x08000d61   Thumb Code    28  x_nucleo_iks01a1_imu_6axes.o(i.BSP_IMU_6AXES_X_GetAxes)
    BSP_IMU_6AXES_isInitialized              0x08000d81   Thumb Code     6  x_nucleo_iks01a1_imu_6axes.o(i.BSP_IMU_6AXES_isInitialized)
    BSP_LED_Init                             0x08000d8d   Thumb Code    92  bsp_common.o(i.BSP_LED_Init)
    BSP_LED_Off                              0x08000df5   Thumb Code    24  bsp_common.o(i.BSP_LED_Off)
    BSP_LED_On                               0x08000e15   Thumb Code    24  bsp_common.o(i.BSP_LED_On)
    BSP_PRESSURE_GetPressure                 0x08000e35   Thumb Code    28  x_nucleo_iks01a1_pressure.o(i.BSP_PRESSURE_GetPressure)
    BSP_PRESSURE_Init                        0x08000e55   Thumb Code   388  x_nucleo_iks01a1_pressure.o(i.BSP_PRESSURE_Init)
    BSP_PRESSURE_isInitialized               0x08000ff5   Thumb Code     6  x_nucleo_iks01a1_pressure.o(i.BSP_PRESSURE_isInitialized)
    BSP_SystemClock_Config                   0x08001001   Thumb Code    76  bsp_common.o(i.BSP_SystemClock_Config)
    BlueNRG_DataPresent                      0x0800104d   Thumb Code    20  stm32_bluenrg_ble.o(i.BlueNRG_DataPresent)
    BlueNRG_RST                              0x08001065   Thumb Code    36  stm32_bluenrg_ble.o(i.BlueNRG_RST)
    BlueNRG_SPI_Read_All                     0x0800108d   Thumb Code   154  stm32_bluenrg_ble.o(i.BlueNRG_SPI_Read_All)
    BlueNRG_SPI_Write                        0x08001135   Thumb Code   178  stm32_bluenrg_ble.o(i.BlueNRG_SPI_Write)
    Clear_SPI_EXTI_Flag                      0x080011fd   Thumb Code     8  stm32_bluenrg_ble.o(i.Clear_SPI_EXTI_Flag)
    Clock_Time                               0x08001209   Thumb Code     8  clock.o(i.Clock_Time)
    DebugMon_Handler                         0x08001211   Thumb Code     2  bsp_isr.o(i.DebugMon_Handler)
    Disable_SPI_IRQ                          0x08001213   Thumb Code    10  stm32_bluenrg_ble.o(i.Disable_SPI_IRQ)
    EXTI0_IRQHandler                         0x0800121d   Thumb Code    32  bsp_isr.o(i.EXTI0_IRQHandler)
    EXTI15_10_IRQHandler                     0x08001245   Thumb Code    16  bsp_isr.o(i.EXTI15_10_IRQHandler)
    EXTI4_IRQHandler                         0x08001259   Thumb Code    10  bsp_isr.o(i.EXTI4_IRQHandler)
    Enable_SPI_IRQ                           0x08001263   Thumb Code    10  stm32_bluenrg_ble.o(i.Enable_SPI_IRQ)
    GAP_ConnectionComplete_CB                0x0800126d   Thumb Code     2  bluenrg_sdk_api.o(i.GAP_ConnectionComplete_CB)
    GAP_DisconnectionComplete_CB             0x0800126f   Thumb Code     2  bluenrg_sdk_api.o(i.GAP_DisconnectionComplete_CB)
    GATT_Notification_CB                     0x08001271   Thumb Code     2  bluenrg_sdk_api.o(i.GATT_Notification_CB)
    HAL_Delay                                0x08001273   Thumb Code    24  stm32f4xx_hal_msp.o(i.HAL_Delay)
    HAL_GPIO_EXTI_Callback                   0x0800128b   Thumb Code    10  bsp_common.o(i.HAL_GPIO_EXTI_Callback)
    HAL_GPIO_EXTI_IRQHandler                 0x08001295   Thumb Code    24  stm32f4xx_hal_gpio.o(i.HAL_GPIO_EXTI_IRQHandler)
    HAL_GPIO_Init                            0x080012b1   Thumb Code   432  stm32f4xx_hal_gpio.o(i.HAL_GPIO_Init)
    HAL_GPIO_ReadPin                         0x08001481   Thumb Code    16  stm32f4xx_hal_gpio.o(i.HAL_GPIO_ReadPin)
    HAL_GPIO_WritePin                        0x08001491   Thumb Code    12  stm32f4xx_hal_gpio.o(i.HAL_GPIO_WritePin)
    HAL_GetTick                              0x0800149d   Thumb Code     6  stm32f4xx_hal.o(i.HAL_GetTick)
    HAL_I2C_DeInit                           0x080014a9   Thumb Code    54  stm32f4xx_hal_i2c.o(i.HAL_I2C_DeInit)
    HAL_I2C_GetState                         0x080014df   Thumb Code     8  stm32f4xx_hal_i2c.o(i.HAL_I2C_GetState)
    HAL_I2C_Init                             0x080014e9   Thumb Code   278  stm32f4xx_hal_i2c.o(i.HAL_I2C_Init)
    HAL_I2C_Mem_Read                         0x08001609   Thumb Code   560  stm32f4xx_hal_i2c.o(i.HAL_I2C_Mem_Read)
    HAL_I2C_Mem_Write                        0x08001841   Thumb Code   262  stm32f4xx_hal_i2c.o(i.HAL_I2C_Mem_Write)
    HAL_I2C_MspDeInit                        0x08001951   Thumb Code     2  stm32f4xx_hal_i2c.o(i.HAL_I2C_MspDeInit)
    HAL_I2C_MspInit                          0x08001953   Thumb Code     2  stm32f4xx_hal_i2c.o(i.HAL_I2C_MspInit)
    HAL_IncTick                              0x08001955   Thumb Code    12  stm32f4xx_hal.o(i.HAL_IncTick)
    HAL_Init                                 0x08001965   Thumb Code    54  stm32f4xx_hal.o(i.HAL_Init)
    HAL_InitTick                             0x080019a1   Thumb Code    36  stm32f4xx_hal.o(i.HAL_InitTick)
    HAL_MspInit                              0x080019c5   Thumb Code     2  stm32f4xx_hal.o(i.HAL_MspInit)
    HAL_NVIC_DisableIRQ                      0x080019c9   Thumb Code    22  stm32f4xx_hal_cortex.o(i.HAL_NVIC_DisableIRQ)
    HAL_NVIC_EnableIRQ                       0x080019e5   Thumb Code    26  stm32f4xx_hal_cortex.o(i.HAL_NVIC_EnableIRQ)
    HAL_NVIC_SetPriority                     0x080019ff   Thumb Code   124  stm32f4xx_hal_cortex.o(i.HAL_NVIC_SetPriority)
    HAL_NVIC_SetPriorityGrouping             0x08001a7d   Thumb Code    32  stm32f4xx_hal_cortex.o(i.HAL_NVIC_SetPriorityGrouping)
    HAL_RCCEx_PeriphCLKConfig                0x08001aa5   Thumb Code   402  stm32f4xx_hal_rcc_ex.o(i.HAL_RCCEx_PeriphCLKConfig)
    HAL_RCC_ClockConfig                      0x08001c4d   Thumb Code   680  stm32f4xx_hal_rcc.o(i.HAL_RCC_ClockConfig)
    HAL_RCC_GetHCLKFreq                      0x08001efd   Thumb Code    42  stm32f4xx_hal_rcc.o(i.HAL_RCC_GetHCLKFreq)
    HAL_RCC_GetPCLK1Freq                     0x08001f35   Thumb Code    36  stm32f4xx_hal_rcc.o(i.HAL_RCC_GetPCLK1Freq)
    HAL_RCC_GetPCLK2Freq                     0x08001f61   Thumb Code    36  stm32f4xx_hal_rcc.o(i.HAL_RCC_GetPCLK2Freq)
    HAL_RCC_GetSysClockFreq                  0x08001f8d   Thumb Code   168  stm32f4xx_hal_rcc.o(i.HAL_RCC_GetSysClockFreq)
    HAL_RCC_OscConfig                        0x0800203d   Thumb Code  1028  stm32f4xx_hal_rcc.o(i.HAL_RCC_OscConfig)
    HAL_RTCEx_DeactivateWakeUpTimer          0x08002441   Thumb Code   152  stm32f4xx_hal_rtc_ex.o(i.HAL_RTCEx_DeactivateWakeUpTimer)
    HAL_RTCEx_SetWakeUpTimer_IT              0x080024d9   Thumb Code   226  stm32f4xx_hal_rtc_ex.o(i.HAL_RTCEx_SetWakeUpTimer_IT)
    HAL_RTCEx_WakeUpTimerEventCallback       0x080025c1   Thumb Code     2  stm32f4xx_hal_rtc_ex.o(i.HAL_RTCEx_WakeUpTimerEventCallback)
    HAL_RTCEx_WakeUpTimerIRQHandler          0x080025c5   Thumb Code    60  stm32f4xx_hal_rtc_ex.o(i.HAL_RTCEx_WakeUpTimerIRQHandler)
    HAL_RTC_GetDate                          0x08002605   Thumb Code    72  stm32f4xx_hal_rtc.o(i.HAL_RTC_GetDate)
    HAL_RTC_GetTime                          0x08002651   Thumb Code    82  stm32f4xx_hal_rtc.o(i.HAL_RTC_GetTime)
    HAL_RTC_Init                             0x080026a9   Thumb Code   176  stm32f4xx_hal_rtc.o(i.HAL_RTC_Init)
    HAL_RTC_MspInit                          0x0800275d   Thumb Code    76  stm32f4xx_hal_msp.o(i.HAL_RTC_MspInit)
    HAL_RTC_SetDate                          0x080027ad   Thumb Code   270  stm32f4xx_hal_rtc.o(i.HAL_RTC_SetDate)
    HAL_RTC_SetTime                          0x080028c1   Thumb Code   304  stm32f4xx_hal_rtc.o(i.HAL_RTC_SetTime)
    HAL_RTC_WaitForSynchro                   0x080029f5   Thumb Code    58  stm32f4xx_hal_rtc.o(i.HAL_RTC_WaitForSynchro)
    HAL_SPI_Init                             0x08002a2f   Thumb Code   136  stm32f4xx_hal_spi.o(i.HAL_SPI_Init)
    HAL_SPI_MspInit                          0x08002ab9   Thumb Code   408  stm32_bluenrg_ble.o(i.HAL_SPI_MspInit)
    HAL_SPI_TransmitReceive                  0x08002c69   Thumb Code   850  stm32f4xx_hal_spi.o(i.HAL_SPI_TransmitReceive)
    HAL_SYSTICK_Config                       0x08002fbb   Thumb Code    52  stm32f4xx_hal_cortex.o(i.HAL_SYSTICK_Config)
    HAL_UART_Init                            0x08002fef   Thumb Code   110  stm32f4xx_hal_uart.o(i.HAL_UART_Init)
    HAL_UART_MspInit                         0x0800305d   Thumb Code   292  stm32f4xx_hal_msp.o(i.HAL_UART_MspInit)
    HAL_UART_Transmit                        0x08003191   Thumb Code   240  stm32f4xx_hal_uart.o(i.HAL_UART_Transmit)
    HCI_Event_CB                             0x08003281   Thumb Code   246  bluenrg_sdk_api.o(i.HCI_Event_CB)
    HCI_Init                                 0x0800337d   Thumb Code    48  hci.o(i.HCI_Init)
    HCI_Isr                                  0x080033b9   Thumb Code   118  hci.o(i.HCI_Isr)
    HCI_Process                              0x08003441   Thumb Code   116  hci.o(i.HCI_Process)
    HCI_Queue_Empty                          0x080034c5   Thumb Code    10  hci.o(i.HCI_Queue_Empty)
    HCI_get_bdAddr                           0x080034d5   Thumb Code    50  hci.o(i.HCI_get_bdAddr)
    HCI_verify                               0x0800350d   Thumb Code    36  hci.o(i.HCI_verify)
    HTS221_IO_ITConfig                       0x08003a19   Thumb Code     2  x_nucleo_iks01a1.o(i.HTS221_IO_ITConfig)
    HTS221_IO_Init                           0x08003a1b   Thumb Code     8  x_nucleo_iks01a1.o(i.HTS221_IO_Init)
    HTS221_IO_Read                           0x08003a23   Thumb Code    28  x_nucleo_iks01a1.o(i.HTS221_IO_Read)
    HTS221_IO_Write                          0x08003a3f   Thumb Code    28  x_nucleo_iks01a1.o(i.HTS221_IO_Write)
    Hal_Write_Serial                         0x08003bd5   Thumb Code    70  stm32_bluenrg_ble.o(i.Hal_Write_Serial)
    HardFault_Handler                        0x08003c25   Thumb Code     4  bsp_isr.o(i.HardFault_Handler)
    LPS25HB_IO_ITConfig                      0x08004225   Thumb Code     2  x_nucleo_iks01a1.o(i.LPS25HB_IO_ITConfig)
    LPS25HB_IO_Init                          0x08004227   Thumb Code     8  x_nucleo_iks01a1.o(i.LPS25HB_IO_Init)
    LPS25HB_IO_Read                          0x0800422f   Thumb Code    28  x_nucleo_iks01a1.o(i.LPS25HB_IO_Read)
    LPS25HB_IO_Write                         0x0800424b   Thumb Code    28  x_nucleo_iks01a1.o(i.LPS25HB_IO_Write)
    LPS25H_IO_ITConfig                       0x08004525   Thumb Code     2  x_nucleo_iks01a1.o(i.LPS25H_IO_ITConfig)
    LPS25H_IO_Init                           0x08004527   Thumb Code     8  x_nucleo_iks01a1.o(i.LPS25H_IO_Init)
    LPS25H_IO_Read                           0x0800452f   Thumb Code    28  x_nucleo_iks01a1.o(i.LPS25H_IO_Read)
    LPS25H_IO_Write                          0x0800454b   Thumb Code    28  x_nucleo_iks01a1.o(i.LPS25H_IO_Write)
    LSM303AGR_MAG_Get_Magnetic               0x08004739   Thumb Code    88  lsm303agr_mag_driver.o(i.LSM303AGR_MAG_Get_Magnetic)
    LSM303AGR_MAG_Get_Raw_Magnetic           0x08004791   Thumb Code    64  lsm303agr_mag_driver.o(i.LSM303AGR_MAG_Get_Raw_Magnetic)
    LSM303AGR_MAG_R_WHO_AM_I                 0x080047d1   Thumb Code    30  lsm303agr_mag_driver.o(i.LSM303AGR_MAG_R_WHO_AM_I)
    LSM303AGR_MAG_ReadReg                    0x080047ef   Thumb Code    20  x_nucleo_iks01a1.o(i.LSM303AGR_MAG_ReadReg)
    LSM303AGR_MAG_W_MD                       0x08004803   Thumb Code    56  lsm303agr_mag_driver.o(i.LSM303AGR_MAG_W_MD)
    LSM303AGR_MAG_W_ODR                      0x0800483b   Thumb Code    56  lsm303agr_mag_driver.o(i.LSM303AGR_MAG_W_ODR)
    LSM303AGR_MAG_WriteReg                   0x08004873   Thumb Code    18  x_nucleo_iks01a1.o(i.LSM303AGR_MAG_WriteReg)
    LSM6DS3_IO_Init                          0x080050bb   Thumb Code     8  x_nucleo_iks01a1.o(i.LSM6DS3_IO_Init)
    LSM6DS3_IO_Read                          0x080050c3   Thumb Code    28  x_nucleo_iks01a1.o(i.LSM6DS3_IO_Read)
    LSM6DS3_IO_Write                         0x080050df   Thumb Code    28  x_nucleo_iks01a1.o(i.LSM6DS3_IO_Write)
    NMI_Handler                              0x0800568d   Thumb Code     2  bsp_isr.o(i.NMI_Handler)
    Osal_MemCpy                              0x080056c9   Thumb Code    20  osal.o(i.Osal_MemCpy)
    Osal_MemSet                              0x080056dd   Thumb Code    20  osal.o(i.Osal_MemSet)
    PendSV_Handler                           0x08005751   Thumb Code     2  bsp_isr.o(i.PendSV_Handler)
    RTC_Bcd2ToByte                           0x08005753   Thumb Code    22  stm32f4xx_hal_rtc.o(i.RTC_Bcd2ToByte)
    RTC_ByteToBcd2                           0x08005769   Thumb Code    26  stm32f4xx_hal_rtc.o(i.RTC_ByteToBcd2)
    RTC_CalendarShow                         0x080057dd   Thumb Code    92  stm32f401_lp_mode.o(i.RTC_CalendarShow)
    RTC_EnterInitMode                        0x0800583d   Thumb Code    62  stm32f4xx_hal_rtc.o(i.RTC_EnterInitMode)
    RTC_WKUP_IRQHandler                      0x0800587d   Thumb Code    10  bsp_isr.o(i.RTC_WKUP_IRQHandler)
    SVC_Handler                              0x080059b9   Thumb Code     2  bsp_isr.o(i.SVC_Handler)
    SysTick_Handler                          0x080059bd   Thumb Code    18  bsp_isr.o(i.SysTick_Handler)
    SystemInit                               0x080059d5   Thumb Code    82  system_stm32f4xx.o(i.SystemInit)
    Timer_Expired                            0x08005a39   Thumb Code    28  gp_timer.o(i.Timer_Expired)
    Timer_Set                                0x08005a55   Thumb Code    16  gp_timer.o(i.Timer_Set)
    UART_Init                                0x08005a65   Thumb Code    94  stm32f4xx_hal_msp.o(i.UART_Init)
    __0printf$8                              0x08005e2d   Thumb Code    22  printf8.o(i.__0printf$8)
    __1printf$8                              0x08005e2d   Thumb Code     0  printf8.o(i.__0printf$8)
    __2printf                                0x08005e2d   Thumb Code     0  printf8.o(i.__0printf$8)
    __0sprintf$8                             0x08005e4d   Thumb Code    34  printf8.o(i.__0sprintf$8)
    __1sprintf$8                             0x08005e4d   Thumb Code     0  printf8.o(i.__0sprintf$8)
    __2sprintf                               0x08005e4d   Thumb Code     0  printf8.o(i.__0sprintf$8)
    __ARM_fpclassify                         0x08005e75   Thumb Code    48  fpclassify.o(i.__ARM_fpclassify)
    __hardfp_pow                             0x08005ea9   Thumb Code  3072  pow.o(i.__hardfp_pow)
    __jsensor_init_sensor                    0x08006af9   Thumb Code     2  juma_sensor.o(i.__jsensor_init_sensor)
    __kernel_poly                            0x08006afb   Thumb Code   248  poly.o(i.__kernel_poly)
    __mathlib_dbl_divzero                    0x08006bf9   Thumb Code    28  dunder.o(i.__mathlib_dbl_divzero)
    __mathlib_dbl_infnan2                    0x08006c29   Thumb Code    20  dunder.o(i.__mathlib_dbl_infnan2)
    __mathlib_dbl_invalid                    0x08006c41   Thumb Code    24  dunder.o(i.__mathlib_dbl_invalid)
    __mathlib_dbl_overflow                   0x08006c61   Thumb Code    24  dunder.o(i.__mathlib_dbl_overflow)
    __mathlib_dbl_underflow                  0x08006c81   Thumb Code    24  dunder.o(i.__mathlib_dbl_underflow)
    __scatterload_copy                       0x08006ca1   Thumb Code    14  handlers.o(i.__scatterload_copy)
    __scatterload_null                       0x08006caf   Thumb Code     2  handlers.o(i.__scatterload_null)
    __scatterload_zeroinit                   0x08006cb1   Thumb Code    14  handlers.o(i.__scatterload_zeroinit)
    __set_errno                              0x08006cc1   Thumb Code     6  errno.o(i.__set_errno)
    aci_gap_init                             0x08007139   Thumb Code   136  bluenrg_gap_aci.o(i.aci_gap_init)
    aci_gap_set_auth_requirement             0x080071c1   Thumb Code   136  bluenrg_gap_aci.o(i.aci_gap_set_auth_requirement)
    aci_gap_set_discoverable                 0x08007249   Thumb Code   268  bluenrg_gap_aci.o(i.aci_gap_set_discoverable)
    aci_gatt_add_char                        0x08007355   Thumb Code   224  bluenrg_gatt_aci.o(i.aci_gatt_add_char)
    aci_gatt_add_serv                        0x08007435   Thumb Code   160  bluenrg_gatt_aci.o(i.aci_gatt_add_serv)
    aci_gatt_allow_read                      0x080074d5   Thumb Code    72  bluenrg_gatt_aci.o(i.aci_gatt_allow_read)
    aci_gatt_init                            0x0800751d   Thumb Code    60  bluenrg_gatt_aci.o(i.aci_gatt_init)
    aci_gatt_update_char_value               0x08007559   Thumb Code   170  bluenrg_gatt_aci.o(i.aci_gatt_update_char_value)
    aci_hal_set_tx_power_level               0x08007603   Thumb Code    88  bluenrg_hal_aci.o(i.aci_hal_set_tx_power_level)
    aci_hal_write_config_data                0x0800765b   Thumb Code   124  bluenrg_hal_aci.o(i.aci_hal_write_config_data)
    ble_address                              0x08007701   Thumb Code    26  bluenrg_sdk_api.o(i.ble_address)
    ble_device_on_connect                    0x0800771d   Thumb Code    46  app.o(i.ble_device_on_connect)
    ble_device_on_disconnect                 0x08007759   Thumb Code    16  app.o(i.ble_device_on_disconnect)
    ble_device_on_message                    0x0800776d   Thumb Code     2  app.o(i.ble_device_on_message)
    ble_device_send                          0x08007771   Thumb Code    88  bluenrg_sdk_api.o(i.ble_device_send)
    ble_device_set_advertising_interval      0x080077d5   Thumb Code     6  bluenrg_sdk_api.o(i.ble_device_set_advertising_interval)
    ble_device_set_name                      0x080077e1   Thumb Code    60  bluenrg_sdk_api.o(i.ble_device_set_name)
    ble_device_start_advertising             0x0800782d   Thumb Code    98  bluenrg_sdk_api.o(i.ble_device_start_advertising)
    ble_init_bluenrg                         0x080078b1   Thumb Code   190  bluenrg_sdk_api.o(i.ble_init_bluenrg)
    ble_set_adv_param                        0x08007989   Thumb Code    46  bluenrg_sdk_api.o(i.ble_set_adv_param)
    ble_set_tx_power                         0x080079b7   Thumb Code    18  bluenrg_sdk_api.o(i.ble_set_tx_power)
    bsp_init                                 0x080079c9   Thumb Code    78  bsp_common.o(i.bsp_init)
    current_time                             0x08007a29   Thumb Code    10  dispatch.o(i.current_time)
    dispatch                                 0x08007a35   Thumb Code    82  dispatch.o(i.dispatch)
    dispatch_init                            0x08007ad1   Thumb Code    46  dispatch.o(i.dispatch_init)
    fabs                                     0x08007b09   Thumb Code    24  fabs.o(i.fabs)
    fputc                                    0x08007b21   Thumb Code    32  stm32f4xx_hal_msp.o(i.fputc)
    hci_le_set_scan_resp_data                0x08007b45   Thumb Code   106  hci.o(i.hci_le_set_scan_resp_data)
    hci_send_cmd                             0x08007baf   Thumb Code    60  hci.o(i.hci_send_cmd)
    hci_send_req                             0x08007bed   Thumb Code   428  hci.o(i.hci_send_req)
    hci_write                                0x08007da5   Thumb Code    28  hci.o(i.hci_write)
    init_LSM303AGR_mag                       0x08007ddd   Thumb Code    40  lsm303agr.o(i.init_LSM303AGR_mag)
    jsensor_app_read_sensor                  0x08007e05   Thumb Code    56  juma_sensor.o(i.jsensor_app_read_sensor)
    jsensor_app_set_sensor                   0x08007e3d   Thumb Code    44  juma_sensor.o(i.jsensor_app_set_sensor)
    jsensor_app_set_sensors                  0x08007e69   Thumb Code    28  app.o(i.jsensor_app_set_sensors)
    jsensor_sys_init                         0x08007e85   Thumb Code    12  juma_sensor.o(i.jsensor_sys_init)
    list_init_head                           0x08007ee5   Thumb Code     6  list.o(i.list_init_head)
    list_insert_head                         0x08007eeb   Thumb Code    14  list.o(i.list_insert_head)
    list_insert_tail                         0x08007ef9   Thumb Code    14  list.o(i.list_insert_tail)
    list_is_empty                            0x08007f07   Thumb Code    16  list.o(i.list_is_empty)
    list_remove_head                         0x08007f17   Thumb Code    28  list.o(i.list_remove_head)
    list_remove_node                         0x08007f33   Thumb Code    14  list.o(i.list_remove_node)
    loop                                     0x08007f41   Thumb Code     2  main.o(i.loop)
    main                                     0x08007f73   Thumb Code    28  main.o(i.main)
    on_ready                                 0x08007fb5   Thumb Code    66  app.o(i.on_ready)
    rtc_init                                 0x080083b9   Thumb Code    48  stm32f401_lp_mode.o(i.rtc_init)
    rtc_wake_up_timer_config                 0x080083f1   Thumb Code    68  stm32f401_lp_mode.o(i.rtc_wake_up_timer_config)
    run_at_time                              0x0800843d   Thumb Code   122  dispatch.o(i.run_at_time)
    set_irq_as_input                         0x080084c1   Thumb Code    48  stm32_bluenrg_ble.o(i.set_irq_as_input)
    set_irq_as_output                        0x080084f9   Thumb Code    42  stm32_bluenrg_ble.o(i.set_irq_as_output)
    sqrt                                     0x08008535   Thumb Code   110  sqrt.o(i.sqrt)
    CLOCK_SECOND                             0x080085c0   Data           4  clock.o(.constdata)
    GPIO_PIN                                 0x080085c4   Data           2  bsp_common.o(.constdata)
    BUTTON_PIN                               0x080085c6   Data           2  bsp_common.o(.constdata)
    BUTTON_IRQn                              0x080085c8   Data           1  bsp_common.o(.constdata)
    APBAHBPrescTable                         0x080085c9   Data          16  stm32f4xx_hal_rcc.o(.constdata)
    __mathlib_zero                           0x08008668   Data           8  qnan.o(.constdata)
    Region$$Table$$Base                      0x0800867c   Number         0  anon$$obj.o(Region$$Table)
    Region$$Table$$Limit                     0x0800869c   Number         0  anon$$obj.o(Region$$Table)
    board_name                               0x20000000   Data           4  app.o(.data)
    m_adv_params                             0x20000006   Data           6  bluenrg_sdk_api.o(.data)
    connection_handle                        0x20000022   Data           2  bluenrg_sdk_api.o(.data)
    notification_enabled                     0x20000024   Data           2  bluenrg_sdk_api.o(.data)
    BLueNrgServHandle                        0x20000026   Data           2  bluenrg_sdk_api.o(.data)
    WriteCharHandle                          0x20000028   Data           2  bluenrg_sdk_api.o(.data)
    WriteCmdCharHandle                       0x2000002a   Data           2  bluenrg_sdk_api.o(.data)
    ReadNotifyCharHandle                     0x2000002c   Data           2  bluenrg_sdk_api.o(.data)
    NotifyCharHandle                         0x2000002e   Data           2  bluenrg_sdk_api.o(.data)
    service_handle                           0x20000030   Data           2  bluenrg_sdk_api.o(.data)
    dev_name_char_handle                     0x20000032   Data           2  bluenrg_sdk_api.o(.data)
    appearance_char_handle                   0x20000034   Data           2  bluenrg_sdk_api.o(.data)
    BLE_Role                                 0x20000036   Data           1  bluenrg_sdk_api.o(.data)
    hciReadPktPool                           0x20000050   Data           8  hci.o(.data)
    hciReadPktRxQueue                        0x20000058   Data           8  hci.o(.data)
    Hts221Drv                                0x20000064   Data          48  hts221.o(.data)
    Hts221Drv_ext                            0x20000094   Data           8  hts221.o(.data)
    T0_degC                                  0x2000009c   Data           4  hts221.o(.data)
    T1_degC                                  0x200000a0   Data           4  hts221.o(.data)
    T0_out                                   0x200000a4   Data           2  hts221.o(.data)
    T1_out                                   0x200000a6   Data           2  hts221.o(.data)
    H0_rh                                    0x200000a8   Data           4  hts221.o(.data)
    H1_rh                                    0x200000ac   Data           4  hts221.o(.data)
    H0_T0_out                                0x200000b0   Data           2  hts221.o(.data)
    H1_T0_out                                0x200000b2   Data           2  hts221.o(.data)
    LPS25HB_SlaveAddress                     0x200000b4   Data           1  lps25hb.o(.data)
    LPS25HBDrv                               0x200000b8   Data          52  lps25hb.o(.data)
    LPS25HBDrv_ext                           0x200000ec   Data           8  lps25hb.o(.data)
    LSM6DS3Drv                               0x200000f4   Data          68  lsm6ds3.o(.data)
    LSM6DS3Drv_ext_internal                  0x20000138   Data          12  lsm6ds3.o(.data)
    LSM6DS3Drv_ext                           0x20000144   Data           8  lsm6ds3.o(.data)
    LPS25HDrv                                0x2000014c   Data          52  lps25h.o(.data)
    LPS25HDrv_ext                            0x20000180   Data           8  lps25h.o(.data)
    LPS25H_SlaveAddress                      0x20000188   Data           1  lps25h.o(.data)
    I2C_EXPBD_Timeout                        0x2000018c   Data           4  x_nucleo_iks01a1.o(.data)
    Lsm6ds3_SpixTimeout                      0x20000190   Data           4  x_nucleo_iks01a1.o(.data)
    GPIO_PORT                                0x200001ac   Data           4  bsp_common.o(.data)
    BUTTON_PORT                              0x200001b0   Data           4  bsp_common.o(.data)
    SpixTimeout                              0x200001b4   Data           4  bsp_common.o(.data)
    ms_counter                               0x200001b8   Data           4  bsp_isr.o(.data)
    button_event                             0x200001bc   Data           1  bsp_isr.o(.data)
    EXTI0_IRQFUNC                            0x200001c0   Data           4  bsp_isr.o(.data)
    SystemCoreClock                          0x200001c4   Data           4  system_stm32f4xx.o(.data)
    AHBPrescTable                            0x200001c8   Data          16  system_stm32f4xx.o(.data)
    __stdout                                 0x200001dc   Data           4  stdout.o(.data)
    RTCHandle                                0x200003f8   Data          32  stm32f401_lp_mode.o(.bss)
    SpiHandle                                0x200006d4   Data          88  stm32_bluenrg_ble.o(.bss)
    I2C_EXPBD_Handle                         0x2000072c   Data          60  x_nucleo_iks01a1.o(.bss)
    Uart1Handle                              0x200007c0   Data          64  stm32f4xx_hal_msp.o(.bss)
    Uart2Handle                              0x20000800   Data          64  stm32f4xx_hal_msp.o(.bss)
    __initial_sp                             0x20001040   Data           0  startup_stm32f401xe.o(STACK)



==============================================================================

Memory Map of the image

  Image Entry point : 0x08000195

  Load Region LR_IROM1 (Base: 0x08000000, Size: 0x00008880, Max: 0x00080000, ABSOLUTE, COMPRESSED[0x00008778])

    Execution Region ER_IROM1 (Base: 0x08000000, Size: 0x0000869c, Max: 0x00080000, ABSOLUTE)

    Base Addr    Size         Type   Attr      Idx    E Section Name        Object

    0x08000000   0x00000194   Data   RO         4938    RESET               startup_stm32f401xe.o
    0x08000194   0x00000000   Code   RO        10175  * .ARM.Collect$$$$00000000  mc_w.l(entry.o)
    0x08000194   0x00000004   Code   RO        10506    .ARM.Collect$$$$00000001  mc_w.l(entry2.o)
    0x08000198   0x00000004   Code   RO        10509    .ARM.Collect$$$$00000004  mc_w.l(entry5.o)
    0x0800019c   0x00000000   Code   RO        10511    .ARM.Collect$$$$00000008  mc_w.l(entry7b.o)
    0x0800019c   0x00000000   Code   RO        10513    .ARM.Collect$$$$0000000A  mc_w.l(entry8b.o)
    0x0800019c   0x00000008   Code   RO        10514    .ARM.Collect$$$$0000000B  mc_w.l(entry9a.o)
    0x080001a4   0x00000000   Code   RO        10516    .ARM.Collect$$$$0000000D  mc_w.l(entry10a.o)
    0x080001a4   0x00000000   Code   RO        10518    .ARM.Collect$$$$0000000F  mc_w.l(entry11a.o)
    0x080001a4   0x00000004   Code   RO        10507    .ARM.Collect$$$$00002712  mc_w.l(entry2.o)
    0x080001a8   0x00000024   Code   RO         4939    .text               startup_stm32f401xe.o
    0x080001cc   0x00000062   Code   RO        10178    .text               mc_w.l(uldiv.o)
    0x0800022e   0x00000028   Code   RO        10182    .text               mc_w.l(memcpy.o)
    0x08000256   0x00000024   Code   RO        10188    .text               mc_w.l(memseta.o)
    0x0800027a   0x0000000e   Code   RO        10190    .text               mc_w.l(strlen.o)
    0x08000288   0x000000e4   Code   RO        10457    .text               mf_w.l(dmul.o)
    0x0800036c   0x000000de   Code   RO        10459    .text               mf_w.l(ddiv.o)
    0x0800044a   0x0000003e   Code   RO        10461    .text               mf_w.l(dfixi.o)
    0x08000488   0x00000032   Code   RO        10463    .text               mf_w.l(dfixui.o)
    0x080004ba   0x00000026   Code   RO        10465    .text               mf_w.l(f2d.o)
    0x080004e0   0x00000038   Code   RO        10467    .text               mf_w.l(d2f.o)
    0x08000518   0x0000001e   Code   RO        10523    .text               mc_w.l(llshl.o)
    0x08000536   0x00000020   Code   RO        10525    .text               mc_w.l(llushr.o)
    0x08000556   0x00000000   Code   RO        10534    .text               mc_w.l(iusefp.o)
    0x08000556   0x0000006e   Code   RO        10535    .text               mf_w.l(fepilogue.o)
    0x080005c4   0x000000ba   Code   RO        10537    .text               mf_w.l(depilogue.o)
    0x0800067e   0x0000014e   Code   RO        10539    .text               mf_w.l(dadd.o)
    0x080007cc   0x0000002e   Code   RO        10543    .text               mf_w.l(dscalb.o)
    0x080007fa   0x00000022   Code   RO        10545    .text               mf_w.l(dflti.o)
    0x0800081c   0x00000030   Code   RO        10549    .text               mf_w.l(cdrcmple.o)
    0x0800084c   0x00000024   Code   RO        10551    .text               mc_w.l(init.o)
    0x08000870   0x00000024   Code   RO        10553    .text               mc_w.l(llsshr.o)
    0x08000894   0x000000a2   Code   RO        10555    .text               mf_w.l(dsqrt.o)
    0x08000936   0x00000056   Code   RO        10567    .text               mc_w.l(__dczerorl2.o)
    0x0800098c   0x00000170   Code   RO          406    i.Add_Service       bluenrg_sdk_api.o
    0x08000afc   0x00000040   Code   RO         3817    i.BNRG_SPI_Init     stm32_bluenrg_ble.o
    0x08000b3c   0x00000020   Code   RO         4257    i.BSP_HUM_TEMP_GetHumidity  x_nucleo_iks01a1_hum_temp.o
    0x08000b5c   0x00000020   Code   RO         4258    i.BSP_HUM_TEMP_GetTemperature  x_nucleo_iks01a1_hum_temp.o
    0x08000b7c   0x00000094   Code   RO         4259    i.BSP_HUM_TEMP_Init  x_nucleo_iks01a1_hum_temp.o
    0x08000c10   0x0000000c   Code   RO         4263    i.BSP_HUM_TEMP_isInitialized  x_nucleo_iks01a1_hum_temp.o
    0x08000c1c   0x00000020   Code   RO         4324    i.BSP_IMU_6AXES_G_GetAxes  x_nucleo_iks01a1_imu_6axes.o
    0x08000c3c   0x00000124   Code   RO         4333    i.BSP_IMU_6AXES_Init  x_nucleo_iks01a1_imu_6axes.o
    0x08000d60   0x00000020   Code   RO         4335    i.BSP_IMU_6AXES_X_GetAxes  x_nucleo_iks01a1_imu_6axes.o
    0x08000d80   0x0000000c   Code   RO         4342    i.BSP_IMU_6AXES_isInitialized  x_nucleo_iks01a1_imu_6axes.o
    0x08000d8c   0x00000068   Code   RO         4613    i.BSP_LED_Init      bsp_common.o
    0x08000df4   0x00000020   Code   RO         4614    i.BSP_LED_Off       bsp_common.o
    0x08000e14   0x00000020   Code   RO         4615    i.BSP_LED_On        bsp_common.o
    0x08000e34   0x00000020   Code   RO         4467    i.BSP_PRESSURE_GetPressure  x_nucleo_iks01a1_pressure.o
    0x08000e54   0x000001a0   Code   RO         4469    i.BSP_PRESSURE_Init  x_nucleo_iks01a1_pressure.o
    0x08000ff4   0x0000000c   Code   RO         4472    i.BSP_PRESSURE_isInitialized  x_nucleo_iks01a1_pressure.o
    0x08001000   0x0000004c   Code   RO         4619    i.BSP_SystemClock_Config  bsp_common.o
    0x0800104c   0x00000018   Code   RO         3818    i.BlueNRG_DataPresent  stm32_bluenrg_ble.o
    0x08001064   0x00000028   Code   RO         3820    i.BlueNRG_RST       stm32_bluenrg_ble.o
    0x0800108c   0x000000a8   Code   RO         3821    i.BlueNRG_SPI_Read_All  stm32_bluenrg_ble.o
    0x08001134   0x000000c8   Code   RO         3822    i.BlueNRG_SPI_Write  stm32_bluenrg_ble.o
    0x080011fc   0x0000000c   Code   RO         3823    i.Clear_SPI_EXTI_Flag  stm32_bluenrg_ble.o
    0x08001208   0x00000008   Code   RO          761    i.Clock_Time        clock.o
    0x08001210   0x00000002   Code   RO         4804    i.DebugMon_Handler  bsp_isr.o
    0x08001212   0x0000000a   Code   RO         3825    i.Disable_SPI_IRQ   stm32_bluenrg_ble.o
    0x0800121c   0x00000028   Code   RO         4805    i.EXTI0_IRQHandler  bsp_isr.o
    0x08001244   0x00000014   Code   RO         4806    i.EXTI15_10_IRQHandler  bsp_isr.o
    0x08001258   0x0000000a   Code   RO         4807    i.EXTI4_IRQHandler  bsp_isr.o
    0x08001262   0x0000000a   Code   RO         3826    i.Enable_SPI_IRQ    stm32_bluenrg_ble.o
    0x0800126c   0x00000002   Code   RO          407    i.GAP_ConnectionComplete_CB  bluenrg_sdk_api.o
    0x0800126e   0x00000002   Code   RO          408    i.GAP_DisconnectionComplete_CB  bluenrg_sdk_api.o
    0x08001270   0x00000002   Code   RO          409    i.GATT_Notification_CB  bluenrg_sdk_api.o
    0x08001272   0x00000018   Code   RO         4528    i.HAL_Delay         stm32f4xx_hal_msp.o
    0x0800128a   0x0000000a   Code   RO         4621    i.HAL_GPIO_EXTI_Callback  bsp_common.o
    0x08001294   0x0000001c   Code   RO         6200    i.HAL_GPIO_EXTI_IRQHandler  stm32f4xx_hal_gpio.o
    0x080012b0   0x000001d0   Code   RO         6201    i.HAL_GPIO_Init     stm32f4xx_hal_gpio.o
    0x08001480   0x00000010   Code   RO         6203    i.HAL_GPIO_ReadPin  stm32f4xx_hal_gpio.o
    0x08001490   0x0000000c   Code   RO         6205    i.HAL_GPIO_WritePin  stm32f4xx_hal_gpio.o
    0x0800149c   0x0000000c   Code   RO         4959    i.HAL_GetTick       stm32f4xx_hal.o
    0x080014a8   0x00000036   Code   RO         6334    i.HAL_I2C_DeInit    stm32f4xx_hal_i2c.o
    0x080014de   0x00000008   Code   RO         6339    i.HAL_I2C_GetState  stm32f4xx_hal_i2c.o
    0x080014e6   0x00000002   PAD
    0x080014e8   0x00000120   Code   RO         6340    i.HAL_I2C_Init      stm32f4xx_hal_i2c.o
    0x08001608   0x00000238   Code   RO         6352    i.HAL_I2C_Mem_Read  stm32f4xx_hal_i2c.o
    0x08001840   0x00000110   Code   RO         6355    i.HAL_I2C_Mem_Write  stm32f4xx_hal_i2c.o
    0x08001950   0x00000002   Code   RO         6358    i.HAL_I2C_MspDeInit  stm32f4xx_hal_i2c.o
    0x08001952   0x00000002   Code   RO         6359    i.HAL_I2C_MspInit   stm32f4xx_hal_i2c.o
    0x08001954   0x00000010   Code   RO         4960    i.HAL_IncTick       stm32f4xx_hal.o
    0x08001964   0x0000003c   Code   RO         4961    i.HAL_Init          stm32f4xx_hal.o
    0x080019a0   0x00000024   Code   RO         4962    i.HAL_InitTick      stm32f4xx_hal.o
    0x080019c4   0x00000002   Code   RO         4964    i.HAL_MspInit       stm32f4xx_hal.o
    0x080019c6   0x00000002   PAD
    0x080019c8   0x0000001c   Code   RO         5424    i.HAL_NVIC_DisableIRQ  stm32f4xx_hal_cortex.o
    0x080019e4   0x0000001a   Code   RO         5425    i.HAL_NVIC_EnableIRQ  stm32f4xx_hal_cortex.o
    0x080019fe   0x0000007c   Code   RO         5431    i.HAL_NVIC_SetPriority  stm32f4xx_hal_cortex.o
    0x08001a7a   0x00000002   PAD
    0x08001a7c   0x00000028   Code   RO         5432    i.HAL_NVIC_SetPriorityGrouping  stm32f4xx_hal_cortex.o
    0x08001aa4   0x000001a8   Code   RO         7481    i.HAL_RCCEx_PeriphCLKConfig  stm32f4xx_hal_rcc_ex.o
    0x08001c4c   0x000002b0   Code   RO         7372    i.HAL_RCC_ClockConfig  stm32f4xx_hal_rcc.o
    0x08001efc   0x00000038   Code   RO         7377    i.HAL_RCC_GetHCLKFreq  stm32f4xx_hal_rcc.o
    0x08001f34   0x0000002c   Code   RO         7379    i.HAL_RCC_GetPCLK1Freq  stm32f4xx_hal_rcc.o
    0x08001f60   0x0000002c   Code   RO         7380    i.HAL_RCC_GetPCLK2Freq  stm32f4xx_hal_rcc.o
    0x08001f8c   0x000000b0   Code   RO         7381    i.HAL_RCC_GetSysClockFreq  stm32f4xx_hal_rcc.o
    0x0800203c   0x00000404   Code   RO         7384    i.HAL_RCC_OscConfig  stm32f4xx_hal_rcc.o
    0x08002440   0x00000098   Code   RO         7680    i.HAL_RTCEx_DeactivateWakeUpTimer  stm32f4xx_hal_rtc_ex.o
    0x080024d8   0x000000e8   Code   RO         7700    i.HAL_RTCEx_SetWakeUpTimer_IT  stm32f4xx_hal_rtc_ex.o
    0x080025c0   0x00000002   Code   RO         7705    i.HAL_RTCEx_WakeUpTimerEventCallback  stm32f4xx_hal_rtc_ex.o
    0x080025c2   0x00000002   PAD
    0x080025c4   0x00000040   Code   RO         7706    i.HAL_RTCEx_WakeUpTimerIRQHandler  stm32f4xx_hal_rtc_ex.o
    0x08002604   0x0000004c   Code   RO         7541    i.HAL_RTC_GetDate   stm32f4xx_hal_rtc.o
    0x08002650   0x00000058   Code   RO         7543    i.HAL_RTC_GetTime   stm32f4xx_hal_rtc.o
    0x080026a8   0x000000b4   Code   RO         7544    i.HAL_RTC_Init      stm32f4xx_hal_rtc.o
    0x0800275c   0x00000050   Code   RO         4530    i.HAL_RTC_MspInit   stm32f4xx_hal_msp.o
    0x080027ac   0x00000114   Code   RO         7549    i.HAL_RTC_SetDate   stm32f4xx_hal_rtc.o
    0x080028c0   0x00000134   Code   RO         7550    i.HAL_RTC_SetTime   stm32f4xx_hal_rtc.o
    0x080029f4   0x0000003a   Code   RO         7551    i.HAL_RTC_WaitForSynchro  stm32f4xx_hal_rtc.o
    0x08002a2e   0x00000088   Code   RO         8294    i.HAL_SPI_Init      stm32f4xx_hal_spi.o
    0x08002ab6   0x00000002   PAD
    0x08002ab8   0x000001b0   Code   RO         3827    i.HAL_SPI_MspInit   stm32_bluenrg_ble.o
    0x08002c68   0x00000352   Code   RO         8302    i.HAL_SPI_TransmitReceive  stm32f4xx_hal_spi.o
    0x08002fba   0x00000034   Code   RO         5436    i.HAL_SYSTICK_Config  stm32f4xx_hal_cortex.o
    0x08002fee   0x0000006e   Code   RO         9454    i.HAL_UART_Init     stm32f4xx_hal_uart.o
    0x0800305c   0x00000134   Code   RO         4532    i.HAL_UART_MspInit  stm32f4xx_hal_msp.o
    0x08003190   0x000000f0   Code   RO         9462    i.HAL_UART_Transmit  stm32f4xx_hal_uart.o
    0x08003280   0x000000fc   Code   RO          410    i.HCI_Event_CB      bluenrg_sdk_api.o
    0x0800337c   0x0000003c   Code   RO         1474    i.HCI_Init          hci.o
    0x080033b8   0x00000088   Code   RO         1475    i.HCI_Isr           hci.o
    0x08003440   0x00000084   Code   RO         1476    i.HCI_Process       hci.o
    0x080034c4   0x00000010   Code   RO         1477    i.HCI_Queue_Empty   hci.o
    0x080034d4   0x00000038   Code   RO         1478    i.HCI_get_bdAddr    hci.o
    0x0800350c   0x00000024   Code   RO         1479    i.HCI_verify        hci.o
    0x08003530   0x000001a8   Code   RO         1880    i.HTS221_Calibration  hts221.o
    0x080036d8   0x000001bc   Code   RO         1881    i.HTS221_GetHumidity  hts221.o
    0x08003894   0x00000184   Code   RO         1882    i.HTS221_GetTemperature  hts221.o
    0x08003a18   0x00000002   Code   RO         4006    i.HTS221_IO_ITConfig  x_nucleo_iks01a1.o
    0x08003a1a   0x00000008   Code   RO         4007    i.HTS221_IO_Init    x_nucleo_iks01a1.o
    0x08003a22   0x0000001c   Code   RO         4008    i.HTS221_IO_Read    x_nucleo_iks01a1.o
    0x08003a3e   0x0000001c   Code   RO         4009    i.HTS221_IO_Write   x_nucleo_iks01a1.o
    0x08003a5a   0x00000066   Code   RO         1883    i.HTS221_Init       hts221.o
    0x08003ac0   0x00000034   Code   RO         1884    i.HTS221_Power_OFF  hts221.o
    0x08003af4   0x00000034   Code   RO         1885    i.HTS221_Power_On   hts221.o
    0x08003b28   0x00000018   Code   RO         1886    i.HTS221_ReadID     hts221.o
    0x08003b40   0x00000034   Code   RO         1887    i.HTS221_RebootCmd  hts221.o
    0x08003b74   0x00000010   Code   RO         4010    i.HUM_TEMP_IO_Init  x_nucleo_iks01a1.o
    0x08003b84   0x00000028   Code   RO         4011    i.HUM_TEMP_IO_Read  x_nucleo_iks01a1.o
    0x08003bac   0x00000028   Code   RO         4012    i.HUM_TEMP_IO_Write  x_nucleo_iks01a1.o
    0x08003bd4   0x00000050   Code   RO         3828    i.Hal_Write_Serial  stm32_bluenrg_ble.o
    0x08003c24   0x00000004   Code   RO         4808    i.HardFault_Handler  bsp_isr.o
    0x08003c28   0x0000001c   Code   RO         4013    i.I2C_EXPBD_Error   x_nucleo_iks01a1.o
    0x08003c44   0x00000044   Code   RO         4014    i.I2C_EXPBD_Init    x_nucleo_iks01a1.o
    0x08003c88   0x00000094   Code   RO         4015    i.I2C_EXPBD_MspInit  x_nucleo_iks01a1.o
    0x08003d1c   0x0000003c   Code   RO         4016    i.I2C_EXPBD_ReadData  x_nucleo_iks01a1.o
    0x08003d58   0x0000003c   Code   RO         4017    i.I2C_EXPBD_WriteData  x_nucleo_iks01a1.o
    0x08003d94   0x00000114   Code   RO         6381    i.I2C_RequestMemoryRead  stm32f4xx_hal_i2c.o
    0x08003ea8   0x000000b0   Code   RO         6382    i.I2C_RequestMemoryWrite  stm32f4xx_hal_i2c.o
    0x08003f58   0x000000de   Code   RO         6390    i.I2C_WaitOnFlagUntilTimeout  stm32f4xx_hal_i2c.o
    0x08004036   0x000000aa   Code   RO         6391    i.I2C_WaitOnMasterAddressFlagUntilTimeout  stm32f4xx_hal_i2c.o
    0x080040e0   0x00000010   Code   RO         4018    i.IMU_6AXES_IO_Init  x_nucleo_iks01a1.o
    0x080040f0   0x00000028   Code   RO         4019    i.IMU_6AXES_IO_Read  x_nucleo_iks01a1.o
    0x08004118   0x00000028   Code   RO         4020    i.IMU_6AXES_IO_Write  x_nucleo_iks01a1.o
    0x08004140   0x00000030   Code   RO         1939    i.LPS25HB_GetPressure  lps25hb.o
    0x08004170   0x0000003c   Code   RO         1940    i.LPS25HB_GetTemperature  lps25hb.o
    0x080041ac   0x00000044   Code   RO         1941    i.LPS25HB_I2C_ReadRawPressure  lps25hb.o
    0x080041f0   0x00000034   Code   RO         1942    i.LPS25HB_I2C_ReadRawTemperature  lps25hb.o
    0x08004224   0x00000002   Code   RO         4021    i.LPS25HB_IO_ITConfig  x_nucleo_iks01a1.o
    0x08004226   0x00000008   Code   RO         4022    i.LPS25HB_IO_Init   x_nucleo_iks01a1.o
    0x0800422e   0x0000001c   Code   RO         4023    i.LPS25HB_IO_Read   x_nucleo_iks01a1.o
    0x0800424a   0x0000001c   Code   RO         4024    i.LPS25HB_IO_Write  x_nucleo_iks01a1.o
    0x08004266   0x00000002   PAD
    0x08004268   0x000000f0   Code   RO         1943    i.LPS25HB_Init      lps25hb.o
    0x08004358   0x0000003c   Code   RO         1944    i.LPS25HB_PowerOff  lps25hb.o
    0x08004394   0x0000003c   Code   RO         1945    i.LPS25HB_PowerOn   lps25hb.o
    0x080043d0   0x00000020   Code   RO         1946    i.LPS25HB_ReadID    lps25hb.o
    0x080043f0   0x0000003c   Code   RO         1947    i.LPS25HB_RebootCmd  lps25hb.o
    0x0800442c   0x00000014   Code   RO         1948    i.LPS25HB_SlaveAddrRemap  lps25hb.o
    0x08004440   0x00000030   Code   RO         3941    i.LPS25H_GetPressure  lps25h.o
    0x08004470   0x0000003c   Code   RO         3942    i.LPS25H_GetTemperature  lps25h.o
    0x080044ac   0x00000044   Code   RO         3943    i.LPS25H_I2C_ReadRawPressure  lps25h.o
    0x080044f0   0x00000034   Code   RO         3944    i.LPS25H_I2C_ReadRawTemperature  lps25h.o
    0x08004524   0x00000002   Code   RO         4025    i.LPS25H_IO_ITConfig  x_nucleo_iks01a1.o
    0x08004526   0x00000008   Code   RO         4026    i.LPS25H_IO_Init    x_nucleo_iks01a1.o
    0x0800452e   0x0000001c   Code   RO         4027    i.LPS25H_IO_Read    x_nucleo_iks01a1.o
    0x0800454a   0x0000001c   Code   RO         4028    i.LPS25H_IO_Write   x_nucleo_iks01a1.o
    0x08004566   0x00000002   PAD
    0x08004568   0x000000f0   Code   RO         3945    i.LPS25H_Init       lps25h.o
    0x08004658   0x0000003c   Code   RO         3946    i.LPS25H_PowerOff   lps25h.o
    0x08004694   0x0000003c   Code   RO         3947    i.LPS25H_PowerOn    lps25h.o
    0x080046d0   0x00000020   Code   RO         3948    i.LPS25H_ReadID     lps25h.o
    0x080046f0   0x0000003c   Code   RO         3949    i.LPS25H_RebootCmd  lps25h.o
    0x0800472c   0x0000000c   Code   RO         3950    i.LPS25H_SlaveAddrRemap  lps25h.o
    0x08004738   0x00000058   Code   RO         3338    i.LSM303AGR_MAG_Get_Magnetic  lsm303agr_mag_driver.o
    0x08004790   0x00000040   Code   RO         3339    i.LSM303AGR_MAG_Get_Raw_Magnetic  lsm303agr_mag_driver.o
    0x080047d0   0x0000001e   Code   RO         3371    i.LSM303AGR_MAG_R_WHO_AM_I  lsm303agr_mag_driver.o
    0x080047ee   0x00000014   Code   RO         4032    i.LSM303AGR_MAG_ReadReg  x_nucleo_iks01a1.o
    0x08004802   0x00000038   Code   RO         3397    i.LSM303AGR_MAG_W_MD  lsm303agr_mag_driver.o
    0x0800483a   0x00000038   Code   RO         3398    i.LSM303AGR_MAG_W_ODR  lsm303agr_mag_driver.o
    0x08004872   0x00000012   Code   RO         4033    i.LSM303AGR_MAG_WriteReg  x_nucleo_iks01a1.o
    0x08004884   0x00000086   Code   RO         2014    i.LSM6DS3_Common_Sensor_Enable  lsm6ds3.o
    0x0800490a   0x00000082   Code   RO         2015    i.LSM6DS3_Disable_Free_Fall_Detection  lsm6ds3.o
    0x0800498c   0x0000013a   Code   RO         2016    i.LSM6DS3_Enable_Free_Fall_Detection  lsm6ds3.o
    0x08004ac6   0x00000002   PAD
    0x08004ac8   0x00000080   Code   RO         2017    i.LSM6DS3_G_GetAxes  lsm6ds3.o
    0x08004b48   0x00000072   Code   RO         2018    i.LSM6DS3_G_GetAxesRaw  lsm6ds3.o
    0x08004bba   0x00000002   PAD
    0x08004bbc   0x000000ac   Code   RO         2019    i.LSM6DS3_G_GetSensitivity  lsm6ds3.o
    0x08004c68   0x000000ac   Code   RO         2020    i.LSM6DS3_G_Get_FS  lsm6ds3.o
    0x08004d14   0x000000c4   Code   RO         2021    i.LSM6DS3_G_Get_ODR  lsm6ds3.o
    0x08004dd8   0x00000094   Code   RO         2022    i.LSM6DS3_G_Set_Axes_Status  lsm6ds3.o
    0x08004e6c   0x00000118   Code   RO         2023    i.LSM6DS3_G_Set_FS  lsm6ds3.o
    0x08004f84   0x000000f4   Code   RO         2024    i.LSM6DS3_G_Set_ODR  lsm6ds3.o
    0x08005078   0x00000042   Code   RO         2025    i.LSM6DS3_Get_Status_Free_Fall_Detection  lsm6ds3.o
    0x080050ba   0x00000008   Code   RO         4039    i.LSM6DS3_IO_Init   x_nucleo_iks01a1.o
    0x080050c2   0x0000001c   Code   RO         4040    i.LSM6DS3_IO_Read   x_nucleo_iks01a1.o
    0x080050de   0x0000001c   Code   RO         4041    i.LSM6DS3_IO_Write  x_nucleo_iks01a1.o
    0x080050fa   0x00000084   Code   RO         2026    i.LSM6DS3_Init      lsm6ds3.o
    0x0800517e   0x00000018   Code   RO         2027    i.LSM6DS3_Read_XG_ID  lsm6ds3.o
    0x08005196   0x00000002   PAD
    0x08005198   0x00000080   Code   RO         2028    i.LSM6DS3_X_GetAxes  lsm6ds3.o
    0x08005218   0x00000072   Code   RO         2029    i.LSM6DS3_X_GetAxesRaw  lsm6ds3.o
    0x0800528a   0x00000002   PAD
    0x0800528c   0x00000078   Code   RO         2030    i.LSM6DS3_X_GetSensitivity  lsm6ds3.o
    0x08005304   0x00000068   Code   RO         2031    i.LSM6DS3_X_Get_FS  lsm6ds3.o
    0x0800536c   0x000000e0   Code   RO         2032    i.LSM6DS3_X_Get_ODR  lsm6ds3.o
    0x0800544c   0x00000094   Code   RO         2033    i.LSM6DS3_X_Set_Axes_Status  lsm6ds3.o
    0x080054e0   0x0000008a   Code   RO         2034    i.LSM6DS3_X_Set_FS  lsm6ds3.o
    0x0800556a   0x00000002   PAD
    0x0800556c   0x00000120   Code   RO         2035    i.LSM6DS3_X_Set_ODR  lsm6ds3.o
    0x0800568c   0x00000002   Code   RO         4809    i.NMI_Handler       bsp_isr.o
    0x0800568e   0x00000002   PAD
    0x08005690   0x00000010   Code   RO         5438    i.NVIC_GetPriorityGrouping  stm32f4xx_hal_cortex.o
    0x080056a0   0x00000028   Code   RO         5439    i.NVIC_SetPriority  stm32f4xx_hal_cortex.o
    0x080056c8   0x00000014   Code   RO         1849    i.Osal_MemCpy       osal.o
    0x080056dc   0x00000014   Code   RO         1850    i.Osal_MemSet       osal.o
    0x080056f0   0x00000010   Code   RO         4042    i.PRESSURE_IO_Init  x_nucleo_iks01a1.o
    0x08005700   0x00000028   Code   RO         4043    i.PRESSURE_IO_Read  x_nucleo_iks01a1.o
    0x08005728   0x00000028   Code   RO         4044    i.PRESSURE_IO_Write  x_nucleo_iks01a1.o
    0x08005750   0x00000002   Code   RO         4810    i.PendSV_Handler    bsp_isr.o
    0x08005752   0x00000016   Code   RO         7552    i.RTC_Bcd2ToByte    stm32f4xx_hal_rtc.o
    0x08005768   0x0000001a   Code   RO         7553    i.RTC_ByteToBcd2    stm32f4xx_hal_rtc.o
    0x08005782   0x00000002   PAD
    0x08005784   0x00000058   Code   RO          680    i.RTC_CalendarConfig  stm32f401_lp_mode.o
    0x080057dc   0x00000060   Code   RO          681    i.RTC_CalendarShow  stm32f401_lp_mode.o
    0x0800583c   0x0000003e   Code   RO         7554    i.RTC_EnterInitMode  stm32f4xx_hal_rtc.o
    0x0800587a   0x00000002   PAD
    0x0800587c   0x00000010   Code   RO         4812    i.RTC_WKUP_IRQHandler  bsp_isr.o
    0x0800588c   0x00000018   Code   RO          411    i.Read_Request_CB   bluenrg_sdk_api.o
    0x080058a4   0x00000114   Code   RO         8324    i.SPI_WaitOnFlagUntilTimeout  stm32f4xx_hal_spi.o
    0x080059b8   0x00000002   Code   RO         4813    i.SVC_Handler       bsp_isr.o
    0x080059ba   0x00000002   PAD
    0x080059bc   0x00000018   Code   RO         4814    i.SysTick_Handler   bsp_isr.o
    0x080059d4   0x00000064   Code   RO         4900    i.SystemInit        system_stm32f4xx.o
    0x08005a38   0x0000001c   Code   RO         1422    i.Timer_Expired     gp_timer.o
    0x08005a54   0x00000010   Code   RO         1426    i.Timer_Set         gp_timer.o
    0x08005a64   0x000000a8   Code   RO         4533    i.UART_Init         stm32f4xx_hal_msp.o
    0x08005b0c   0x00000224   Code   RO         9474    i.UART_SetConfig    stm32f4xx_hal_uart.o
    0x08005d30   0x000000fa   Code   RO         9476    i.UART_WaitOnFlagUntilTimeout  stm32f4xx_hal_uart.o
    0x08005e2a   0x00000002   PAD
    0x08005e2c   0x00000020   Code   RO        10403    i.__0printf$8       mc_w.l(printf8.o)
    0x08005e4c   0x00000028   Code   RO        10405    i.__0sprintf$8      mc_w.l(printf8.o)
    0x08005e74   0x00000030   Code   RO        10489    i.__ARM_fpclassify  m_wm.l(fpclassify.o)
    0x08005ea4   0x00000004   PAD
    0x08005ea8   0x00000c50   Code   RO        10161    i.__hardfp_pow      m_wm.l(pow.o)
    0x08006af8   0x00000002   Code   RO          268    i.__jsensor_init_sensor  juma_sensor.o
    0x08006afa   0x000000f8   Code   RO        10491    i.__kernel_poly     m_wm.l(poly.o)
    0x08006bf2   0x00000006   PAD
    0x08006bf8   0x00000030   Code   RO        10469    i.__mathlib_dbl_divzero  m_wm.l(dunder.o)
    0x08006c28   0x00000014   Code   RO        10471    i.__mathlib_dbl_infnan2  m_wm.l(dunder.o)
    0x08006c3c   0x00000004   PAD
    0x08006c40   0x00000020   Code   RO        10472    i.__mathlib_dbl_invalid  m_wm.l(dunder.o)
    0x08006c60   0x00000020   Code   RO        10473    i.__mathlib_dbl_overflow  m_wm.l(dunder.o)
    0x08006c80   0x00000020   Code   RO        10475    i.__mathlib_dbl_underflow  m_wm.l(dunder.o)
    0x08006ca0   0x0000000e   Code   RO        10561    i.__scatterload_copy  mc_w.l(handlers.o)
    0x08006cae   0x00000002   Code   RO        10562    i.__scatterload_null  mc_w.l(handlers.o)
    0x08006cb0   0x0000000e   Code   RO        10563    i.__scatterload_zeroinit  mc_w.l(handlers.o)
    0x08006cbe   0x00000002   PAD
    0x08006cc0   0x0000000c   Code   RO        10529    i.__set_errno       mc_w.l(errno.o)
    0x08006ccc   0x00000410   Code   RO        10410    i._printf_core      mc_w.l(printf8.o)
    0x080070dc   0x00000024   Code   RO        10411    i._printf_post_padding  mc_w.l(printf8.o)
    0x08007100   0x0000002e   Code   RO        10412    i._printf_pre_padding  mc_w.l(printf8.o)
    0x0800712e   0x0000000a   Code   RO        10414    i._sputc            mc_w.l(printf8.o)
    0x08007138   0x00000088   Code   RO          814    i.aci_gap_init      bluenrg_gap_aci.o
    0x080071c0   0x00000088   Code   RO          819    i.aci_gap_set_auth_requirement  bluenrg_gap_aci.o
    0x08007248   0x0000010c   Code   RO          823    i.aci_gap_set_discoverable  bluenrg_gap_aci.o
    0x08007354   0x000000e0   Code   RO         1062    i.aci_gatt_add_char  bluenrg_gatt_aci.o
    0x08007434   0x000000a0   Code   RO         1064    i.aci_gatt_add_serv  bluenrg_gatt_aci.o
    0x080074d4   0x00000048   Code   RO         1065    i.aci_gatt_allow_read  bluenrg_gatt_aci.o
    0x0800751c   0x0000003c   Code   RO         1078    i.aci_gatt_init     bluenrg_gatt_aci.o
    0x08007558   0x000000aa   Code   RO         1091    i.aci_gatt_update_char_value  bluenrg_gatt_aci.o
    0x08007602   0x00000058   Code   RO         1337    i.aci_hal_set_tx_power_level  bluenrg_hal_aci.o
    0x0800765a   0x0000007c   Code   RO         1340    i.aci_hal_write_config_data  bluenrg_hal_aci.o
    0x080076d6   0x00000002   PAD
    0x080076d8   0x00000028   Code   RO          602    i.allocate          dispatch.o
    0x08007700   0x0000001a   Code   RO          412    i.ble_address       bluenrg_sdk_api.o
    0x0800771a   0x00000002   PAD
    0x0800771c   0x0000003c   Code   RO            4    i.ble_device_on_connect  app.o
    0x08007758   0x00000014   Code   RO            5    i.ble_device_on_disconnect  app.o
    0x0800776c   0x00000002   Code   RO            6    i.ble_device_on_message  app.o
    0x0800776e   0x00000002   PAD
    0x08007770   0x00000064   Code   RO          416    i.ble_device_send   bluenrg_sdk_api.o
    0x080077d4   0x0000000c   Code   RO          417    i.ble_device_set_advertising_interval  bluenrg_sdk_api.o
    0x080077e0   0x0000004c   Code   RO          418    i.ble_device_set_name  bluenrg_sdk_api.o
    0x0800782c   0x00000084   Code   RO          419    i.ble_device_start_advertising  bluenrg_sdk_api.o
    0x080078b0   0x000000d8   Code   RO          422    i.ble_init_bluenrg  bluenrg_sdk_api.o
    0x08007988   0x0000002e   Code   RO          423    i.ble_set_adv_param  bluenrg_sdk_api.o
    0x080079b6   0x00000012   Code   RO          424    i.ble_set_tx_power  bluenrg_sdk_api.o
    0x080079c8   0x00000054   Code   RO         4638    i.bsp_init          bsp_common.o
    0x08007a1c   0x0000000c   Code   RO          425    i.connection_information  bluenrg_sdk_api.o
    0x08007a28   0x0000000a   Code   RO          603    i.current_time      dispatch.o
    0x08007a32   0x00000002   PAD
    0x08007a34   0x00000060   Code   RO          604    i.dispatch          dispatch.o
    0x08007a94   0x0000003c   Code   RO          605    i.dispatch_head_op  dispatch.o
    0x08007ad0   0x00000038   Code   RO          606    i.dispatch_init     dispatch.o
    0x08007b08   0x00000018   Code   RO        10485    i.fabs              m_wm.l(fabs.o)
    0x08007b20   0x00000024   Code   RO         4536    i.fputc             stm32f4xx_hal_msp.o
    0x08007b44   0x0000006a   Code   RO         1503    i.hci_le_set_scan_resp_data  hci.o
    0x08007bae   0x0000003c   Code   RO         1510    i.hci_send_cmd      hci.o
    0x08007bea   0x00000002   PAD
    0x08007bec   0x000001b8   Code   RO         1511    i.hci_send_req      hci.o
    0x08007da4   0x0000001c   Code   RO         1513    i.hci_write         hci.o
    0x08007dc0   0x0000001c   Code   RO          269    i.hum_temp_monitor_init  juma_sensor.o
    0x08007ddc   0x00000028   Code   RO         2138    i.init_LSM303AGR_mag  lsm303agr.o
    0x08007e04   0x00000038   Code   RO          270    i.jsensor_app_read_sensor  juma_sensor.o
    0x08007e3c   0x0000002c   Code   RO          271    i.jsensor_app_set_sensor  juma_sensor.o
    0x08007e68   0x0000001c   Code   RO            7    i.jsensor_app_set_sensors  app.o
    0x08007e84   0x0000000c   Code   RO          273    i.jsensor_sys_init  juma_sensor.o
    0x08007e90   0x00000030   Code   RO            8    i.led_off           app.o
    0x08007ec0   0x00000024   Code   RO            9    i.led_on            app.o
    0x08007ee4   0x00000006   Code   RO         1758    i.list_init_head    list.o
    0x08007eea   0x0000000e   Code   RO         1759    i.list_insert_head  list.o
    0x08007ef8   0x0000000e   Code   RO         1762    i.list_insert_tail  list.o
    0x08007f06   0x00000010   Code   RO         1763    i.list_is_empty     list.o
    0x08007f16   0x0000001c   Code   RO         1764    i.list_remove_head  list.o
    0x08007f32   0x0000000e   Code   RO         1765    i.list_remove_node  list.o
    0x08007f40   0x00000002   Code   RO          234    i.loop              main.o
    0x08007f42   0x00000014   Code   RO          274    i.lsm303agr_init    juma_sensor.o
    0x08007f56   0x0000001c   Code   RO          275    i.lsm6ds3_6_axis_init  juma_sensor.o
    0x08007f72   0x0000001c   Code   RO          235    i.main              main.o
    0x08007f8e   0x00000024   Code   RO         1514    i.move_list         hci.o
    0x08007fb2   0x00000002   PAD
    0x08007fb4   0x00000058   Code   RO           10    i.on_ready          app.o
    0x0800800c   0x0000001c   Code   RO          276    i.pressure_sensor_init  juma_sensor.o
    0x08008028   0x00000090   Code   RO          277    i.read_6_Axis_data  juma_sensor.o
    0x080080b8   0x0000004c   Code   RO           11    i.read_accelerometer  app.o
    0x08008104   0x0000004c   Code   RO           12    i.read_gyroscopic   app.o
    0x08008150   0x00000048   Code   RO           13    i.read_humidity     app.o
    0x08008198   0x00000044   Code   RO           14    i.read_magenetometer  app.o
    0x080081dc   0x00000044   Code   RO           15    i.read_pressure     app.o
    0x08008220   0x0000004c   Code   RO          278    i.read_pressure     juma_sensor.o
    0x0800826c   0x0000004c   Code   RO          279    i.read_raw_magnetometer_data  juma_sensor.o
    0x080082b8   0x00000074   Code   RO          280    i.read_temp_hum     juma_sensor.o
    0x0800832c   0x00000048   Code   RO           16    i.read_temperature  app.o
    0x08008374   0x00000044   Code   RO          607    i.reset_rtc         dispatch.o
    0x080083b8   0x00000038   Code   RO          687    i.rtc_init          stm32f401_lp_mode.o
    0x080083f0   0x0000004c   Code   RO          688    i.rtc_wake_up_timer_config  stm32f401_lp_mode.o
    0x0800843c   0x00000084   Code   RO          608    i.run_at_time       dispatch.o
    0x080084c0   0x00000038   Code   RO         3830    i.set_irq_as_input  stm32_bluenrg_ble.o
    0x080084f8   0x00000030   Code   RO         3831    i.set_irq_as_output  stm32_bluenrg_ble.o
    0x08008528   0x0000000c   Code   RO          610    i.set_timer         dispatch.o
    0x08008534   0x0000006e   Code   RO        10496    i.sqrt              m_wm.l(sqrt.o)
    0x080085a2   0x0000001c   Code   RO         3832    i.us150Delay        stm32_bluenrg_ble.o
    0x080085be   0x00000002   PAD
    0x080085c0   0x00000004   Data   RO          763    .constdata          clock.o
    0x080085c4   0x00000005   Data   RO         4640    .constdata          bsp_common.o
    0x080085c9   0x00000010   Data   RO         7385    .constdata          stm32f4xx_hal_rcc.o
    0x080085d9   0x00000007   PAD
    0x080085e0   0x00000088   Data   RO        10164    .constdata          m_wm.l(pow.o)
    0x08008668   0x00000008   Data   RO        10493    .constdata          m_wm.l(qnan.o)
    0x08008670   0x0000000c   Data   RO           17    .conststring        app.o
    0x0800867c   0x00000020   Data   RO        10559    Region$$Table       anon$$obj.o


    Execution Region RW_IRAM1 (Base: 0x20000000, Size: 0x00001040, Max: 0x00018000, ABSOLUTE, COMPRESSED[0x000000dc])

    Base Addr    Size         Type   Attr      Idx    E Section Name        Object

    0x20000000   0x00000005   Data   RW           18    .data               app.o
    0x20000005   0x00000001   PAD
    0x20000006   0x00000031   Data   RW          427    .data               bluenrg_sdk_api.o
    0x20000037   0x00000001   PAD
    0x20000038   0x00000018   Data   RW          612    .data               dispatch.o
    0x20000050   0x00000013   Data   RW         1516    .data               hci.o
    0x20000063   0x00000001   PAD
    0x20000064   0x00000050   Data   RW         1888    .data               hts221.o
    0x200000b4   0x00000040   Data   RW         1949    .data               lps25hb.o
    0x200000f4   0x00000058   Data   RW         2036    .data               lsm6ds3.o
    0x2000014c   0x0000003d   Data   RW         3951    .data               lps25h.o
    0x20000189   0x00000003   PAD
    0x2000018c   0x00000008   Data   RW         4046    .data               x_nucleo_iks01a1.o
    0x20000194   0x00000005   Data   RW         4264    .data               x_nucleo_iks01a1_hum_temp.o
    0x20000199   0x00000003   PAD
    0x2000019c   0x00000006   Data   RW         4343    .data               x_nucleo_iks01a1_imu_6axes.o
    0x200001a2   0x00000002   PAD
    0x200001a4   0x00000006   Data   RW         4473    .data               x_nucleo_iks01a1_pressure.o
    0x200001aa   0x00000002   PAD
    0x200001ac   0x0000000c   Data   RW         4641    .data               bsp_common.o
    0x200001b8   0x0000000c   Data   RW         4815    .data               bsp_isr.o
    0x200001c4   0x00000014   Data   RW         4901    .data               system_stm32f4xx.o
    0x200001d8   0x00000004   Data   RW         4967    .data               stm32f4xx_hal.o
    0x200001dc   0x00000004   Data   RW        10520    .data               mc_w.l(stdout.o)
    0x200001e0   0x00000004   Data   RW        10530    .data               mc_w.l(errno.o)
    0x200001e4   0x00000014   Zero   RW          426    .bss                bluenrg_sdk_api.o
    0x200001f8   0x00000200   Zero   RW          611    .bss                dispatch.o
    0x200003f8   0x00000020   Zero   RW          689    .bss                stm32f401_lp_mode.o
    0x20000418   0x000002bc   Zero   RW         1515    .bss                hci.o
    0x200006d4   0x00000058   Zero   RW         3833    .bss                stm32_bluenrg_ble.o
    0x2000072c   0x00000094   Zero   RW         4045    .bss                x_nucleo_iks01a1.o
    0x200007c0   0x00000080   Zero   RW         4537    .bss                stm32f4xx_hal_msp.o
    0x20000840   0x00000800   Zero   RW         4936    STACK               startup_stm32f401xe.o


==============================================================================

Image component sizes


      Code (inc. data)   RO Data    RW Data    ZI Data      Debug   Object Name

       714        114         12          5          0     274657   app.o
       540          0          0          0          0      35265   bluenrg_gap_aci.o
       686          0          0          0          0       6247   bluenrg_gatt_aci.o
       212          0          0          0          0       2821   bluenrg_hal_aci.o
      1288        212          0         49         20      51794   bluenrg_sdk_api.o
       338         34          5         12          0       5523   bsp_common.o
       122         24          0         12          0       6632   bsp_isr.o
         8          0          4          0          0       1868   clock.o
       474         56          0         24        512       7244   dispatch.o
        44          0          0          0          0       2044   gp_timer.o
      1106         70          0         19        700      13044   hci.o
      1538        106          0         80          0       7468   hts221.o
       630         18          0          0          0      38042   juma_sensor.o
        92          0          0          0          0       4509   list.o
       692         46          0         61          0       7674   lps25h.o
       700         48          0         64          0       7813   lps25hb.o
        40          0          0          0          0        737   lsm303agr.o
       294          0          0          0          0      11792   lsm303agr_mag_driver.o
      3518        220          0         88          0      28040   lsm6ds3.o
        30          0          0          0          0       1022   main.o
        40          0          0          0          0       1548   osal.o
        36          8        404          0       2048        924   startup_stm32f401xe.o
      1172        106          0          0         88      11325   stm32_bluenrg_ble.o
       316         24          0          0         32       3849   stm32f401_lp_mode.o
       126         16          0          4          0       4672   stm32f4xx_hal.o
       326         28          0          0          0      31953   stm32f4xx_hal_cortex.o
       520         36          0          0          0       4154   stm32f4xx_hal_gpio.o
      2038         36          0          0          0      10816   stm32f4xx_hal_i2c.o
       616         98          0          0        128       6015   stm32f4xx_hal_msp.o
      2036         62         16          0          0       6635   stm32f4xx_hal_rcc.o
       424         22          0          0          0       1652   stm32f4xx_hal_rcc_ex.o
      1096         24          0          0          0       8170   stm32f4xx_hal_rtc.o
       450         10          0          0          0       3891   stm32f4xx_hal_rtc_ex.o
      1262          0          0          0          0       4013   stm32f4xx_hal_spi.o
      1148         10          0          0          0       4300   stm32f4xx_hal_uart.o
       100         18          0         20          0       1509   system_stm32f4xx.o
       952         44          0          8        148      23516   x_nucleo_iks01a1.o
       224         32          0          5          0       3722   x_nucleo_iks01a1_hum_temp.o
       368         42          0          6          0       3875   x_nucleo_iks01a1_imu_6axes.o
       460         38          0          6          0       3248   x_nucleo_iks01a1_pressure.o

    ----------------------------------------------------------------------
     26824       1602        480        476       3676     654023   Object Totals
         0          0         32          0          0          0   (incl. Generated)
        48          0          7         13          0          0   (incl. Padding)

    ----------------------------------------------------------------------

      Code (inc. data)   RO Data    RW Data    ZI Data      Debug   Library Member Name

       164         44          0          0          0        620   dunder.o
        24          0          0          0          0        124   fabs.o
        48          0          0          0          0        124   fpclassify.o
       248          0          0          0          0        152   poly.o
      3152        296        136          0          0        352   pow.o
         0          0          8          0          0          0   qnan.o
       110          0          0          0          0        148   sqrt.o
        86          0          0          0          0          0   __dczerorl2.o
         0          0          0          0          0          0   entry.o
         0          0          0          0          0          0   entry10a.o
         0          0          0          0          0          0   entry11a.o
         8          4          0          0          0          0   entry2.o
         4          0          0          0          0          0   entry5.o
         0          0          0          0          0          0   entry7b.o
         0          0          0          0          0          0   entry8b.o
         8          4          0          0          0          0   entry9a.o
        12          6          0          4          0         68   errno.o
        30          0          0          0          0          0   handlers.o
        36          8          0          0          0         68   init.o
         0          0          0          0          0          0   iusefp.o
        30          0          0          0          0         68   llshl.o
        36          0          0          0          0         68   llsshr.o
        32          0          0          0          0         68   llushr.o
        40          0          0          0          0         76   memcpy.o
        36          0          0          0          0        108   memseta.o
      1204         60          0          0          0        504   printf8.o
         0          0          0          4          0          0   stdout.o
        14          0          0          0          0         68   strlen.o
        98          0          0          0          0         92   uldiv.o
        48          0          0          0          0         68   cdrcmple.o
        56          0          0          0          0         88   d2f.o
       334          0          0          0          0        148   dadd.o
       222          0          0          0          0        100   ddiv.o
       186          0          0          0          0        176   depilogue.o
        62          0          0          0          0         80   dfixi.o
        50          0          0          0          0         76   dfixui.o
        34          0          0          0          0         76   dflti.o
       228          0          0          0          0         96   dmul.o
        46          0          0          0          0         80   dscalb.o
       162          0          0          0          0        100   dsqrt.o
        38          0          0          0          0         68   f2d.o
       110          0          0          0          0        168   fepilogue.o

    ----------------------------------------------------------------------
      7012        422        144          8          0       4032   Library Totals
        16          0          0          0          0          0   (incl. Padding)

    ----------------------------------------------------------------------

      Code (inc. data)   RO Data    RW Data    ZI Data      Debug   Library Name

      3746        340        144          0          0       1520   m_wm.l
      1674         82          0          8          0       1188   mc_w.l
      1576          0          0          0          0       1324   mf_w.l

    ----------------------------------------------------------------------
      7012        422        144          8          0       4032   Library Totals

    ----------------------------------------------------------------------

==============================================================================


      Code (inc. data)   RO Data    RW Data    ZI Data      Debug   

     33836       2024        624        484       3676     629339   Grand Totals
     33836       2024        624        220       3676     629339   ELF Image Totals (compressed)
     33836       2024        624        220          0          0   ROM Totals

==============================================================================

    Total RO  Size (Code + RO Data)                34460 (  33.65kB)
    Total RW  Size (RW Data + ZI Data)              4160 (   4.06kB)
    Total ROM Size (Code + RO Data + RW Data)      34680 (  33.87kB)

==============================================================================

