<html>
<body>
<pre>
<h1>µVision Build Log</h1>
<h2>Tool Versions:</h2>
IDE-Version: ¦ÌVision V5.20.0.0
Copyright (C) 2016 ARM Ltd and ARM Germany GmbH. All rights reserved.
License Information: xnq xnq, ccit, LIC=EXJJJ-UYUBT-H8VFS-LCJ5I-SK4DG-QPB75
 
Tool Versions:
Toolchain:       MDK-ARM Plus  Version: 5.20
Toolchain Path:  C:\Program Files\Keil5\ARM\ARMCC\Bin
C Compiler:      Armcc.exe V5.06 update 2 (build 183)
Assembler:       Armasm.exe V5.06 update 2 (build 183)
Linker/Locator:  ArmLink.exe V5.06 update 2 (build 183)
Library Manager: ArmAr.exe V5.06 update 2 (build 183)
Hex Converter:   FromElf.exe V5.06 update 2 (build 183)
CPU DLL:         SARMCM3.DLL V5.20
Dialog DLL:      DCM.DLL V1.13.7.0
Target DLL:      STLink\ST-LINKIII-KEIL_SWO.dll V2.0.18.0
Dialog DLL:      TCM.DLL V1.14.9.0
 
<h2>Project:</h2>
C:\Users\xnq15_000\Documents\STM32_Platform-master\applications\juma\echo\mdk-arm\echo.uvprojx
Project File Date:  07/21/2016

<h2>Output:</h2>
*** Using Compiler 'V5.06 update 2 (build 183)', folder: 'C:\Program Files\Keil5\ARM\ARMCC\Bin'
Build target 'ECHO'
compiling main.c...
compiling app.c...
compiling bluenrg_sdk_api.c...
compiling dispatch.c...
compiling stm32f401_lp_mode.c...
compiling juma_sensor.c...
compiling bluenrg_gap_aci.c...
compiling bluenrg_hal_aci.c...
compiling bluenrg_gatt_aci.c...
compiling clock.c...
compiling bluenrg_l2cap_aci.c...
compiling hci.c...
compiling gp_timer.c...
compiling list.c...
compiling osal.c...
compiling hts221.c...
compiling lsm6ds3.c...
compiling lsm303agr.c...
compiling stm32_bluenrg_ble.c...
compiling lps25hb.c...
compiling lps25h.c...
compiling LSM303AGR_ACC_driver.c...
compiling LSM303AGR_MAG_driver.c...
compiling x_nucleo_iks01a1_hum_temp.c...
compiling x_nucleo_iks01a1.c...
compiling x_nucleo_iks01a1_pressure.c...
compiling x_nucleo_iks01a1_imu_6axes.c...
compiling bsp_common.c...
compiling bsp_isr.c...
compiling stm32f4xx_hal_msp.c...
compiling stm32f4xx_hal_dma_ex.c...
compiling stm32f4xx_hal.c...
compiling stm32f4xx_hal_adc.c...
compiling stm32f4xx_hal_cortex.c...
compiling stm32f4xx_hal_adc_ex.c...
compiling stm32f4xx_hal_dma.c...
compiling stm32f4xx_hal_flash.c...
compiling stm32f4xx_hal_i2c.c...
compiling stm32f4xx_hal_pwr.c...
compiling stm32f4xx_hal_gpio.c...
compiling stm32f4xx_hal_flash_ex.c...
compiling stm32f4xx_hal_i2s.c...
compiling stm32f4xx_hal_i2s_ex.c...
compiling stm32f4xx_hal_i2c_ex.c...
compiling stm32f4xx_hal_sdram.c...
compiling stm32f4xx_hal_pwr_ex.c...
compiling stm32f4xx_hal_rcc.c...
compiling stm32f4xx_hal_rcc_ex.c...
compiling stm32f4xx_hal_rtc.c...
compiling stm32f4xx_hal_rtc_ex.c...
compiling stm32f4xx_hal_smartcard.c...
compiling stm32f4xx_hal_spi.c...
compiling stm32f4xx_hal_tim.c...
compiling stm32f4xx_hal_tim_ex.c...
compiling stm32f4xx_ll_usb.c...
compiling stm32f4xx_hal_uart.c...
compiling stm32f4xx_hal_usart.c...
assembling startup_stm32f401xe.s...
compiling stm32f4xx_hal_wwdg.c...
compiling system_stm32f4xx.c...
linking...
Program Size: Code=14632 RO-data=480 RW-data=156 ZI-data=3532  
FromELF: creating hex file...
".\Objects\echo.axf" - 0 Error(s), 0 Warning(s).

<h2>Software Packages used:</h2>

Package Vendor: ARM
                http://www.keil.com/pack/ARM.CMSIS.5.0.1.pack
                ARM::CMSIS:CORE:5.0.1
                CMSIS (Cortex Microcontroller Software Interface Standard)
   * Component: CORE Version: 5.0.1

<h2>Collection of Component include folders:</h2>
  C:\Users\xnq15_000\Documents\STM32_Platform-master\applications\juma\echo\mdk-arm\RTE
  C:\Program Files\Keil5\ARM\PACK\ARM\CMSIS\5.0.1\CMSIS\Include
  C:\Program Files\Keil5\ARM\PACK\Keil\STM32F4xx_DFP\2.11.0\Drivers\CMSIS\Device\ST\STM32F4xx\Include

<h2>Collection of Component Files used:</h2>

   * Component: ARM::CMSIS:CORE:5.0.1
Build Time Elapsed:  00:00:24
</pre>
</body>
</html>
